******************************************************************************
                  TI ARM Linker PC v20.2.6                     
******************************************************************************
>> Linked Tue May 31 16:20:42 2022

OUTPUT FILE NAME:   <test_test.out>
ENTRY POINT SYMBOL: "_c_int00"  address: 00001145


MEMORY CONFIGURATION

         name            origin    length      used     unused   attr    fill
----------------------  --------  ---------  --------  --------  ----  --------
  FLASH                 00000000   00040000  00002c92  0003d36e  R  X
  SRAM                  20000000   00008000  00002586  00005a7a  RW X


SEGMENT ALLOCATION MAP

run origin  load origin   length   init length attrs members
----------  ----------- ---------- ----------- ----- -------
00000000    00000000    00002a4c   00002a4c    r-x
  00000000    00000000    00000008   00000008    r-- .bootVecs
  00000008    00000008    00002392   00002392    r-x .text
  0000239c    0000239c    000006b0   000006b0    r-- .const
00002a4c    00002a4c    00000200   00000200    rw-
  00002a4c    00002a4c    00000200   00000200    rw- .args
00002c50    00002c50    00000048   00000048    r--
  00002c50    00002c50    00000048   00000048    r-- .cinit
20000000    20000000    00002586   00000000    rw-
  20000000    20000000    00001000   00000000    rw- .stack
  20001000    20001000    00001000   00000000    rw- .sysmem
  20002000    20002000    0000052c   00000000    rw- .bss
  2000252c    2000252c    0000005a   00000000    rw- .data


SECTION ALLOCATION MAP

 output                                  attributes/
section   page    origin      length       input sections
--------  ----  ----------  ----------   ----------------
.text      0    00000008    00002392     
                  00000008    0000034c     ti.targets.arm.rtsarm.aem4f : System.oem4f (.text:xdc_runtime_System_doPrint__I)
                  00000354    00000118                                 : Error.oem4f (.text:xdc_runtime_Error_policyDefault__E)
                  0000046c    00000100     rtsv7M4_T_le_v4SPD16_eabi.lib : memory.c.obj (.text:aligned_alloc)
                  0000056c    00000100     Boot.aem4f : Boot_sysctl.oem4f (.text:ti_catalog_arm_cortexm4_tiva_ce_Boot_sysCtlClockSetI__I)
                  0000066c    000000f8     ti.targets.arm.rtsarm.aem4f : Startup.oem4f (.text:xdc_runtime_Startup_startMods__I)
                  00000764    000000f8     build_pem4f.oem4f (.text:xdc_runtime_System_printfExtend__I)
                  0000085c    000000e4     rtsv7M4_T_le_v4SPD16_eabi.lib : memory.c.obj (.text:free)
                  00000940    000000a0     auto_init.aem4f : auto_init.oem4f (.text)
                  000009e0    000000a0     ti.targets.arm.rtsarm.aem4f : Text.oem4f (.text:xdc_runtime_Text_putMod__E)
                  00000a80    0000009c     rtsv7M4_T_le_v4SPD16_eabi.lib : memcpy_t2.asm.obj (.text)
                  00000b1c    0000009a     ti.targets.arm.rtsarm.aem4f : Text.oem4f (.text:xdc_runtime_Text_putSite__E)
                  00000bb6    00000002     rtsv7M4_T_le_v4SPD16_eabi.lib : vector.cpp.obj (.text:_ZNSt3__220__vector_base_commonILb1EEC2Ev)
                  00000bb8    00000098     Boot.aem4f : Boot.oem4f (.text:ti_catalog_arm_cortexm4_tiva_ce_Boot_sysCtlClockSet__E)
                  00000c50    0000007a     rtsv7M4_T_le_v4SPD16_eabi.lib : memset_t2.asm.obj (.text)
                  00000cca    00000074                                   : string.cpp.obj (.text:_ZNSt3__212basic_stringIcNS_11char_traitsIcEENS_9allocatorIcEEE6__initEPKcj)
                  00000d3e    00000002                                   : string.cpp.obj (.text:_ZNSt3__222__compressed_pair_elemINS_9allocatorIcEELi1ELb1EEC1IS2_vEEOT_)
                  00000d40    00000070                                   : memory.c.obj (.text:split)
                  00000db0    0000006d     ti.targets.arm.rtsarm.aem4f : System.oem4f (.text:xdc_runtime_System_formatNum__I)
                  00000e1d    00000001     --HOLE-- [fill = 0]
                  00000e1e    0000006c     ArgumentArray.obj (.text:_ZNSt3__26vectorINS_5tupleIJNS_12basic_stringIcNS_11char_traitsIcEENS_9allocatorIcEEEER8ArgumentEEENS5_ISA_EEE26__swap_out_circular_bufferERNS_14__split_bufferISA_RSB_EE)
                  00000e8a    00000002     rtsv7M4_T_le_v4SPD16_eabi.lib : stdlib_typeinfo.cpp.obj (.text:_ZNSt9type_infoD1Ev)
                  00000e8c    0000006c     ti.targets.arm.rtsarm.aem4f : Error.oem4f (.text:xdc_runtime_Error_print__E)
                  00000ef8    00000068     rtsv7M4_T_le_v4SPD16_eabi.lib : copy_decompress_lzss.c.obj (.text:decompress:lzss:__TI_decompress_lzss)
                  00000f60    00000064     ArgumentArray.obj (.text:_ZNSt3__26vectorINS_5tupleIJNS_12basic_stringIcNS_11char_traitsIcEENS_9allocatorIcEEEER8ArgumentEEENS5_ISA_EEE21__push_back_slow_pathISA_EEvOT_)
                  00000fc4    00000062     ArgumentArray.obj (.text:_ZNSt3__26vectorINS_5tupleIJNS_12basic_stringIcNS_11char_traitsIcEENS_9allocatorIcEEEER8ArgumentEEENS5_ISA_EEE9push_backEOSA_)
                  00001026    00000060     ArgumentArray.obj (.text:_ZNSt3__214__split_bufferINS_5tupleIJNS_12basic_stringIcNS_11char_traitsIcEENS_9allocatorIcEEEER8ArgumentEEERNS5_ISA_EEEC1EjjSC_)
                  00001086    00000002     rtsv7M4_T_le_v4SPD16_eabi.lib : _lock.c.obj (.text:_nop)
                  00001088    0000005e     main.obj (.text:main)
                  000010e6    00000002     rtsv7M4_T_le_v4SPD16_eabi.lib : div0.asm.obj (.text)
                  000010e8    0000005b     ti.targets.arm.rtsarm.aem4f : Text.oem4f (.text:xdc_runtime_Text_putLab__E)
                  00001143    00000001     --HOLE-- [fill = 0]
                  00001144    00000058     boot.aem4f : boot.oem4f (.text)
                  0000119c    00000058     rtsv7M4_T_le_v4SPD16_eabi.lib : hostwrite.c.obj (.text:HOSTwrite)
                  000011f4    00000056     ArgumentArray.obj (.text:_ZNKSt3__26vectorINS_5tupleIJNS_12basic_stringIcNS_11char_traitsIcEENS_9allocatorIcEEEER8ArgumentEEENS5_ISA_EEE17__annotate_deleteEv)
                  0000124a    00000054     ArgumentArray.obj (.text:_ZNKSt3__26vectorINS_5tupleIJNS_12basic_stringIcNS_11char_traitsIcEENS_9allocatorIcEEEER8ArgumentEEENS5_ISA_EEE14__annotate_newEj)
                  0000129e    00000002     ti.targets.arm.rtsarm.aem4f : GateNull.oem4f (.text:xdc_runtime_GateNull_leave__E)
                  000012a0    00000054                                 : Assert.oem4f (.text:xdc_runtime_Assert_raise__I)
                  000012f4    00000050                                 : Startup.oem4f (.text:xdc_runtime_Startup_exec__E)
                  00001344    00000050                                 : Text.oem4f (.text:xdc_runtime_Text_visitRope2__I)
                  00001394    0000004c     rtsv7M4_T_le_v4SPD16_eabi.lib : string.cpp.obj (.text:_ZNSt3__212basic_stringIcNS_11char_traitsIcEENS_9allocatorIcEEEC1ERKS5_)
                  000013e0    0000004c                                   : cpy_tbl.c.obj (.text:copy_in)
                  0000142c    0000004a     ArgumentArray.obj (.text:_ZNKSt3__26vectorINS_5tupleIJNS_12basic_stringIcNS_11char_traitsIcEENS_9allocatorIcEEEER8ArgumentEEENS5_ISA_EEE11__recommendEj)
                  00001476    00000046     ArgumentArray.obj (.text:_ZNSt3__216allocator_traitsINS_9allocatorINS_5tupleIJNS_12basic_stringIcNS_11char_traitsIcEENS1_IcEEEER8ArgumentEEEEEE20__construct_backwardIPSA_EEvRSB_T_SG_RSG_)
                  000014bc    00000044     ti.targets.arm.rtsarm.aem4f : Error.oem4f (.text:xdc_runtime_Error_setX__E)
                  00001500    00000044                                 : SysMin.oem4f (.text:xdc_runtime_SysMin_flush__E)
                  00001544    00000044                                 : Text.oem4f (.text:xdc_runtime_Text_xprintf__I)
                  00001588    00000040     ArgumentArray.obj (.text:_ZNSt3__213__vector_baseINS_5tupleIJNS_12basic_stringIcNS_11char_traitsIcEENS_9allocatorIcEEEER8ArgumentEEENS5_ISA_EEE17__destruct_at_endEPSA_)
                  000015c8    00000040     rtsv7M4_T_le_v4SPD16_eabi.lib : u_divt2.asm.obj (.text)
                  00001608    0000003e     ArgumentArray.obj (.text:_ZNSt3__25tupleIJNS_12basic_stringIcNS_11char_traitsIcEENS_9allocatorIcEEEER8ArgumentEEC1IJRS6_S8_ELb0ELb0EEEDpOT_)
                  00001646    0000003a     ArgumentArray.obj (.text:_ZN13ArgumentArray9putByNameENSt3__212basic_stringIcNS0_11char_traitsIcEENS0_9allocatorIcEEEE8Argument)
                  00001680    00000038     rtsv7M4_T_le_v4SPD16_eabi.lib : trgmsg.c.obj (.text:__TI_writemsg)
                  000016b8    00000038     ti.targets.arm.rtsarm.aem4f : SysMin.oem4f (.text:xdc_runtime_SysMin_putch__E)
                  000016f0    00000036     ArgumentArray.obj (.text:_ZNSt3__214__split_bufferINS_5tupleIJNS_12basic_stringIcNS_11char_traitsIcEENS_9allocatorIcEEEER8ArgumentEEERNS5_ISA_EEE17__destruct_at_endEPSA_NS_17integral_constantIbLb0EEE)
                  00001726    00000002     build_pem4f.oem4f (.text:xdc_runtime_Startup_reset__I)
                  00001728    00000034     rtsv7M4_T_le_v4SPD16_eabi.lib : trgmsg.c.obj (.text:__TI_readmsg)
                  0000175c    00000033     ti.targets.arm.rtsarm.aem4f : Text.oem4f (.text:xdc_runtime_Text_printVisFxn__I)
                  0000178f    00000001     --HOLE-- [fill = 0]
                  00001790    00000032     ArgumentArray.obj (.text:_ZNSt3__212__tuple_implINS_15__tuple_indicesIJLj0ELj1EEEEJNS_12basic_stringIcNS_11char_traitsIcEENS_9allocatorIcEEEER8ArgumentEEC1IJLj0ELj1EEJS8_SA_EJEJEJRS8_SA_EEENS1_IJXT_EEEENS_13__tuple_typesIJDpT0_EEENS1_IJXT1_EEEENSF_IJDpT2_EEEDpOT3_)
                  000017c2    00000030     ArgumentArray.obj (.text:_ZNSt3__29allocatorINS_5tupleIJNS_12basic_stringIcNS_11char_traitsIcEENS0_IcEEEER8ArgumentEEEE9constructIS9_JS9_EEEvPT_DpOT0_)
                  000017f2    00000002     --HOLE-- [fill = 0]
                  000017f4    00000030     ti.targets.arm.rtsarm.aem4f : SysMin.oem4f (.text:xdc_runtime_SysMin_abort__E)
                  00001824    00000030                                 : System.oem4f (.text:xdc_runtime_System_processAtExit__E)
                  00001854    0000002e     ArgumentArray.obj (.text:_ZNSt3__213__vector_baseINS_5tupleIJNS_12basic_stringIcNS_11char_traitsIcEENS_9allocatorIcEEEER8ArgumentEEENS5_ISA_EEED1Ev)
                  00001882    0000002e     ArgumentArray.obj (.text:_ZNSt3__214__split_bufferINS_5tupleIJNS_12basic_stringIcNS_11char_traitsIcEENS_9allocatorIcEEEER8ArgumentEEERNS5_ISA_EEED1Ev)
                  000018b0    0000002a     ArgumentArray.obj (.text:_ZNSt3__217__compressed_pairIPNS_5tupleIJNS_12basic_stringIcNS_11char_traitsIcEENS_9allocatorIcEEEER8ArgumentEEERNS5_ISA_EEEC1IDnSD_EEOT_OT0_)
                  000018da    0000002a     ArgumentArray.obj (.text:_ZNSt3__24swapIPNS_5tupleIJNS_12basic_stringIcNS_11char_traitsIcEENS_9allocatorIcEEEER8ArgumentEEEEENS_9enable_ifIXaasr3std3__221is_move_constructibleIT_EE5valuesr3std3__218is_move_assignableISD_EE5valueEvE4typeERSD_SG_)
                  00001904    0000002a     ti.targets.arm.rtsarm.aem4f : System.oem4f (.text:xdc_runtime_System_putchar__I)
                  0000192e    00000028     ArgumentArray.obj (.text:_ZNSt3__213__vector_baseINS_5tupleIJNS_12basic_stringIcNS_11char_traitsIcEENS_9allocatorIcEEEER8ArgumentEEENS5_ISA_EEEC1Ev)
                  00001956    00000002     --HOLE-- [fill = 0]
                  00001958    00000028     ArgumentArray.obj (.text:_ZNSt3__29allocatorINS_5tupleIJNS_12basic_stringIcNS_11char_traitsIcEENS0_IcEEEER8ArgumentEEEE8allocateEjPKv)
                  00001980    00000028     rtsv7M4_T_le_v4SPD16_eabi.lib : memory.c.obj (.text:free_list_insert)
                  000019a8    00000026     ti.targets.arm.rtsarm.aem4f : System.oem4f (.text:xdc_runtime_System_avprintf__E)
                  000019ce    00000024     ArgumentArray.obj (.text:_ZNKSt3__26vectorINS_5tupleIJNS_12basic_stringIcNS_11char_traitsIcEENS_9allocatorIcEEEER8ArgumentEEENS5_ISA_EEE8max_sizeEv)
                  000019f2    00000024     rtsv7M4_T_le_v4SPD16_eabi.lib : string.cpp.obj (.text:_ZNSt3__212basic_stringIcNS_11char_traitsIcEENS_9allocatorIcEEEC1EOS5_)
                  00001a16    00000024     ArgumentArray.obj (.text:_ZNSt3__216allocator_traitsINS_9allocatorINS_5tupleIJNS_12basic_stringIcNS_11char_traitsIcEENS1_IcEEEER8ArgumentEEEEEE11__constructISA_JSA_EEEvNS_17integral_constantIbLb1EEERSB_PT_DpOT0_)
                  00001a3a    00000024     ArgumentArray.obj (.text:_ZNSt3__216allocator_traitsINS_9allocatorINS_5tupleIJNS_12basic_stringIcNS_11char_traitsIcEENS1_IcEEEER8ArgumentEEEEEE9constructISA_JSA_EEEvRSB_PT_DpOT0_)
                  00001a5e    00000024     ti.targets.arm.rtsarm.aem4f : System.oem4f (.text:xdc_runtime_System_vprintf__E)
                  00001a82    00000022     rtsv7M4_T_le_v4SPD16_eabi.lib : new.cpp.obj (.text:_Znwj)
                  00001aa4    00000022     build_pem4f.oem4f (.text:xdc_runtime_SysMin_output__I)
                  00001ac6    00000020     ArgumentArray.obj (.text:_ZN13ArgumentArray10getByIndexEtP8Argument)
                  00001ae6    00000020     rtsv7M4_T_le_v4SPD16_eabi.lib : string.cpp.obj (.text:_ZNSt3__212basic_stringIcNS_11char_traitsIcEENS_9allocatorIcEEED1Ev)
                  00001b06    00000002     --HOLE-- [fill = 0]
                  00001b08    00000020     ti.targets.arm.rtsarm.aem4f : Registry.oem4f (.text:xdc_runtime_Registry_findById__E)
                  00001b28    00000020                                 : SysMin.oem4f (.text:xdc_runtime_SysMin_Module_startup__E)
                  00001b48    0000001e     ArgumentArray.obj (.text:_ZNKSt3__26__lessIjjEclERKjS3_)
                  00001b66    0000001e     rtsv7M4_T_le_v4SPD16_eabi.lib : string.cpp.obj (.text:_ZNSt3__212basic_stringIcNS_11char_traitsIcEENS_9allocatorIcEEEC1EPKc)
                  00001b84    0000001e     ArgumentArray.obj (.text:_ZNSt3__217__compressed_pairIPNS_5tupleIJNS_12basic_stringIcNS_11char_traitsIcEENS_9allocatorIcEEEER8ArgumentEEENS5_ISA_EEEC1IDnLb1EEEOT_)
                  00001ba2    0000001e     ArgumentArray.obj (.text:_ZNSt3__23maxIjNS_6__lessIjjEEEERKT_S5_S5_T0_)
                  00001bc0    0000001e     ArgumentArray.obj (.text:_ZNSt3__23minIjNS_6__lessIjjEEEERKT_S5_S5_T0_)
                  00001bde    00000002     --HOLE-- [fill = 0]
                  00001be0    0000001c     ArgumentArray.obj (.text:_ZN13ArgumentArrayC1Ev)
                  00001bfc    0000001c     main.obj (.text:_ZNSt3__211char_traitsIcE4copyEPcPKcj)
                  00001c18    0000001c     rtsv7M4_T_le_v4SPD16_eabi.lib : memory.c.obj (.text:free_list_remove)
                  00001c34    0000001c     ti.targets.arm.rtsarm.aem4f : Error.oem4f (.text:xdc_runtime_Error_raiseX__E)
                  00001c50    0000001c                                 : SysMin.oem4f (.text:xdc_runtime_SysMin_exit__E)
                  00001c6c    0000001c                                 : System.oem4f (.text:xdc_runtime_System_abort__E)
                  00001c88    0000001a     ArgumentArray.obj (.text:_ZNSt3__212__tuple_implINS_15__tuple_indicesIJLj0ELj1EEEEJNS_12basic_stringIcNS_11char_traitsIcEENS_9allocatorIcEEEER8ArgumentEEC1EOSB_)
                  00001ca2    0000001a     build_pem4f.oem4f (.text:xdc_runtime_System_aprintf__E)
                  00001cbc    0000001a     build_pem4f.oem4f (.text:xdc_runtime_System_printf__E)
                  00001cd6    00000018     ArgumentArray.obj (.text:_ZNSt3__212__tuple_leafILj0ENS_12basic_stringIcNS_11char_traitsIcEENS_9allocatorIcEEEELb0EEC1IRS6_vEEOT_)
                  00001cee    00000002     --HOLE-- [fill = 0]
                  00001cf0    00000018     rtsv7M4_T_le_v4SPD16_eabi.lib : args_main.c.obj (.text:_args_main)
                  00001d08    00000018     ti.targets.arm.rtsarm.aem4f : System.oem4f (.text:xdc_runtime_System_exit__E)
                  00001d20    00000018                                 : Text.oem4f (.text:xdc_runtime_Text_ropeText__E)
                  00001d38    00000016     ArgumentArray.obj (.text:_ZNKSt3__213__vector_baseINS_5tupleIJNS_12basic_stringIcNS_11char_traitsIcEENS_9allocatorIcEEEER8ArgumentEEENS5_ISA_EEE8capacityEv)
                  00001d4e    00000016     ArgumentArray.obj (.text:_ZNKSt3__214__split_bufferINS_5tupleIJNS_12basic_stringIcNS_11char_traitsIcEENS_9allocatorIcEEEER8ArgumentEEERNS5_ISA_EEE8capacityEv)
                  00001d64    00000016     ArgumentArray.obj (.text:_ZNKSt3__26vectorINS_5tupleIJNS_12basic_stringIcNS_11char_traitsIcEENS_9allocatorIcEEEER8ArgumentEEENS5_ISA_EEE4sizeEv)
                  00001d7a    00000016     ArgumentArray.obj (.text:_ZNSt3__222__compressed_pair_elemIPNS_5tupleIJNS_12basic_stringIcNS_11char_traitsIcEENS_9allocatorIcEEEER8ArgumentEEELi0ELb0EEC1IDnvEEOT_)
                  00001d90    00000016     ArgumentArray.obj (.text:_ZNSt3__26vectorINS_5tupleIJNS_12basic_stringIcNS_11char_traitsIcEENS_9allocatorIcEEEER8ArgumentEEENS5_ISA_EEEixEj)
                  00001da6    00000014     ArgumentArray.obj (.text:_ZN13ArgumentArrayD0Ev)
                  00001dba    00000014     main.obj (.text:_ZNSt3__211char_traitsIcE6assignERcRKc)
                  00001dce    00000014     ArgumentArray.obj (.text:_ZNSt3__212__tuple_leafILj1ER8ArgumentLb0EEC1IS2_vEEOT_)
                  00001de2    00000014     ArgumentArray.obj (.text:_ZNSt3__214__split_bufferINS_5tupleIJNS_12basic_stringIcNS_11char_traitsIcEENS_9allocatorIcEEEER8ArgumentEEERNS5_ISA_EEE17__destruct_at_endEPSA_)
                  00001df6    00000014     ArgumentArray.obj (.text:_ZNSt3__216allocator_traitsINS_9allocatorINS_5tupleIJNS_12basic_stringIcNS_11char_traitsIcEENS1_IcEEEER8ArgumentEEEEEE10deallocateERSB_PSA_j)
                  00001e0a    00000014     ArgumentArray.obj (.text:_ZNSt3__216allocator_traitsINS_9allocatorINS_5tupleIJNS_12basic_stringIcNS_11char_traitsIcEENS1_IcEEEER8ArgumentEEEEEE7destroyISA_EEvRSB_PT_)
                  00001e1e    00000014     ArgumentArray.obj (.text:_ZNSt3__216allocator_traitsINS_9allocatorINS_5tupleIJNS_12basic_stringIcNS_11char_traitsIcEENS1_IcEEEER8ArgumentEEEEEE9__destroyISA_EEvNS_17integral_constantIbLb1EEERSB_PT_)
                  00001e32    00000014     ArgumentArray.obj (.text:_ZNSt3__222__compressed_pair_elemIRNS_9allocatorINS_5tupleIJNS_12basic_stringIcNS_11char_traitsIcEENS1_IcEEEER8ArgumentEEEEELi1ELb0EEC1ISC_vEEOT_)
                  00001e46    00000014     ArgumentArray.obj (.text:_ZNSt3__23maxIjEERKT_S3_S3_)
                  00001e5a    00000014     ArgumentArray.obj (.text:_ZNSt3__23minIjEERKT_S3_S3_)
                  00001e6e    00000014     rtsv7M4_T_le_v4SPD16_eabi.lib : strlen.c.obj (.text:strlen)
                  00001e82    00000012     ArgumentArray.obj (.text:_ZNSt3__212__tuple_leafILj0ENS_12basic_stringIcNS_11char_traitsIcEENS_9allocatorIcEEEELb0EEC1EOS7_)
                  00001e94    00000012     ArgumentArray.obj (.text:_ZNSt3__216allocator_traitsINS_9allocatorINS_5tupleIJNS_12basic_stringIcNS_11char_traitsIcEENS1_IcEEEER8ArgumentEEEEEE8allocateERSB_j)
                  00001ea6    00000012     main.obj (.text:_ZNSt3__222__compressed_pair_elemINS_12basic_stringIcNS_11char_traitsIcEENS_9allocatorIcEEE5__repELi0ELb0EEC1Ev)
                  00001eb8    00000012     ArgumentArray.obj (.text:_ZNSt3__25tupleIJNS_12basic_stringIcNS_11char_traitsIcEENS_9allocatorIcEEEER8ArgumentEEC1EOS9_)
                  00001eca    00000010     ArgumentArray.obj (.text:_ZN13ArgumentArrayD1Ev)
                  00001eda    00000010     ArgumentArray.obj (.text:_ZNKSt3__26vectorINS_5tupleIJNS_12basic_stringIcNS_11char_traitsIcEENS_9allocatorIcEEEER8ArgumentEEENS5_ISA_EEE31__annotate_contiguous_containerEPKvSE_SE_SE_)
                  00001eea    00000010     ArgumentArray.obj (.text:_ZNSt3__212__tuple_leafILj0ENS_12basic_stringIcNS_11char_traitsIcEENS_9allocatorIcEEEELb0EEC2EOS7_)
                  00001efa    00000010     ArgumentArray.obj (.text:_ZNSt3__212__tuple_leafILj0ENS_12basic_stringIcNS_11char_traitsIcEENS_9allocatorIcEEEELb0EEC2IRS6_vEEOT_)
                  00001f0a    00000010     ArgumentArray.obj (.text:_ZNSt3__212__tuple_leafILj1ER8ArgumentLb0EEC2IS2_vEEOT_)
                  00001f1a    00000010     ArgumentArray.obj (.text:_ZNSt3__213__vector_baseINS_5tupleIJNS_12basic_stringIcNS_11char_traitsIcEENS_9allocatorIcEEEER8ArgumentEEENS5_ISA_EEE5clearEv)
                  00001f2a    00000010     ArgumentArray.obj (.text:_ZNSt3__214__split_bufferINS_5tupleIJNS_12basic_stringIcNS_11char_traitsIcEENS_9allocatorIcEEEER8ArgumentEEERNS5_ISA_EEE5clearEv)
                  00001f3a    00000010     ArgumentArray.obj (.text:_ZNSt3__216allocator_traitsINS_9allocatorINS_5tupleIJNS_12basic_stringIcNS_11char_traitsIcEENS1_IcEEEER8ArgumentEEEEEE10__max_sizeENS_17integral_constantIbLb1EEERKSB_)
                  00001f4a    00000010     ArgumentArray.obj (.text:_ZNSt3__216allocator_traitsINS_9allocatorINS_5tupleIJNS_12basic_stringIcNS_11char_traitsIcEENS1_IcEEEER8ArgumentEEEEEE8max_sizeERKSB_)
                  00001f5a    00000010     ArgumentArray.obj (.text:_ZNSt3__222__compressed_pair_elemIPNS_5tupleIJNS_12basic_stringIcNS_11char_traitsIcEENS_9allocatorIcEEEER8ArgumentEEELi0ELb0EEC2IDnvEEOT_)
                  00001f6a    00000010     ArgumentArray.obj (.text:_ZNSt3__222__compressed_pair_elemIRNS_9allocatorINS_5tupleIJNS_12basic_stringIcNS_11char_traitsIcEENS1_IcEEEER8ArgumentEEEEELi1ELb0EEC2ISC_vEEOT_)
                  00001f7a    00000010     ArgumentArray.obj (.text:_ZNSt3__26vectorINS_5tupleIJNS_12basic_stringIcNS_11char_traitsIcEENS_9allocatorIcEEEER8ArgumentEEENS5_ISA_EEE24__RAII_IncreaseAnnotatorC1ERKSC_j)
                  00001f8a    00000010     ArgumentArray.obj (.text:_ZNSt3__29allocatorINS_5tupleIJNS_12basic_stringIcNS_11char_traitsIcEENS0_IcEEEER8ArgumentEEEE10deallocateEPS9_j)
                  00001f9a    00000002     --HOLE-- [fill = 0]
                  00001f9c    00000010     ti.targets.arm.rtsarm.aem4f : Gate.oem4f (.text:xdc_runtime_Gate_leaveSystem__E)
                  00001fac    00000010                                 : SysMin.oem4f (.text:xdc_runtime_SysMin_ready__E)
                  00001fbc    00000010                                 : System.oem4f (.text:xdc_runtime_System_vsnprintf__E)
                  00001fcc    00000010     build_pem4f.oem4f (.text:xdc_runtime_Text_visitRope__I)
                  00001fdc    0000000e     rtsv7M4_T_le_v4SPD16_eabi.lib : typeinfo.c.obj (.text:_ZN10__cxxabiv117__class_type_infoD0Ev)
                  00001fea    0000000e                                   : typeinfo.c.obj (.text:_ZN10__cxxabiv120__si_class_type_infoD0Ev)
                  00001ff8    0000000e     Argument.obj (.text:_ZN8ArgumentC1ERKS_)
                  00002006    0000000e     ArgumentArray.obj (.text:_ZNKSt3__213__vector_baseINS_5tupleIJNS_12basic_stringIcNS_11char_traitsIcEENS_9allocatorIcEEEER8ArgumentEEENS5_ISA_EEE7__allocEv)
                  00002014    0000000e     ArgumentArray.obj (.text:_ZNKSt3__213__vector_baseINS_5tupleIJNS_12basic_stringIcNS_11char_traitsIcEENS_9allocatorIcEEEER8ArgumentEEENS5_ISA_EEE9__end_capEv)
                  00002022    0000000e     ArgumentArray.obj (.text:_ZNKSt3__214__split_bufferINS_5tupleIJNS_12basic_stringIcNS_11char_traitsIcEENS_9allocatorIcEEEER8ArgumentEEERNS5_ISA_EEE9__end_capEv)
                  00002030    0000000e     ArgumentArray.obj (.text:_ZNKSt3__26vectorINS_5tupleIJNS_12basic_stringIcNS_11char_traitsIcEENS_9allocatorIcEEEER8ArgumentEEENS5_ISA_EEE4dataEv)
                  0000203e    0000000e     ArgumentArray.obj (.text:_ZNKSt3__29allocatorINS_5tupleIJNS_12basic_stringIcNS_11char_traitsIcEENS0_IcEEEER8ArgumentEEEE8max_sizeEv)
                  0000204c    0000000e     ArgumentArray.obj (.text:_ZNSt3__212__tuple_implINS_15__tuple_indicesIJLj0ELj1EEEEJNS_12basic_stringIcNS_11char_traitsIcEENS_9allocatorIcEEEER8ArgumentEED1Ev)
                  0000205a    0000000e     ArgumentArray.obj (.text:_ZNSt3__212__tuple_leafILj0ENS_12basic_stringIcNS_11char_traitsIcEENS_9allocatorIcEEEELb0EED1Ev)
                  00002068    0000000e     ArgumentArray.obj (.text:_ZNSt3__212__tuple_leafILj1ER8ArgumentLb0EE3getEv)
                  00002076    0000000e     ArgumentArray.obj (.text:_ZNSt3__213__vector_baseINS_5tupleIJNS_12basic_stringIcNS_11char_traitsIcEENS_9allocatorIcEEEER8ArgumentEEENS5_ISA_EEE7__allocEv)
                  00002084    0000000e     ArgumentArray.obj (.text:_ZNSt3__213__vector_baseINS_5tupleIJNS_12basic_stringIcNS_11char_traitsIcEENS_9allocatorIcEEEER8ArgumentEEENS5_ISA_EEE9__end_capEv)
                  00002092    0000000e     ArgumentArray.obj (.text:_ZNSt3__214__split_bufferINS_5tupleIJNS_12basic_stringIcNS_11char_traitsIcEENS_9allocatorIcEEEER8ArgumentEEERNS5_ISA_EEE7__allocEv)
                  000020a0    0000000e     ArgumentArray.obj (.text:_ZNSt3__214__split_bufferINS_5tupleIJNS_12basic_stringIcNS_11char_traitsIcEENS_9allocatorIcEEEER8ArgumentEEERNS5_ISA_EEE9__end_capEv)
                  000020ae    0000000e     ArgumentArray.obj (.text:_ZNSt3__217__compressed_pairIPNS_5tupleIJNS_12basic_stringIcNS_11char_traitsIcEENS_9allocatorIcEEEER8ArgumentEEERNS5_ISA_EEE6secondEv)
                  000020bc    0000000e     ArgumentArray.obj (.text:_ZNSt3__222__compressed_pair_elemINS_9allocatorINS_5tupleIJNS_12basic_stringIcNS_11char_traitsIcEENS1_IcEEEER8ArgumentEEEEELi1ELb1EEC1Ev)
                  000020ca    0000000e     ArgumentArray.obj (.text:_ZNSt3__222__compressed_pair_elemIRNS_9allocatorINS_5tupleIJNS_12basic_stringIcNS_11char_traitsIcEENS1_IcEEEER8ArgumentEEEEELi1ELb0EE5__getEv)
                  000020d8    0000000e     ArgumentArray.obj (.text:_ZNSt3__23getILj1EJNS_12basic_stringIcNS_11char_traitsIcEENS_9allocatorIcEEEER8ArgumentEEERNS_13tuple_elementIXT_ENS_5tupleIJDpT0_EEEE4typeERSD_)
                  000020e6    0000000e     ArgumentArray.obj (.text:_ZNSt3__25tupleIJNS_12basic_stringIcNS_11char_traitsIcEENS_9allocatorIcEEEER8ArgumentEED1Ev)
                  000020f4    0000000e     ArgumentArray.obj (.text:_ZNSt3__26vectorINS_5tupleIJNS_12basic_stringIcNS_11char_traitsIcEENS_9allocatorIcEEEER8ArgumentEEENS5_ISA_EEEC1Ev)
                  00002102    0000000e     ArgumentArray.obj (.text:_ZNSt3__26vectorINS_5tupleIJNS_12basic_stringIcNS_11char_traitsIcEENS_9allocatorIcEEEER8ArgumentEEENS5_ISA_EEED1Ev)
                  00002110    0000000e     ArgumentArray.obj (.text:_ZNSt3__29allocatorINS_5tupleIJNS_12basic_stringIcNS_11char_traitsIcEENS0_IcEEEER8ArgumentEEEE7destroyEPS9_)
                  0000211e    0000000e     ArgumentArray.obj (.text:_ZnwjPv)
                  0000212c    0000000e     rtsv7M4_T_le_v4SPD16_eabi.lib : copy_decompress_none.c.obj (.text:decompress:none:__TI_decompress_none)
                  0000213a    00000002     --HOLE-- [fill = 0]
                  0000213c    0000000c     build_pem4f.oem4f (.text:.bootCodeSection:ti_catalog_arm_cortexm4_tiva_ce_Boot_init__I)
                  00002148    0000000c     Argument.obj (.text:_ZN8ArgumentC1Ev)
                  00002154    0000000c     Argument.obj (.text:_ZN8ArgumentD1Ev)
                  00002160    0000000c     ArgumentArray.obj (.text:_ZNKSt3__217__compressed_pairIPNS_5tupleIJNS_12basic_stringIcNS_11char_traitsIcEENS_9allocatorIcEEEER8ArgumentEEENS5_ISA_EEE5firstEv)
                  0000216c    0000000c     ArgumentArray.obj (.text:_ZNKSt3__217__compressed_pairIPNS_5tupleIJNS_12basic_stringIcNS_11char_traitsIcEENS_9allocatorIcEEEER8ArgumentEEENS5_ISA_EEE6secondEv)
                  00002178    0000000c     ArgumentArray.obj (.text:_ZNKSt3__217__compressed_pairIPNS_5tupleIJNS_12basic_stringIcNS_11char_traitsIcEENS_9allocatorIcEEEER8ArgumentEEERNS5_ISA_EEE5firstEv)
                  00002184    0000000c     rtsv7M4_T_le_v4SPD16_eabi.lib : vector.cpp.obj (.text:_ZNKSt3__220__vector_base_commonILb1EE20__throw_length_errorEv)
                  00002190    0000000c                                   : string.cpp.obj (.text:_ZNKSt3__221__basic_string_commonILb1EE20__throw_length_errorEv)
                  0000219c    0000000c     main.obj (.text:_ZNKSt3__222__compressed_pair_elemINS_12basic_stringIcNS_11char_traitsIcEENS_9allocatorIcEEE5__repELi0ELb0EE5__getEv)
                  000021a8    0000000c     ArgumentArray.obj (.text:_ZNKSt3__222__compressed_pair_elemINS_9allocatorINS_5tupleIJNS_12basic_stringIcNS_11char_traitsIcEENS1_IcEEEER8ArgumentEEEEELi1ELb1EE5__getEv)
                  000021b4    0000000c     ArgumentArray.obj (.text:_ZNKSt3__222__compressed_pair_elemIPNS_5tupleIJNS_12basic_stringIcNS_11char_traitsIcEENS_9allocatorIcEEEER8ArgumentEEELi0ELb0EE5__getEv)
                  000021c0    0000000c     ArgumentArray.obj (.text:_ZNKSt3__26vectorINS_5tupleIJNS_12basic_stringIcNS_11char_traitsIcEENS_9allocatorIcEEEER8ArgumentEEENS5_ISA_EEE8capacityEv)
                  000021cc    0000000c     main.obj (.text:_ZNSt3__210__allocateEj)
                  000021d8    0000000c     main.obj (.text:_ZNSt3__211char_traitsIcE6lengthEPKc)
                  000021e4    0000000c     ArgumentArray.obj (.text:_ZNSt3__212__tuple_leafILj0ENS_12basic_stringIcNS_11char_traitsIcEENS_9allocatorIcEEEELb0EED2Ev)
                  000021f0    0000000c     ArgumentArray.obj (.text:_ZNSt3__213__vector_baseINS_5tupleIJNS_12basic_stringIcNS_11char_traitsIcEENS_9allocatorIcEEEER8ArgumentEEENS5_ISA_EEEC2Ev)
                  000021fc    0000000c     ArgumentArray.obj (.text:_ZNSt3__213__vector_baseINS_5tupleIJNS_12basic_stringIcNS_11char_traitsIcEENS_9allocatorIcEEEER8ArgumentEEENS5_ISA_EEED2Ev)
                  00002208    0000000c     ArgumentArray.obj (.text:_ZNSt3__216__to_raw_pointerINS_5tupleIJNS_12basic_stringIcNS_11char_traitsIcEENS_9allocatorIcEEEER8ArgumentEEEEEPT_SC_)
                  00002214    0000000c     ArgumentArray.obj (.text:_ZNSt3__216move_if_noexceptINS_5tupleIJNS_12basic_stringIcNS_11char_traitsIcEENS_9allocatorIcEEEER8ArgumentEEEEENS_11conditionalIXaantsr3std3__229is_nothrow_move_constructibleIT_EE5valuesr3std3__221is_copy_constructibleISC_EE5valueERKSC_OSC_E4typeERSC_)
                  00002220    0000000c     ArgumentArray.obj (.text:_ZNSt3__217__compressed_pairIPNS_5tupleIJNS_12basic_stringIcNS_11char_traitsIcEENS_9allocatorIcEEEER8ArgumentEEENS5_ISA_EEE5firstEv)
                  0000222c    0000000c     ArgumentArray.obj (.text:_ZNSt3__217__compressed_pairIPNS_5tupleIJNS_12basic_stringIcNS_11char_traitsIcEENS_9allocatorIcEEEER8ArgumentEEENS5_ISA_EEE6secondEv)
                  00002238    0000000c     ArgumentArray.obj (.text:_ZNSt3__217__compressed_pairIPNS_5tupleIJNS_12basic_stringIcNS_11char_traitsIcEENS_9allocatorIcEEEER8ArgumentEEERNS5_ISA_EEE5firstEv)
                  00002244    0000000c     main.obj (.text:_ZNSt3__219__libcpp_deallocateEPv)
                  00002250    0000000c     main.obj (.text:_ZNSt3__222__compressed_pair_elemINS_12basic_stringIcNS_11char_traitsIcEENS_9allocatorIcEEE5__repELi0ELb0EE5__getEv)
                  0000225c    0000000c     main.obj (.text:_ZNSt3__222__compressed_pair_elemINS_12basic_stringIcNS_11char_traitsIcEENS_9allocatorIcEEE5__repELi0ELb0EEC2Ev)
                  00002268    0000000c     ArgumentArray.obj (.text:_ZNSt3__222__compressed_pair_elemINS_9allocatorINS_5tupleIJNS_12basic_stringIcNS_11char_traitsIcEENS1_IcEEEER8ArgumentEEEEELi1ELb1EE5__getEv)
                  00002274    0000000c     ArgumentArray.obj (.text:_ZNSt3__222__compressed_pair_elemINS_9allocatorINS_5tupleIJNS_12basic_stringIcNS_11char_traitsIcEENS1_IcEEEER8ArgumentEEEEELi1ELb1EEC2Ev)
                  00002280    0000000c     ArgumentArray.obj (.text:_ZNSt3__222__compressed_pair_elemIPNS_5tupleIJNS_12basic_stringIcNS_11char_traitsIcEENS_9allocatorIcEEEER8ArgumentEEELi0ELb0EE5__getEv)
                  0000228c    0000000c     ArgumentArray.obj (.text:_ZNSt3__24moveIRNS_5tupleIJNS_12basic_stringIcNS_11char_traitsIcEENS_9allocatorIcEEEER8ArgumentEEEEEONS_16remove_referenceIT_E4typeEOSD_)
                  00002298    0000000c     ArgumentArray.obj (.text:_ZNSt3__24moveIRPNS_5tupleIJNS_12basic_stringIcNS_11char_traitsIcEENS_9allocatorIcEEEER8ArgumentEEEEEONS_16remove_referenceIT_E4typeEOSE_)
                  000022a4    0000000c     ArgumentArray.obj (.text:_ZNSt3__27forwardIDnEEOT_RNS_16remove_referenceIS1_E4typeE)
                  000022b0    0000000c     ArgumentArray.obj (.text:_ZNSt3__27forwardINS_5tupleIJNS_12basic_stringIcNS_11char_traitsIcEENS_9allocatorIcEEEER8ArgumentEEEEEOT_RNS_16remove_referenceISB_E4typeE)
                  000022bc    0000000c     ArgumentArray.obj (.text:_ZNSt3__27forwardIR8ArgumentEEOT_RNS_16remove_referenceIS3_E4typeE)
                  000022c8    0000000c     ArgumentArray.obj (.text:_ZNSt3__27forwardIRNS_12basic_stringIcNS_11char_traitsIcEENS_9allocatorIcEEEEEEOT_RNS_16remove_referenceIS8_E4typeE)
                  000022d4    0000000c     ArgumentArray.obj (.text:_ZNSt3__27forwardIRNS_9allocatorINS_5tupleIJNS_12basic_stringIcNS_11char_traitsIcEENS1_IcEEEER8ArgumentEEEEEEEOT_RNS_16remove_referenceISD_E4typeE)
                  000022e0    0000000c     ArgumentArray.obj (.text:_ZNSt3__29allocatorINS_5tupleIJNS_12basic_stringIcNS_11char_traitsIcEENS0_IcEEEER8ArgumentEEEEC1Ev)
                  000022ec    0000000c     ArgumentArray.obj (.text:_ZNSt3__29allocatorINS_5tupleIJNS_12basic_stringIcNS_11char_traitsIcEENS0_IcEEEER8ArgumentEEEEC2Ev)
                  000022f8    0000000c     rtsv7M4_T_le_v4SPD16_eabi.lib : new.cpp.obj (.text:_ZSt15get_new_handlerv)
                  00002304    0000000c                                   : copy_zero_init.c.obj (.text:decompress:ZI:__TI_zero_init)
                  00002310    0000000c     ti.targets.arm.rtsarm.aem4f : Error.oem4f (.text:xdc_runtime_Error_init__E)
                  0000231c    0000000c                                 : Gate.oem4f (.text:xdc_runtime_Gate_enterSystem__E)
                  00002328    0000000c     build_pem4f.oem4f (.text:xdc_runtime_Startup_exec__I)
                  00002334    0000000a     main.obj (.text:_ZNSt3__220__throw_length_errorEPKc)
                  0000233e    0000000a     ArgumentArray.obj (.text:_ZNSt3__26vectorINS_5tupleIJNS_12basic_stringIcNS_11char_traitsIcEENS_9allocatorIcEEEER8ArgumentEEENS5_ISA_EEE24__RAII_IncreaseAnnotator6__doneEv)
                  00002348    0000000a     ArgumentArray.obj (.text:_ZNSt3__26vectorINS_5tupleIJNS_12basic_stringIcNS_11char_traitsIcEENS_9allocatorIcEEEER8ArgumentEEENS5_ISA_EEE26__invalidate_all_iteratorsEv)
                  00002352    00000008     rtsv7M4_T_le_v4SPD16_eabi.lib : new.cpp.obj (.text:_ZdlPv)
                  0000235a    00000008                                   : memory.c.obj (.text:malloc)
                  00002362    00000006     Boot.aem4f : Boot_sysctl.oem4f (.text:ti_catalog_arm_cortexm4_tiva_ce_Boot_sysCtlDelayI__I)
                  00002368    00000006     ti.targets.arm.rtsarm.aem4f : System.oem4f (.text:xdc_runtime_System_Module_startup__E)
                  0000236e    00000004     rtsv7M4_T_le_v4SPD16_eabi.lib : typeinfo.c.obj (.text:_ZN10__cxxabiv117__class_type_infoD1Ev)
                  00002372    00000004                                   : typeinfo.c.obj (.text:_ZN10__cxxabiv120__si_class_type_infoD1Ev)
                  00002376    00000004                                   : string.cpp.obj (.text:_ZNSt3__222__compressed_pair_elemINS_9allocatorIcEELi1ELb1EEC2IS2_vEEOT_)
                  0000237a    00000004                                   : new.cpp.obj (.text:_ZdlPvj)
                  0000237e    00000004                                   : exit.c.obj (.text:abort:abort)
                  00002382    00000004     ti.targets.arm.rtsarm.aem4f : Error.oem4f (.text:xdc_runtime_Error_getSite__E)
                  00002386    00000004                                 : GateNull.oem4f (.text:xdc_runtime_GateNull_enter__E)
                  0000238a    00000004     build_pem4f.oem4f (.text:xdc_runtime_System_Module_GateProxy_enter__E)
                  0000238e    00000004     build_pem4f.oem4f (.text:xdc_runtime_System_Module_GateProxy_leave__E)
                  00002392    00000004     ti.targets.arm.rtsarm.aem4f : System.oem4f (.text:xdc_runtime_System_aprintf_va__F)
                  00002396    00000004                                 : System.oem4f (.text:xdc_runtime_System_printf_va__F)

.const     0    0000239c    000006b0     
                  0000239c    00000473     build_pem4f.oem4f (.const:xdc_runtime_Text_charTab__A)
                  0000280f    00000001     build_pem4f.oem4f (.const:xdc_runtime_Error_policy__C)
                  00002810    00000060     build_pem4f.oem4f (.const:xdc_runtime_Text_nodeTab__A)
                  00002870    00000044     ArgumentArray.obj (.const:.string:_ZZNSt3__29allocatorINS_5tupleIJNS_12basic_stringIcNS_11char_traitsIcEENS0_IcEEEER8ArgumentEEEE8allocateEjPKvEs)
                  000028b4    00000030     rtsv7M4_T_le_v4SPD16_eabi.lib : string.cpp.obj (.const:$O1$$)
                  000028e4    00000025                                   : typeinfo.c.obj (.const:.typeinfo:_ZTSN10__cxxabiv120__si_class_type_infoE)
                  00002909    00000022                                   : typeinfo.c.obj (.const:.typeinfo:_ZTSN10__cxxabiv117__class_type_infoE)
                  0000292b    00000010     ArgumentArray.obj (.const:.typeinfo:_ZTS13ArgumentArray)
                  0000293b    00000001     --HOLE-- [fill = 0]
                  0000293c    00000010     ArgumentArray.obj (.const:_ZTV13ArgumentArray)
                  0000294c    00000010     rtsv7M4_T_le_v4SPD16_eabi.lib : typeinfo.c.obj (.const:_ZTVN10__cxxabiv117__class_type_infoE)
                  0000295c    00000010                                   : typeinfo.c.obj (.const:_ZTVN10__cxxabiv120__si_class_type_infoE)
                  0000296c    0000000d                                   : string.cpp.obj (.const:.string:_ZZNKSt3__221__basic_string_commonILb1EE20__throw_length_errorEvEs)
                  00002979    0000000d                                   : stdlib_typeinfo.cpp.obj (.const:.typeinfo:_ZTSSt9type_info)
                  00002986    00000002     build_pem4f.oem4f (.const:ti_catalog_arm_cortexm4_tiva_ce_Boot_Module__id__C)
                  00002988    0000000c     rtsv7M4_T_le_v4SPD16_eabi.lib : typeinfo.c.obj (.const:.typeinfo:_ZTIN10__cxxabiv117__class_type_infoE)
                  00002994    0000000c                                   : typeinfo.c.obj (.const:.typeinfo:_ZTIN10__cxxabiv120__si_class_type_infoE)
                  000029a0    00000008     ArgumentArray.obj (.const:.typeinfo:_ZTI13ArgumentArray)
                  000029a8    00000008     rtsv7M4_T_le_v4SPD16_eabi.lib : stdlib_typeinfo.cpp.obj (.const:.typeinfo:_ZTISt9type_info)
                  000029b0    00000008     build_pem4f.oem4f (.const:xdc_runtime_Startup_firstFxns__C)
                  000029b8    00000008     build_pem4f.oem4f (.const:xdc_runtime_Startup_lastFxns__C)
                  000029c0    00000008     build_pem4f.oem4f (.const:xdc_runtime_Startup_sfxnTab__A)
                  000029c8    00000007     rtsv7M4_T_le_v4SPD16_eabi.lib : vector.cpp.obj (.const:.string:_ZZNKSt3__220__vector_base_commonILb1EE20__throw_length_errorEvEs)
                  000029cf    00000001     --HOLE-- [fill = 0]
                  000029d0    00000004     build_pem4f.oem4f (.const:ti_catalog_arm_cortexm4_tiva_ce_Boot_A_mustUseEnhancedClockMode__C)
                  000029d4    00000004     build_pem4f.oem4f (.const:ti_catalog_arm_cortexm4_tiva_ce_Boot_Module__diagsEnabled__C)
                  000029d8    00000004     build_pem4f.oem4f (.const:ti_catalog_arm_cortexm4_tiva_ce_Boot_Module__diagsIncluded__C)
                  000029dc    00000004     build_pem4f.oem4f (.const:ti_catalog_arm_cortexm4_tiva_ce_Boot_Module__diagsMask__C)
                  000029e0    00000004     build_pem4f.oem4f (.const:xdc_runtime_Assert_E_assertFailed__C)
                  000029e4    00000004     build_pem4f.oem4f (.const:xdc_runtime_Error_Module__diagsEnabled__C)
                  000029e8    00000004     build_pem4f.oem4f (.const:xdc_runtime_Error_Module__diagsIncluded__C)
                  000029ec    00000004     build_pem4f.oem4f (.const:xdc_runtime_Error_Module__diagsMask__C)
                  000029f0    00000004     build_pem4f.oem4f (.const:xdc_runtime_Error_Module__loggerFxn8__C)
                  000029f4    00000004     build_pem4f.oem4f (.const:xdc_runtime_Error_Module__loggerObj__C)
                  000029f8    00000004     build_pem4f.oem4f (.const:xdc_runtime_Error_policyFxn__C)
                  000029fc    00000004     build_pem4f.oem4f (.const:xdc_runtime_Error_raiseHook__C)
                  00002a00    00000004     build_pem4f.oem4f (.const:xdc_runtime_Log_L_error__C)
                  00002a04    00000004     build_pem4f.oem4f (.const:xdc_runtime_Startup_execImpl__C)
                  00002a08    00000004     build_pem4f.oem4f (.const:xdc_runtime_Startup_firstFxns__A)
                  00002a0c    00000004     build_pem4f.oem4f (.const:xdc_runtime_Startup_maxPasses__C)
                  00002a10    00000004     build_pem4f.oem4f (.const:xdc_runtime_Startup_sfxnRts__A)
                  00002a14    00000004     build_pem4f.oem4f (.const:xdc_runtime_Startup_sfxnRts__C)
                  00002a18    00000004     build_pem4f.oem4f (.const:xdc_runtime_Startup_sfxnTab__C)
                  00002a1c    00000004     build_pem4f.oem4f (.const:xdc_runtime_SysMin_bufSize__C)
                  00002a20    00000004     build_pem4f.oem4f (.const:xdc_runtime_SysMin_outputFunc__C)
                  00002a24    00000004     build_pem4f.oem4f (.const:xdc_runtime_System_Module__gateObj__C)
                  00002a28    00000004     build_pem4f.oem4f (.const:xdc_runtime_System_abortFxn__C)
                  00002a2c    00000004     build_pem4f.oem4f (.const:xdc_runtime_System_exitFxn__C)
                  00002a30    00000004     build_pem4f.oem4f (.const:xdc_runtime_System_extendFxn__C)
                  00002a34    00000004     build_pem4f.oem4f (.const:xdc_runtime_Text_charTab__C)
                  00002a38    00000004     build_pem4f.oem4f (.const:xdc_runtime_Text_nodeTab__C)
                  00002a3c    00000004     build_pem4f.oem4f (.const:xdc_runtime_Text_visitRopeFxn__C)
                  00002a40    00000002     build_pem4f.oem4f (.const:xdc_runtime_Error_Module__loggerDefined__C)
                  00002a42    00000002     build_pem4f.oem4f (.const:xdc_runtime_Error_maxDepth__C)
                  00002a44    00000002     build_pem4f.oem4f (.const:xdc_runtime_SysMin_flushAtExit__C)
                  00002a46    00000002     build_pem4f.oem4f (.const:xdc_runtime_Text_isLoaded__C)
                  00002a48    00000002     build_pem4f.oem4f (.const:xdc_runtime_Text_registryModsLastId__C)
                  00002a4a    00000002     build_pem4f.oem4f (.const:xdc_runtime_Text_unnamedModsLastId__C)

.cinit     0    00002c50    00000048     
                  00002c50    0000001f     (.cinit..data.load) [load image, compression = lzss]
                  00002c6f    00000001     --HOLE-- [fill = 0]
                  00002c70    0000000c     (__TI_handler_table)
                  00002c7c    00000004     --HOLE-- [fill = 0]
                  00002c80    00000008     (.cinit..bss.load) [load image, compression = zero_init]
                  00002c88    00000010     (__TI_cinit_table)

.init_array 
*          0    00000000    00000000     UNINITIALIZED

.bootVecs 
*          0    00000000    00000008     
                  00000000    00000008     boot.aem4f : boot.oem4f (.bootVecs)

.stack     0    20000000    00001000     UNINITIALIZED
                  20000000    00001000     --HOLE--

.sysmem    0    20001000    00001000     UNINITIALIZED
                  20001000    00000010     rtsv7M4_T_le_v4SPD16_eabi.lib : memory.c.obj (.sysmem)
                  20001010    00000ff0     --HOLE--

.bss       0    20002000    0000052c     UNINITIALIZED
                  20002000    00000400     (.common:xdc_runtime_SysMin_Module_State_0_outbuf__A)
                  20002400    00000120     rtsv7M4_T_le_v4SPD16_eabi.lib : trgmsg.c.obj (.bss:_CIOBUF_)
                  20002520    00000008     (.common:parmbuf)
                  20002528    00000004                                   : new.cpp.obj (.bss)

.data      0    2000252c    0000005a     UNINITIALIZED
                  2000252c    00000020     build_pem4f.oem4f (.data:xdc_runtime_System_Module_State_0_atexitHandlers__A)
                  2000254c    0000000c     build_pem4f.oem4f (.data:xdc_runtime_SysMin_Module__state__V)
                  20002558    00000008     rtsv7M4_T_le_v4SPD16_eabi.lib : _lock.c.obj (.data:$O1$$)
                  20002560    00000008                                   : memory.c.obj (.data:$O1$$)
                  20002568    00000008     build_pem4f.oem4f (.data:xdc_runtime_Registry_Module__state__V)
                  20002570    00000008     build_pem4f.oem4f (.data:xdc_runtime_Startup_Module__state__V)
                  20002578    00000008     build_pem4f.oem4f (.data:xdc_runtime_System_Module__state__V)
                  20002580    00000004     rtsv7M4_T_le_v4SPD16_eabi.lib : stkdepth_vars.c.obj (.data)
                  20002584    00000002     build_pem4f.oem4f (.data:xdc_runtime_Error_Module__state__V)

xdc.meta   0    00000000    000000df     COPY SECTION
                  00000000    000000df     build_pem4f.oem4f (xdc.meta)

__llvm_prf_cnts 
*          0    20000000    00000000     UNINITIALIZED

.args      0    00002a4c    00000200     
                  00002a4c    00000200     --HOLE-- [fill = 0]

MODULE SUMMARY

       Module                       code   ro data   rw data
       ------                       ----   -------   -------
    .\
       main.obj                     242    0         0      
    +--+----------------------------+------+---------+---------+
       Total:                       242    0         0      
                                                            
    .\Args\
       ArgumentArray.obj            2824   108       0      
       Argument.obj                 38     0         0      
    +--+----------------------------+------+---------+---------+
       Total:                       2862   108       0      
                                                            
    C:\Users\jmotp\workspace_v11\test_test\Debug\configPkg\package\cfg\
       build_pem4f.oem4f            384    1386      1094   
    +--+----------------------------+------+---------+---------+
       Total:                       384    1386      1094   
                                                            
    C:\ti\ccs1120\ccs\tools\compiler\ti-cgt-arm_20.2.6.LTS\lib\rtsv7M4_T_le_v4SPD16_eabi.lib
       memory.c.obj                 672    0         8      
       trgmsg.c.obj                 108    0         288    
       string.cpp.obj               308    61        0      
       typeinfo.c.obj               36     127       0      
       memcpy_t2.asm.obj            156    0         0      
       memset_t2.asm.obj            122    0         0      
       copy_decompress_lzss.c.obj   104    0         0      
       hostwrite.c.obj              88     0         0      
       cpy_tbl.c.obj                76     0         0      
       u_divt2.asm.obj              64     0         0      
       new.cpp.obj                  58     0         4      
       args_main.c.obj              24     0         0      
       stdlib_typeinfo.cpp.obj      2      21        0      
       vector.cpp.obj               14     7         0      
       strlen.c.obj                 20     0         0      
       copy_decompress_none.c.obj   14     0         0      
       copy_zero_init.c.obj         12     0         0      
       _lock.c.obj                  2      0         8      
       hostopen.c.obj               0      0         8      
       exit.c.obj                   4      0         0      
       stkdepth_vars.c.obj          0      0         4      
       div0.asm.obj                 2      0         0      
    +--+----------------------------+------+---------+---------+
       Total:                       1886   216       320    
                                                            
    C:\ti\tirtos_tivac_2_16_00_08\products\bios_6_45_01_29\packages\ti\catalog\arm\cortexm4\tiva\ce\lib\Boot.aem4f
       Boot_sysctl.oem4f            262    0         0      
       Boot.oem4f                   152    0         0      
    +--+----------------------------+------+---------+---------+
       Total:                       414    0         0      
                                                            
    C:\ti\tirtos_tivac_2_16_00_08\products\bios_6_45_01_29\packages\ti\targets\arm\rtsarm\lib\auto_init.aem4f
       auto_init.oem4f              160    0         0      
    +--+----------------------------+------+---------+---------+
       Total:                       160    0         0      
                                                            
    C:\ti\tirtos_tivac_2_16_00_08\products\bios_6_45_01_29\packages\ti\targets\arm\rtsarm\lib\boot.aem4f
       boot.oem4f                   88     8         0      
    +--+----------------------------+------+---------+---------+
       Total:                       88     8         0      
                                                            
    C:\ti\tirtos_tivac_2_16_00_08\products\bios_6_45_01_29\packages\ti\targets\arm\rtsarm\lib\ti.targets.arm.rtsarm.aem4f
       System.oem4f                 1199   0         0      
       Text.oem4f                   628    0         0      
       Error.oem4f                  500    0         0      
       Startup.oem4f                328    0         0      
       SysMin.oem4f                 248    0         0      
       Assert.oem4f                 84     0         0      
       Registry.oem4f               32     0         0      
       Gate.oem4f                   28     0         0      
       GateNull.oem4f               6      0         0      
    +--+----------------------------+------+---------+---------+
       Total:                       3053   0         0      
                                                            
       Heap:                        0      0         4096   
       Stack:                       0      0         4096   
       Linker Generated:            0      67        0      
    +--+----------------------------+------+---------+---------+
       Grand Total:                 9089   1785      9606   


LINKER GENERATED COPY TABLES

__TI_cinit_table @ 00002c88 records: 2, size/record: 8, table size: 16
	.data: load addr=00002c50, load size=0000001f bytes, run addr=2000252c, run size=0000005a bytes, compression=lzss
	.bss: load addr=00002c80, load size=00000008 bytes, run addr=20002000, run size=0000052c bytes, compression=zero_init


LINKER GENERATED HANDLER TABLE

__TI_handler_table @ 00002c70 records: 3, size/record: 4, table size: 12
	index: 0, handler: __TI_decompress_lzss
	index: 1, handler: __TI_decompress_none
	index: 2, handler: __TI_zero_init


GLOBAL SYMBOLS: SORTED ALPHABETICALLY BY Name 

address   name                                                                                                                                                                                                                                                        
-------   ----                                                                                                                                                                                                                                                        
0000237f  C$$EXIT                                                                                                                                                                                                                                                     
000016af  C$$IO$$                                                                                                                                                                                                                                                     
0000119d  HOSTwrite                                                                                                                                                                                                                                                   
UNDEFED   SHT$$INIT_ARRAY$$Base                                                                                                                                                                                                                                       
UNDEFED   SHT$$INIT_ARRAY$$Limit                                                                                                                                                                                                                                      
00001fdd  _ZN10__cxxabiv117__class_type_infoD0Ev                                                                                                                                                                                                                      
0000236f  _ZN10__cxxabiv117__class_type_infoD1Ev                                                                                                                                                                                                                      
0000236f  _ZN10__cxxabiv117__class_type_infoD2Ev                                                                                                                                                                                                                      
00001feb  _ZN10__cxxabiv120__si_class_type_infoD0Ev                                                                                                                                                                                                                   
00002373  _ZN10__cxxabiv120__si_class_type_infoD1Ev                                                                                                                                                                                                                   
00002373  _ZN10__cxxabiv120__si_class_type_infoD2Ev                                                                                                                                                                                                                   
00001ac7  _ZN13ArgumentArray10getByIndexEtP8Argument                                                                                                                                                                                                                  
00001647  _ZN13ArgumentArray9putByNameENSt3__212basic_stringIcNS0_11char_traitsIcEENS0_9allocatorIcEEEE8Argument                                                                                                                                                      
00001be1  _ZN13ArgumentArrayC1Ev                                                                                                                                                                                                                                      
00001be1  _ZN13ArgumentArrayC2Ev                                                                                                                                                                                                                                      
00001da7  _ZN13ArgumentArrayD0Ev                                                                                                                                                                                                                                      
00001ecb  _ZN13ArgumentArrayD1Ev                                                                                                                                                                                                                                      
00001ecb  _ZN13ArgumentArrayD2Ev                                                                                                                                                                                                                                      
00001ff9  _ZN8ArgumentC1ERKS_                                                                                                                                                                                                                                         
00002149  _ZN8ArgumentC1Ev                                                                                                                                                                                                                                            
00001ff9  _ZN8ArgumentC2ERKS_                                                                                                                                                                                                                                         
00002149  _ZN8ArgumentC2Ev                                                                                                                                                                                                                                            
00002155  _ZN8ArgumentD1Ev                                                                                                                                                                                                                                            
00002155  _ZN8ArgumentD2Ev                                                                                                                                                                                                                                            
00002007  _ZNKSt3__213__vector_baseINS_5tupleIJNS_12basic_stringIcNS_11char_traitsIcEENS_9allocatorIcEEEER8ArgumentEEENS5_ISA_EEE7__allocEv                                                                                                                           
00001d39  _ZNKSt3__213__vector_baseINS_5tupleIJNS_12basic_stringIcNS_11char_traitsIcEENS_9allocatorIcEEEER8ArgumentEEENS5_ISA_EEE8capacityEv                                                                                                                          
00002015  _ZNKSt3__213__vector_baseINS_5tupleIJNS_12basic_stringIcNS_11char_traitsIcEENS_9allocatorIcEEEER8ArgumentEEENS5_ISA_EEE9__end_capEv                                                                                                                         
00001d4f  _ZNKSt3__214__split_bufferINS_5tupleIJNS_12basic_stringIcNS_11char_traitsIcEENS_9allocatorIcEEEER8ArgumentEEERNS5_ISA_EEE8capacityEv                                                                                                                        
00002023  _ZNKSt3__214__split_bufferINS_5tupleIJNS_12basic_stringIcNS_11char_traitsIcEENS_9allocatorIcEEEER8ArgumentEEERNS5_ISA_EEE9__end_capEv                                                                                                                       
00002161  _ZNKSt3__217__compressed_pairIPNS_5tupleIJNS_12basic_stringIcNS_11char_traitsIcEENS_9allocatorIcEEEER8ArgumentEEENS5_ISA_EEE5firstEv                                                                                                                        
0000216d  _ZNKSt3__217__compressed_pairIPNS_5tupleIJNS_12basic_stringIcNS_11char_traitsIcEENS_9allocatorIcEEEER8ArgumentEEENS5_ISA_EEE6secondEv                                                                                                                       
00002179  _ZNKSt3__217__compressed_pairIPNS_5tupleIJNS_12basic_stringIcNS_11char_traitsIcEENS_9allocatorIcEEEER8ArgumentEEERNS5_ISA_EEE5firstEv                                                                                                                       
00002185  _ZNKSt3__220__vector_base_commonILb1EE20__throw_length_errorEv                                                                                                                                                                                              
00002191  _ZNKSt3__221__basic_string_commonILb1EE20__throw_length_errorEv                                                                                                                                                                                             
0000219d  _ZNKSt3__222__compressed_pair_elemINS_12basic_stringIcNS_11char_traitsIcEENS_9allocatorIcEEE5__repELi0ELb0EE5__getEv                                                                                                                                        
000021a9  _ZNKSt3__222__compressed_pair_elemINS_9allocatorINS_5tupleIJNS_12basic_stringIcNS_11char_traitsIcEENS1_IcEEEER8ArgumentEEEEELi1ELb1EE5__getEv                                                                                                               
000021b5  _ZNKSt3__222__compressed_pair_elemIPNS_5tupleIJNS_12basic_stringIcNS_11char_traitsIcEENS_9allocatorIcEEEER8ArgumentEEELi0ELb0EE5__getEv                                                                                                                     
00001b49  _ZNKSt3__26__lessIjjEclERKjS3_                                                                                                                                                                                                                              
0000142d  _ZNKSt3__26vectorINS_5tupleIJNS_12basic_stringIcNS_11char_traitsIcEENS_9allocatorIcEEEER8ArgumentEEENS5_ISA_EEE11__recommendEj                                                                                                                              
0000124b  _ZNKSt3__26vectorINS_5tupleIJNS_12basic_stringIcNS_11char_traitsIcEENS_9allocatorIcEEEER8ArgumentEEENS5_ISA_EEE14__annotate_newEj                                                                                                                           
000011f5  _ZNKSt3__26vectorINS_5tupleIJNS_12basic_stringIcNS_11char_traitsIcEENS_9allocatorIcEEEER8ArgumentEEENS5_ISA_EEE17__annotate_deleteEv                                                                                                                        
00001edb  _ZNKSt3__26vectorINS_5tupleIJNS_12basic_stringIcNS_11char_traitsIcEENS_9allocatorIcEEEER8ArgumentEEENS5_ISA_EEE31__annotate_contiguous_containerEPKvSE_SE_SE_                                                                                               
00002031  _ZNKSt3__26vectorINS_5tupleIJNS_12basic_stringIcNS_11char_traitsIcEENS_9allocatorIcEEEER8ArgumentEEENS5_ISA_EEE4dataEv                                                                                                                                      
00001d65  _ZNKSt3__26vectorINS_5tupleIJNS_12basic_stringIcNS_11char_traitsIcEENS_9allocatorIcEEEER8ArgumentEEENS5_ISA_EEE4sizeEv                                                                                                                                      
000021c1  _ZNKSt3__26vectorINS_5tupleIJNS_12basic_stringIcNS_11char_traitsIcEENS_9allocatorIcEEEER8ArgumentEEENS5_ISA_EEE8capacityEv                                                                                                                                  
000019cf  _ZNKSt3__26vectorINS_5tupleIJNS_12basic_stringIcNS_11char_traitsIcEENS_9allocatorIcEEEER8ArgumentEEENS5_ISA_EEE8max_sizeEv                                                                                                                                  
0000203f  _ZNKSt3__29allocatorINS_5tupleIJNS_12basic_stringIcNS_11char_traitsIcEENS0_IcEEEER8ArgumentEEEE8max_sizeEv                                                                                                                                                  
000021cd  _ZNSt3__210__allocateEj                                                                                                                                                                                                                                     
00001bfd  _ZNSt3__211char_traitsIcE4copyEPcPKcj                                                                                                                                                                                                                       
00001dbb  _ZNSt3__211char_traitsIcE6assignERcRKc                                                                                                                                                                                                                      
000021d9  _ZNSt3__211char_traitsIcE6lengthEPKc                                                                                                                                                                                                                        
00001c89  _ZNSt3__212__tuple_implINS_15__tuple_indicesIJLj0ELj1EEEEJNS_12basic_stringIcNS_11char_traitsIcEENS_9allocatorIcEEEER8ArgumentEEC1EOSB_                                                                                                                     
00001791  _ZNSt3__212__tuple_implINS_15__tuple_indicesIJLj0ELj1EEEEJNS_12basic_stringIcNS_11char_traitsIcEENS_9allocatorIcEEEER8ArgumentEEC1IJLj0ELj1EEJS8_SA_EJEJEJRS8_SA_EEENS1_IJXT_EEEENS_13__tuple_typesIJDpT0_EEENS1_IJXT1_EEEENSF_IJDpT2_EEEDpOT3_             
0000204d  _ZNSt3__212__tuple_implINS_15__tuple_indicesIJLj0ELj1EEEEJNS_12basic_stringIcNS_11char_traitsIcEENS_9allocatorIcEEEER8ArgumentEED1Ev                                                                                                                        
00001e83  _ZNSt3__212__tuple_leafILj0ENS_12basic_stringIcNS_11char_traitsIcEENS_9allocatorIcEEEELb0EEC1EOS7_                                                                                                                                                          
00001cd7  _ZNSt3__212__tuple_leafILj0ENS_12basic_stringIcNS_11char_traitsIcEENS_9allocatorIcEEEELb0EEC1IRS6_vEEOT_                                                                                                                                                    
00001eeb  _ZNSt3__212__tuple_leafILj0ENS_12basic_stringIcNS_11char_traitsIcEENS_9allocatorIcEEEELb0EEC2EOS7_                                                                                                                                                          
00001efb  _ZNSt3__212__tuple_leafILj0ENS_12basic_stringIcNS_11char_traitsIcEENS_9allocatorIcEEEELb0EEC2IRS6_vEEOT_                                                                                                                                                    
0000205b  _ZNSt3__212__tuple_leafILj0ENS_12basic_stringIcNS_11char_traitsIcEENS_9allocatorIcEEEELb0EED1Ev                                                                                                                                                             
000021e5  _ZNSt3__212__tuple_leafILj0ENS_12basic_stringIcNS_11char_traitsIcEENS_9allocatorIcEEEELb0EED2Ev                                                                                                                                                             
00002069  _ZNSt3__212__tuple_leafILj1ER8ArgumentLb0EE3getEv                                                                                                                                                                                                           
00001dcf  _ZNSt3__212__tuple_leafILj1ER8ArgumentLb0EEC1IS2_vEEOT_                                                                                                                                                                                                     
00001f0b  _ZNSt3__212__tuple_leafILj1ER8ArgumentLb0EEC2IS2_vEEOT_                                                                                                                                                                                                     
00000ccb  _ZNSt3__212basic_stringIcNS_11char_traitsIcEENS_9allocatorIcEEE6__initEPKcj                                                                                                                                                                                 
000019f3  _ZNSt3__212basic_stringIcNS_11char_traitsIcEENS_9allocatorIcEEEC1EOS5_                                                                                                                                                                                      
00001b67  _ZNSt3__212basic_stringIcNS_11char_traitsIcEENS_9allocatorIcEEEC1EPKc                                                                                                                                                                                       
00001395  _ZNSt3__212basic_stringIcNS_11char_traitsIcEENS_9allocatorIcEEEC1ERKS5_                                                                                                                                                                                     
00001ae7  _ZNSt3__212basic_stringIcNS_11char_traitsIcEENS_9allocatorIcEEED1Ev                                                                                                                                                                                         
00001589  _ZNSt3__213__vector_baseINS_5tupleIJNS_12basic_stringIcNS_11char_traitsIcEENS_9allocatorIcEEEER8ArgumentEEENS5_ISA_EEE17__destruct_at_endEPSA_                                                                                                              
00001f1b  _ZNSt3__213__vector_baseINS_5tupleIJNS_12basic_stringIcNS_11char_traitsIcEENS_9allocatorIcEEEER8ArgumentEEENS5_ISA_EEE5clearEv                                                                                                                              
00002077  _ZNSt3__213__vector_baseINS_5tupleIJNS_12basic_stringIcNS_11char_traitsIcEENS_9allocatorIcEEEER8ArgumentEEENS5_ISA_EEE7__allocEv                                                                                                                            
00002085  _ZNSt3__213__vector_baseINS_5tupleIJNS_12basic_stringIcNS_11char_traitsIcEENS_9allocatorIcEEEER8ArgumentEEENS5_ISA_EEE9__end_capEv                                                                                                                          
0000192f  _ZNSt3__213__vector_baseINS_5tupleIJNS_12basic_stringIcNS_11char_traitsIcEENS_9allocatorIcEEEER8ArgumentEEENS5_ISA_EEEC1Ev                                                                                                                                  
000021f1  _ZNSt3__213__vector_baseINS_5tupleIJNS_12basic_stringIcNS_11char_traitsIcEENS_9allocatorIcEEEER8ArgumentEEENS5_ISA_EEEC2Ev                                                                                                                                  
00001855  _ZNSt3__213__vector_baseINS_5tupleIJNS_12basic_stringIcNS_11char_traitsIcEENS_9allocatorIcEEEER8ArgumentEEENS5_ISA_EEED1Ev                                                                                                                                  
000021fd  _ZNSt3__213__vector_baseINS_5tupleIJNS_12basic_stringIcNS_11char_traitsIcEENS_9allocatorIcEEEER8ArgumentEEENS5_ISA_EEED2Ev                                                                                                                                  
00001de3  _ZNSt3__214__split_bufferINS_5tupleIJNS_12basic_stringIcNS_11char_traitsIcEENS_9allocatorIcEEEER8ArgumentEEERNS5_ISA_EEE17__destruct_at_endEPSA_                                                                                                            
000016f1  _ZNSt3__214__split_bufferINS_5tupleIJNS_12basic_stringIcNS_11char_traitsIcEENS_9allocatorIcEEEER8ArgumentEEERNS5_ISA_EEE17__destruct_at_endEPSA_NS_17integral_constantIbLb0EEE                                                                              
00001f2b  _ZNSt3__214__split_bufferINS_5tupleIJNS_12basic_stringIcNS_11char_traitsIcEENS_9allocatorIcEEEER8ArgumentEEERNS5_ISA_EEE5clearEv                                                                                                                            
00002093  _ZNSt3__214__split_bufferINS_5tupleIJNS_12basic_stringIcNS_11char_traitsIcEENS_9allocatorIcEEEER8ArgumentEEERNS5_ISA_EEE7__allocEv                                                                                                                          
000020a1  _ZNSt3__214__split_bufferINS_5tupleIJNS_12basic_stringIcNS_11char_traitsIcEENS_9allocatorIcEEEER8ArgumentEEERNS5_ISA_EEE9__end_capEv                                                                                                                        
00001027  _ZNSt3__214__split_bufferINS_5tupleIJNS_12basic_stringIcNS_11char_traitsIcEENS_9allocatorIcEEEER8ArgumentEEERNS5_ISA_EEEC1EjjSC_                                                                                                                            
00001883  _ZNSt3__214__split_bufferINS_5tupleIJNS_12basic_stringIcNS_11char_traitsIcEENS_9allocatorIcEEEER8ArgumentEEERNS5_ISA_EEED1Ev                                                                                                                                
00002209  _ZNSt3__216__to_raw_pointerINS_5tupleIJNS_12basic_stringIcNS_11char_traitsIcEENS_9allocatorIcEEEER8ArgumentEEEEEPT_SC_                                                                                                                                      
00001f3b  _ZNSt3__216allocator_traitsINS_9allocatorINS_5tupleIJNS_12basic_stringIcNS_11char_traitsIcEENS1_IcEEEER8ArgumentEEEEEE10__max_sizeENS_17integral_constantIbLb1EEERKSB_                                                                                      
00001df7  _ZNSt3__216allocator_traitsINS_9allocatorINS_5tupleIJNS_12basic_stringIcNS_11char_traitsIcEENS1_IcEEEER8ArgumentEEEEEE10deallocateERSB_PSA_j                                                                                                                
00001a17  _ZNSt3__216allocator_traitsINS_9allocatorINS_5tupleIJNS_12basic_stringIcNS_11char_traitsIcEENS1_IcEEEER8ArgumentEEEEEE11__constructISA_JSA_EEEvNS_17integral_constantIbLb1EEERSB_PT_DpOT0_                                                                  
00001477  _ZNSt3__216allocator_traitsINS_9allocatorINS_5tupleIJNS_12basic_stringIcNS_11char_traitsIcEENS1_IcEEEER8ArgumentEEEEEE20__construct_backwardIPSA_EEvRSB_T_SG_RSG_                                                                                           
00001e0b  _ZNSt3__216allocator_traitsINS_9allocatorINS_5tupleIJNS_12basic_stringIcNS_11char_traitsIcEENS1_IcEEEER8ArgumentEEEEEE7destroyISA_EEvRSB_PT_                                                                                                                
00001e95  _ZNSt3__216allocator_traitsINS_9allocatorINS_5tupleIJNS_12basic_stringIcNS_11char_traitsIcEENS1_IcEEEER8ArgumentEEEEEE8allocateERSB_j                                                                                                                       
00001f4b  _ZNSt3__216allocator_traitsINS_9allocatorINS_5tupleIJNS_12basic_stringIcNS_11char_traitsIcEENS1_IcEEEER8ArgumentEEEEEE8max_sizeERKSB_                                                                                                                       
00001e1f  _ZNSt3__216allocator_traitsINS_9allocatorINS_5tupleIJNS_12basic_stringIcNS_11char_traitsIcEENS1_IcEEEER8ArgumentEEEEEE9__destroyISA_EEvNS_17integral_constantIbLb1EEERSB_PT_                                                                                
00001a3b  _ZNSt3__216allocator_traitsINS_9allocatorINS_5tupleIJNS_12basic_stringIcNS_11char_traitsIcEENS1_IcEEEER8ArgumentEEEEEE9constructISA_JSA_EEEvRSB_PT_DpOT0_                                                                                                   
00002215  _ZNSt3__216move_if_noexceptINS_5tupleIJNS_12basic_stringIcNS_11char_traitsIcEENS_9allocatorIcEEEER8ArgumentEEEEENS_11conditionalIXaantsr3std3__229is_nothrow_move_constructibleIT_EE5valuesr3std3__221is_copy_constructibleISC_EE5valueERKSC_OSC_E4typeERSC_
00002221  _ZNSt3__217__compressed_pairIPNS_5tupleIJNS_12basic_stringIcNS_11char_traitsIcEENS_9allocatorIcEEEER8ArgumentEEENS5_ISA_EEE5firstEv                                                                                                                         
0000222d  _ZNSt3__217__compressed_pairIPNS_5tupleIJNS_12basic_stringIcNS_11char_traitsIcEENS_9allocatorIcEEEER8ArgumentEEENS5_ISA_EEE6secondEv                                                                                                                        
00001b85  _ZNSt3__217__compressed_pairIPNS_5tupleIJNS_12basic_stringIcNS_11char_traitsIcEENS_9allocatorIcEEEER8ArgumentEEENS5_ISA_EEEC1IDnLb1EEEOT_                                                                                                                   
00002239  _ZNSt3__217__compressed_pairIPNS_5tupleIJNS_12basic_stringIcNS_11char_traitsIcEENS_9allocatorIcEEEER8ArgumentEEERNS5_ISA_EEE5firstEv                                                                                                                        
000020af  _ZNSt3__217__compressed_pairIPNS_5tupleIJNS_12basic_stringIcNS_11char_traitsIcEENS_9allocatorIcEEEER8ArgumentEEERNS5_ISA_EEE6secondEv                                                                                                                       
000018b1  _ZNSt3__217__compressed_pairIPNS_5tupleIJNS_12basic_stringIcNS_11char_traitsIcEENS_9allocatorIcEEEER8ArgumentEEERNS5_ISA_EEEC1IDnSD_EEOT_OT0_                                                                                                               
00002245  _ZNSt3__219__libcpp_deallocateEPv                                                                                                                                                                                                                           
00002335  _ZNSt3__220__throw_length_errorEPKc                                                                                                                                                                                                                         
00000bb7  _ZNSt3__220__vector_base_commonILb1EEC2Ev                                                                                                                                                                                                                   
00002251  _ZNSt3__222__compressed_pair_elemINS_12basic_stringIcNS_11char_traitsIcEENS_9allocatorIcEEE5__repELi0ELb0EE5__getEv                                                                                                                                         
00001ea7  _ZNSt3__222__compressed_pair_elemINS_12basic_stringIcNS_11char_traitsIcEENS_9allocatorIcEEE5__repELi0ELb0EEC1Ev                                                                                                                                             
0000225d  _ZNSt3__222__compressed_pair_elemINS_12basic_stringIcNS_11char_traitsIcEENS_9allocatorIcEEE5__repELi0ELb0EEC2Ev                                                                                                                                             
[...]
0000296c  _ZZNKSt3__221__basic_string_commonILb1EE20__throw_length_errorEvEs                                                                                                                                                                                          
00002979  _ZTSSt9type_info                                                                                                                                                                                                                                            
00002986  ti_catalog_arm_cortexm4_tiva_ce_Boot_Module__id__C                                                                                                                                                                                                          
00002988  _ZTIN10__cxxabiv117__class_type_infoE                                                                                                                                                                                                                       
00002994  _ZTIN10__cxxabiv120__si_class_type_infoE                                                                                                                                                                                                                    
000029a0  _ZTI13ArgumentArray                                                                                                                                                                                                                                         
000029a8  _ZTISt9type_info                                                                                                                                                                                                                                            
000029b0  xdc_runtime_Startup_firstFxns__C                                                                                                                                                                                                                            
000029b8  xdc_runtime_Startup_lastFxns__C                                                                                                                                                                                                                             
000029c0  xdc_runtime_Startup_sfxnTab__A                                                                                                                                                                                                                              
000029c8  _ZZNKSt3__220__vector_base_commonILb1EE20__throw_length_errorEvEs                                                                                                                                                                                           
000029d0  ti_catalog_arm_cortexm4_tiva_ce_Boot_A_mustUseEnhancedClockMode__C                                                                                                                                                                                          
000029d4  ti_catalog_arm_cortexm4_tiva_ce_Boot_Module__diagsEnabled__C                                                                                                                                                                                                
000029d8  ti_catalog_arm_cortexm4_tiva_ce_Boot_Module__diagsIncluded__C                                                                                                                                                                                               
000029dc  ti_catalog_arm_cortexm4_tiva_ce_Boot_Module__diagsMask__C                                                                                                                                                                                                   
000029e0  xdc_runtime_Assert_E_assertFailed__C                                                                                                                                                                                                                        
000029e4  xdc_runtime_Error_Module__diagsEnabled__C                                                                                                                                                                                                                   
000029e8  xdc_runtime_Error_Module__diagsIncluded__C                                                                                                                                                                                                                  
000029ec  xdc_runtime_Error_Module__diagsMask__C                                                                                                                                                                                                                      
000029f0  xdc_runtime_Error_Module__loggerFxn8__C                                                                                                                                                                                                                     
000029f4  xdc_runtime_Error_Module__loggerObj__C                                                                                                                                                                                                                      
000029f8  xdc_runtime_Error_policyFxn__C                                                                                                                                                                                                                              
000029fc  xdc_runtime_Error_raiseHook__C                                                                                                                                                                                                                              
00002a00  xdc_runtime_Log_L_error__C                                                                                                                                                                                                                                  
00002a04  xdc_runtime_Startup_execImpl__C                                                                                                                                                                                                                             
00002a08  xdc_runtime_Startup_firstFxns__A                                                                                                                                                                                                                            
00002a0c  xdc_runtime_Startup_maxPasses__C                                                                                                                                                                                                                            
00002a10  xdc_runtime_Startup_sfxnRts__A                                                                                                                                                                                                                              
00002a14  xdc_runtime_Startup_sfxnRts__C                                                                                                                                                                                                                              
00002a18  xdc_runtime_Startup_sfxnTab__C                                                                                                                                                                                                                              
00002a1c  xdc_runtime_SysMin_bufSize__C                                                                                                                                                                                                                               
00002a20  xdc_runtime_SysMin_outputFunc__C                                                                                                                                                                                                                            
00002a24  xdc_runtime_System_Module__gateObj__C                                                                                                                                                                                                                       
00002a28  xdc_runtime_System_abortFxn__C                                                                                                                                                                                                                              
00002a2c  xdc_runtime_System_exitFxn__C                                                                                                                                                                                                                               
00002a30  xdc_runtime_System_extendFxn__C                                                                                                                                                                                                                             
00002a34  xdc_runtime_Text_charTab__C                                                                                                                                                                                                                                 
00002a38  xdc_runtime_Text_nodeTab__C                                                                                                                                                                                                                                 
00002a3c  xdc_runtime_Text_visitRopeFxn__C                                                                                                                                                                                                                            
00002a40  xdc_runtime_Error_Module__loggerDefined__C                                                                                                                                                                                                                  
00002a42  xdc_runtime_Error_maxDepth__C                                                                                                                                                                                                                               
00002a44  xdc_runtime_SysMin_flushAtExit__C                                                                                                                                                                                                                           
00002a46  xdc_runtime_Text_isLoaded__C                                                                                                                                                                                                                                
00002a48  xdc_runtime_Text_registryModsLastId__C                                                                                                                                                                                                                      
00002a4a  xdc_runtime_Text_unnamedModsLastId__C                                                                                                                                                                                                                       
00002a4c  __c_args__                                                                                                                                                                                                                                                  
00002c50  __TI_static_base__                                                                                                                                                                                                                                          
00002c70  __TI_Handler_Table_Base                                                                                                                                                                                                                                     
00002c7c  __TI_Handler_Table_Limit                                                                                                                                                                                                                                    
00002c88  __TI_CINIT_Base                                                                                                                                                                                                                                             
00002c98  __TI_CINIT_Limit                                                                                                                                                                                                                                            
20000000  __stack                                                                                                                                                                                                                                                     
20000000  __start___llvm_prf_cnts                                                                                                                                                                                                                                     
20000000  __stop___llvm_prf_cnts                                                                                                                                                                                                                                      
20001000  __STACK_END                                                                                                                                                                                                                                                 
20001000  _sys_memory                                                                                                                                                                                                                                                 
20002000  xdc_runtime_SysMin_Module_State_0_outbuf__A                                                                                                                                                                                                                 
20002400  __CIOBUF_                                                                                                                                                                                                                                                   
20002520  parmbuf                                                                                                                                                                                                                                                     
2000252c  xdc_runtime_System_Module_State_0_atexitHandlers__A                                                                                                                                                                                                         
2000254c  xdc_runtime_SysMin_Module__state__V                                                                                                                                                                                                                         
20002558  _lock                                                                                                                                                                                                                                                       
2000255c  _unlock                                                                                                                                                                                                                                                     
20002568  xdc_runtime_Registry_Module__state__V                                                                                                                                                                                                                       
20002570  xdc_runtime_Startup_Module__state__V                                                                                                                                                                                                                        
20002578  xdc_runtime_System_Module__state__V                                                                                                                                                                                                                         
20002580  main_func_sp                                                                                                                                                                                                                                                
20002584  xdc_runtime_Error_Module__state__V                                                                                                                                                                                                                          
ffffffff  __TI_pprof_out_hndl                                                                                                                                                                                                                                         
ffffffff  __TI_prof_data_size                                                                                                                                                                                                                                         
ffffffff  __TI_prof_data_start                                                                                                                                                                                                                                        
ffffffff  __binit__                                                                                                                                                                                                                                                   
ffffffff  binit                                                                                                                                                                                                                                                       
UNDEFED   SHT$$INIT_ARRAY$$Base                                                                                                                                                                                                                                       
UNDEFED   SHT$$INIT_ARRAY$$Limit                                                                                                                                                                                                                                      

[340 symbols]
