******************************************************************************
                  TI ARM Linker PC v20.2.6                     
******************************************************************************
>> Linked Thu Jun  2 18:17:28 2022

OUTPUT FILE NAME:   <test_test.out>
ENTRY POINT SYMBOL: "_c_int00"  address: 000037a9


MEMORY CONFIGURATION

         name            origin    length      used     unused   attr    fill
----------------------  --------  ---------  --------  --------  ----  --------
  FLASH                 00000000   00040000  000075d6  00038a2a  R  X
  SRAM                  20000000   00008000  00001544  00006abc  RW X


SEGMENT ALLOCATION MAP

run origin  load origin   length   init length attrs members
----------  ----------- ---------- ----------- ----- -------
00000000    00000000    00007370   00007370    r-x
  00000000    00000000    0000003c   0000003c    r-- .resetVecs
  00000040    00000040    000051f2   000051f2    r-x .text
  00005234    00005234    00001f44   00001f44    r-- .const
  00007178    00007178    000001f8   000001f8    r-- .cinit
00007400    00007400    0000026c   00000000    rw-
  00007400    00007400    0000026c   00000000    rw- .vtable
20000000    20000000    00001548   00000000    rw-
  20000000    20000000    00000360   00000000    rw- .vecs
  20000360    20000360    00000b08   00000000    rw- .bss
  20000e68    20000e68    000003dc   00000000    rw- .data
  20001248    20001248    00000300   00000000    rw- .stack


SECTION ALLOCATION MAP

 output                                  attributes/
section   page    origin      length       input sections
--------  ----  ----------  ----------   ----------------
.text      0    00000040    000051f2     
                  00000040    00000430     sysbios.aem4f : BIOS.obj (.text:ti_sysbios_family_arm_m3_Hwi_excDumpRegs__I)
                  00000470    0000034c     ti.targets.arm.rtsarm.aem4f : System.oem4f (.text:xdc_runtime_System_doPrint__I)
                  000007bc    00000004     rtsv7M4_T_le_v4SPD16_eabi.lib : typeinfo.c.obj (.text:_ZN10__cxxabiv117__class_type_infoD1Ev)
                  000007c0    000002d0     sysbios.aem4f : BIOS.obj (.text:ti_sysbios_knl_Semaphore_pend__E)
                  00000a90    0000026c                   : BIOS.obj (.text:ti_sysbios_heaps_HeapMem_free__E)
                  00000cfc    00000004     rtsv7M4_T_le_v4SPD16_eabi.lib : typeinfo.c.obj (.text:_ZN10__cxxabiv120__si_class_type_infoD1Ev)
                  00000d00    00000250     sysbios.aem4f : BIOS.obj (.text:ti_sysbios_heaps_HeapMem_alloc__E)
                  00000f50    000001f4                   : BIOS.obj (.text:ti_sysbios_family_arm_m3_Hwi_excHandlerMax__I)
                  00001144    00000004     rtsv7M4_T_le_v4SPD16_eabi.lib : new.cpp.obj (.text:_ZdlPvj)
                  00001148    00000174     sysbios.aem4f : BIOS.obj (.text:ti_sysbios_family_arm_m3_Hwi_excBusFault__I)
                  000012bc    00000004     rtsv7M4_T_le_v4SPD16_eabi.lib : exit.c.obj (.text:abort:abort)
                  000012c0    00000164     sysbios.aem4f : BIOS.obj (.text:ti_sysbios_family_arm_m3_Hwi_excUsageFault__I)
                  00001424    00000004     empty_pem4f.oem4f (.text:ti_sysbios_BIOS_RtsGateProxy_enter__E)
                  00001428    00000148     sysbios.aem4f : BIOS.obj (.text:ti_sysbios_family_arm_m3_Hwi_excMemFault__I)
                  00001570    0000013c                   : BIOS.obj (.text:ti_sysbios_heaps_HeapMem_Instance_init__E)
                  000016ac    00000004     empty_pem4f.oem4f (.text:ti_sysbios_BIOS_RtsGateProxy_leave__E)
                  000016b0    00000134     sysbios.aem4f : BIOS.obj (.text:ti_sysbios_family_arm_lm4_Timer_start__E)
                  000017e4    00000130     driverlib.lib : gpio.obj (.text:GPIOPadConfigSet)
                  00001914    00000118     ti.targets.arm.rtsarm.aem4f : Error.oem4f (.text:xdc_runtime_Error_policyDefault__E)
                  00001a2c    0000010e     driverlib.lib : can.obj (.text:CANMessageGet)
                  00001b3a    00000002     rtsv7M4_T_le_v4SPD16_eabi.lib : vector.cpp.obj (.text:_ZNSt3__220__vector_base_commonILb1EEC2Ev)
                  00001b3c    0000010c     driverlib.lib : sysctl.obj (.text:SysCtlClockGet)
                  00001c48    0000010c     main.obj (.text:main)
                  00001d54    00000100     Boot.aem4f : Boot_sysctl.oem4f (.text:ti_catalog_arm_cortexm4_tiva_ce_Boot_sysCtlClockSetI__I)
                  00001e54    00000100     ti.targets.arm.rtsarm.aem4f : Core-mem.oem4f (.text:xdc_runtime_Core_createObject__I)
                  00001f54    000000f8                                 : Startup.oem4f (.text:xdc_runtime_Startup_startMods__I)
                  0000204c    000000f8     empty_pem4f.oem4f (.text:xdc_runtime_System_printfExtend__I)
                  00002144    000000f4     sysbios.aem4f : m3_Hwi_asm.obj (.text:ti_sysbios_family_arm_m3_Hwi_dispatch__I)
                  00002238    000000f0     driverlib.lib : sysctl.obj (.text:SysCtlClockSet)
                  00002328    000000ec     sysbios.aem4f : BIOS.obj (.text:ti_sysbios_knl_Semaphore_post__E)
                  00002414    000000cc     ti.targets.arm.rtsarm.aem4f : Core-smem.oem4f (.text:xdc_runtime_Core_constructObject__I)
                  000024e0    000000bc     sysbios.aem4f : BIOS.obj (.text:ti_sysbios_family_arm_m3_Hwi_excDebugMon__I)
                  0000259c    00000004                   : BIOS.obj (.text:ti_sysbios_family_arm_lm4_Timer_masterEnable__I)
                  000025a0    000000bc                   : BIOS.obj (.text:ti_sysbios_family_arm_m3_Hwi_excHardFault__I)
                  0000265c    00000004     empty_pem4f.oem4f (.text:ti_sysbios_family_arm_m3_TaskSupport_Module__startupDone__S)
                  00002660    000000b4     sysbios.aem4f : BIOS.obj (.text:ti_sysbios_gates_GateMutex_enter__E)
                  00002714    00000004     empty_pem4f.oem4f (.text:ti_sysbios_heaps_HeapMem_Module_GateProxy_enter__E)
                  00002718    000000b4     sysbios.aem4f : BIOS.obj (.text:ti_sysbios_knl_Task_checkStacks__E)
                  000027cc    00000004     empty_pem4f.oem4f (.text:ti_sysbios_heaps_HeapMem_Module_GateProxy_leave__E)
                  000027d0    000000ac     sysbios.aem4f : BIOS.obj (.text:ti_sysbios_family_arm_lm4_Timer_enableTiva__I)
                  0000287c    00000004     empty_pem4f.oem4f (.text:ti_sysbios_knl_Clock_TimerProxy_getMaxTicks__E)
                  00002880    000000a8     sysbios.aem4f : BIOS.obj (.text:ti_sysbios_family_arm_lm4_Timer_enableTimers__I)
                  00002928    000000a8                   : BIOS.obj (.text:ti_sysbios_knl_Task_postInit__I)
                  000029d0    000000a0     auto_init.aem4f : auto_init.oem4f (.text)
                  00002a70    000000a0     ti.targets.arm.rtsarm.aem4f : Text.oem4f (.text:xdc_runtime_Text_putMod__E)
                  00002b10    0000009c     rtsv7M4_T_le_v4SPD16_eabi.lib : memcpy_t2.asm.obj (.text)
                  00002bac    00000004     empty_pem4f.oem4f (.text:ti_sysbios_knl_Queue_destruct)
                  00002bb0    0000009c     sysbios.aem4f : BIOS.obj (.text:ti_sysbios_knl_Semaphore_Instance_init__E)
                  00002c4c    0000009a     ti.targets.arm.rtsarm.aem4f : Text.oem4f (.text:xdc_runtime_Text_putSite__E)
                  00002ce6    00000002     rtsv7M4_T_le_v4SPD16_eabi.lib : stdlib_typeinfo.cpp.obj (.text:_ZNSt9type_infoD1Ev)
                  00002ce8    00000098     Boot.aem4f : Boot.oem4f (.text:ti_catalog_arm_cortexm4_tiva_ce_Boot_sysCtlClockSet__E)
                  00002d80    00000094     sysbios.aem4f : BIOS.obj (.text:ti_sysbios_family_arm_m3_Hwi_initNVIC__E)
                  00002e14    0000008c                   : m3_TaskSupport_asm.obj (.text:ti_sysbios_family_arm_m3_TaskSupport_buildTaskStack)
                  00002ea0    00000084                   : BIOS.obj (.text:ti_sysbios_family_arm_m3_Hwi_postInit__I)
                  00002f24    0000007a     rtsv7M4_T_le_v4SPD16_eabi.lib : memset_t2.asm.obj (.text)
                  00002f9e    00000002                                   : _lock.c.obj (.text:_nop)
                  00002fa0    00000070     sysbios.aem4f : BIOS.obj (.text:ti_sysbios_knl_Clock_workFunc__E)
                  00003010    00000070                   : BIOS.obj (.text:ti_sysbios_knl_Task_exit__E)
                  00003080    0000006d     ti.targets.arm.rtsarm.aem4f : System.oem4f (.text:xdc_runtime_System_formatNum__I)
                  000030ed    00000001     --HOLE-- [fill = 0]
                  000030ee    00000002     rtsv7M4_T_le_v4SPD16_eabi.lib : div0.asm.obj (.text)
                  000030f0    0000006c     driverlib.lib : can.obj (.text:CANBitRateSet)
                  0000315c    00000004     empty_pem4f.oem4f (.text:ti_sysbios_knl_Semaphore_destruct)
                  00003160    0000006c     sysbios.aem4f : BIOS.obj (.text:ti_sysbios_knl_Swi_restoreHwi__E)
                  000031cc    0000006c     ti.targets.arm.rtsarm.aem4f : Error.oem4f (.text:xdc_runtime_Error_print__E)
                  00003238    0000006c                                 : Memory.oem4f (.text:xdc_runtime_Memory_alloc__E)
                  000032a4    00000068     driverlib.lib : interrupt.obj (.text:IntEnable)
                  0000330c    00000068     rtsv7M4_T_le_v4SPD16_eabi.lib : copy_decompress_lzss.c.obj (.text:decompress:lzss:__TI_decompress_lzss)
                  00003374    00000066     ti.targets.arm.rtsarm.aem4f : Core-mem.oem4f (.text:xdc_runtime_Core_deleteObject__I)
                  000033da    00000006     driverlib.lib : sysctl.obj (.text:SysCtlDelay)
                  000033e0    00000064     sysbios.aem4f : BIOS.obj (.text:ti_sysbios_family_arm_lm4_Timer_Module_startup__E)
                  00003444    00000004     ti.targets.arm.rtsarm.aem4f : Error.oem4f (.text:xdc_runtime_Error_getSite__E)
                  00003448    00000064     sysbios.aem4f : BIOS.obj (.text:ti_sysbios_family_arm_m3_Hwi_dispatchC__I)
                  000034ac    00000004     empty_pem4f.oem4f (.text:xdc_runtime_System_Module_GateProxy_enter__E)
                  000034b0    00000060     sysbios.aem4f : BIOS.obj (.text:ti_sysbios_family_arm_lm4_Timer_isrStub__E)
                  00003510    00000060                   : BIOS.obj (.text:ti_sysbios_knl_Task_schedule__I)
                  00003570    0000005c     driverlib.lib : can.obj (.text:_CANIntNumberGet)
                  000035cc    00000004     empty_pem4f.oem4f (.text:xdc_runtime_System_Module_GateProxy_leave__E)
                  000035d0    0000005c     sysbios.aem4f : BIOS.obj (.text:ti_sysbios_knl_Swi_run__I)
                  0000362c    00000004     ti.targets.arm.rtsarm.aem4f : System.oem4f (.text:xdc_runtime_System_aprintf_va__F)
                  00003630    0000005c     sysbios.aem4f : BIOS.obj (.text:ti_sysbios_knl_Swi_schedule__I)
                  0000368c    00000004     ti.targets.arm.rtsarm.aem4f : System.oem4f (.text:xdc_runtime_System_printf_va__F)
                  00003690    0000005c     sysbios.aem4f : BIOS.obj (.text:ti_sysbios_knl_Task_Module_startup__E)
                  000036ec    00000002     empty_pem4f.oem4f (.text:ti_sysbios_BIOS_nullFunc__I)
                  000036ee    00000002     empty_pem4f.oem4f (.text:xdc_runtime_Startup_reset__I)
                  000036f0    0000005c     sysbios.aem4f : BIOS.obj (.text:ti_sysbios_knl_Task_startCore__E)
                  0000374c    0000005b     ti.targets.arm.rtsarm.aem4f : Text.oem4f (.text:xdc_runtime_Text_putLab__E)
                  000037a7    00000001     --HOLE-- [fill = 0]
                  000037a8    00000058     boot.aem4f : boot.oem4f (.text)
                  00003800    00000058     rtsv7M4_T_le_v4SPD16_eabi.lib : hostwrite.c.obj (.text:HOSTwrite)
                  00003858    00000058     sysbios.aem4f : m3_Hwi_asm_switch.obj (.text:ti_sysbios_family_arm_m3_Hwi_initStacks__E)
                  000038b0    00000054     main.obj (.text:_Z13CANIntHandlerv)
                  00003904    00000054     ti.targets.arm.rtsarm.aem4f : Assert.oem4f (.text:xdc_runtime_Assert_raise__I)
                  00003958    00000050     sysbios.aem4f : BIOS.obj (.text:ti_sysbios_family_arm_m3_Hwi_Module_startup__E)
                  000039a8    00000050     ti.targets.arm.rtsarm.aem4f : Startup.oem4f (.text:xdc_runtime_Startup_exec__E)
                  000039f8    00000050                                 : Text.oem4f (.text:xdc_runtime_Text_visitRope2__I)
                  00003a48    0000004c     rtsv7M4_T_le_v4SPD16_eabi.lib : cpy_tbl.c.obj (.text:copy_in)
                  00003a94    00000004     --HOLE-- [fill = 0]
                  00003a98    0000004c     sysbios.aem4f : BIOS.obj (.text:ti_sysbios_heaps_HeapMem_getStats__E)
                  00003ae4    00000004     --HOLE-- [fill = 0]
                  00003ae8    0000004c                   : BIOS.obj (.text:ti_sysbios_knl_Swi_runLoop__I)
                  00003b34    00000004     --HOLE-- [fill = 0]
                  00003b38    0000004c                   : BIOS.obj (.text:ti_sysbios_knl_Task_allBlockedFunction__I)
                  00003b84    00000048     driverlib.lib : gpio.obj (.text:GPIOPinConfigure)
                  00003bcc    00000048     Argument.obj (.text:_ZN8ArgumentC1ENS_8TypeCodeEPv)
                  00003c14    00000004     --HOLE-- [fill = 0]
                  00003c18    00000048     sysbios.aem4f : BIOS.obj (.text:ti_sysbios_family_arm_m3_Hwi_disableInterrupt__E)
                  00003c60    00000048                   : BIOS.obj (.text:ti_sysbios_family_arm_m3_Hwi_enableInterrupt__E)
                  00003ca8    00000048                   : BIOS.obj (.text:ti_sysbios_family_arm_m3_Hwi_excReserved__I)
                  00003cf0    00000046     ti.targets.arm.rtsarm.aem4f : Core-params.oem4f (.text:xdc_runtime_Core_assignParams__I)
                  00003d36    00000002     --HOLE-- [fill = 0]
                  00003d38    00000044     sysbios.aem4f : BIOS.obj (.text:ti_sysbios_family_arm_m3_Hwi_getStackInfo__E)
                  00003d7c    00000004     --HOLE-- [fill = 0]
                  00003d80    00000044                   : BIOS.obj (.text:ti_sysbios_knl_Swi_post__E)
                  00003dc4    00000044     ti.targets.arm.rtsarm.aem4f : Error.oem4f (.text:xdc_runtime_Error_setX__E)
                  00003e08    00000044                                 : SysMin.oem4f (.text:xdc_runtime_SysMin_flush__E)
                  00003e4c    00000044                                 : Text.oem4f (.text:xdc_runtime_Text_xprintf__I)
                  00003e90    00000040     driverlib.lib : can.obj (.text:CANStatusGet)
                  00003ed0    00000040     ArgumentArray.obj (.text:_ZNSt3__213__vector_baseINS_5tupleIJNS_12basic_stringIcNS_11char_traitsIcEENS_9allocatorIcEEEER8ArgumentEEENS5_ISA_EEE17__destruct_at_endEPSA_)
                  00003f10    00000040     rtsv7M4_T_le_v4SPD16_eabi.lib : u_divt2.asm.obj (.text)
                  00003f50    00000040     sysbios.aem4f : BIOS.obj (.text:ti_sysbios_family_arm_lm4_Timer_startup__E)
                  00003f90    0000003c                   : BIOS.obj (.text:ti_sysbios_family_arm_m3_Hwi_excSvCall__I)
                  00003fcc    00000004     --HOLE-- [fill = 0]
                  00003fd0    0000003c                   : BIOS.obj (.text:ti_sysbios_heaps_HeapMem_init__I)
                  0000400c    00000004     --HOLE-- [fill = 0]
                  00004010    0000003c                   : BIOS.obj (.text:ti_sysbios_knl_Swi_restore__E)
                  0000404c    0000003a     driverlib.lib : can.obj (.text:CANInit)
                  00004086    00000002     --HOLE-- [fill = 0]
                  00004088    00000038     rtsv7M4_T_le_v4SPD16_eabi.lib : trgmsg.c.obj (.text:__TI_writemsg)
                  000040c0    00000038     sysbios.aem4f : BIOS.obj (.text:ti_sysbios_family_arm_m3_Hwi_excNoIsr__I)
                  000040f8    00000038                   : BIOS.obj (.text:ti_sysbios_knl_Task_processVitalTaskFlag__I)
                  00004130    00000038     ti.targets.arm.rtsarm.aem4f : SysMin.oem4f (.text:xdc_runtime_SysMin_putch__E)
                  00004168    00000038                                 : System.oem4f (.text:xdc_runtime_System_atexit__E)
                  000041a0    00000034     driverlib.lib : interrupt.obj (.text:IntRegister)
                  000041d4    00000034                   : sysctl.obj (.text:SysCtlPeripheralEnable)
                  00004208    00000034     rtsv7M4_T_le_v4SPD16_eabi.lib : trgmsg.c.obj (.text:__TI_readmsg)
                  0000423c    00000004     --HOLE-- [fill = 0]
                  00004240    00000034     sysbios.aem4f : BIOS.obj (.text:ti_sysbios_family_arm_m3_Hwi_excNmi__I)
                  00004274    00000004     --HOLE-- [fill = 0]
                  00004278    00000034                   : BIOS.obj (.text:ti_sysbios_hal_Hwi_checkStack)
                  000042ac    00000034     ti.targets.arm.rtsarm.aem4f : Core-label.oem4f (.text:xdc_runtime_Core_assignLabel__I)
                  000042e0    00000033                                 : Text.oem4f (.text:xdc_runtime_Text_printVisFxn__I)
                  00004313    00000005     --HOLE-- [fill = 0]
                  00004318    00000032     sysbios.aem4f : BIOS.obj (.text:ti_sysbios_hal_Hwi_initStack)
                  0000434a    00000002     --HOLE-- [fill = 0]
                  0000434c    00000030     empty_pem4f.oem4f (.text:ti_sysbios_BIOS_atExitFunc__I)
                  0000437c    00000004     --HOLE-- [fill = 0]
                  00004380    00000030     sysbios.aem4f : BIOS.obj (.text:ti_sysbios_family_arm_lm4_Timer_stop__E)
                  000043b0    00000030                   : BIOS.obj (.text:ti_sysbios_family_arm_m3_TaskSupport_start__E)
                  000043e0    00000030     empty_pem4f.oem4f (.text:ti_sysbios_gates_GateHwi_Object__create__S)
                  00004410    00000030     empty_pem4f.oem4f (.text:ti_sysbios_gates_GateMutex_Object__create__S)
                  00004440    00000030     empty_pem4f.oem4f (.text:ti_sysbios_heaps_HeapMem_Object__create__S)
                  00004470    00000030     empty_pem4f.oem4f (.text:ti_sysbios_knl_Semaphore_construct)
                  000044a0    00000030     sysbios.aem4f : BIOS.obj (.text:ti_sysbios_knl_Semaphore_pendTimeout__I)
                  000044d0    00000030                   : BIOS.obj (.text:ti_sysbios_knl_Task_unblockI__E)
                  00004500    00000030     ti.targets.arm.rtsarm.aem4f : SysMin.oem4f (.text:xdc_runtime_SysMin_abort__E)
                  00004530    00000030                                 : System.oem4f (.text:xdc_runtime_System_processAtExit__E)
                  00004560    0000002e     ArgumentArray.obj (.text:_ZNSt3__213__vector_baseINS_5tupleIJNS_12basic_stringIcNS_11char_traitsIcEENS_9allocatorIcEEEER8ArgumentEEENS5_ISA_EEED1Ev)
                  0000458e    00000002     --HOLE-- [fill = 0]
                  00004590    0000002c     empty_pem4f.oem4f (.text:ti_sysbios_knl_Clock_doTick__I)
                  000045bc    0000002c     empty_pem4f.oem4f (.text:ti_sysbios_knl_Queue_construct)
                  000045e8    0000002c     sysbios.aem4f : BIOS.obj (.text:ti_sysbios_knl_Task_restore__E)
                  00004614    0000002c     ti.targets.arm.rtsarm.aem4f : Text.oem4f (.text:xdc_runtime_Text_cordText__E)
                  00004640    0000002a     driverlib.lib : gpio.obj (.text:GPIODirModeSet)
                  0000466a    0000002a                   : can.obj (.text:_CANDataRegRead)
                  00004694    0000002a     ti.targets.arm.rtsarm.aem4f : System.oem4f (.text:xdc_runtime_System_putchar__I)
                  000046be    00000028     ArgumentArray.obj (.text:_ZNSt3__213__vector_baseINS_5tupleIJNS_12basic_stringIcNS_11char_traitsIcEENS_9allocatorIcEEEER8ArgumentEEENS5_ISA_EEEC1Ev)
                  000046e6    00000002     --HOLE-- [fill = 0]
                  000046e8    00000028     sysbios.aem4f : BIOS.obj (.text:ti_sysbios_knl_Swi_Module_startup__E)
                  00004710    00000026                   : m3_Hwi_asm.obj (.text:ti_sysbios_family_arm_m3_Hwi_pendSV__I)
                  00004736    00000026     ti.targets.arm.rtsarm.aem4f : System.oem4f (.text:xdc_runtime_System_avprintf__E)
                  0000475c    00000024     empty_pem4f.oem4f (.text:ti_sysbios_BIOS_errorRaiseHook__I)
                  00004780    00000024     empty_pem4f.oem4f (.text:ti_sysbios_BIOS_registerRTSLock__I)
                  000047a4    00000024     empty_pem4f.oem4f (.text:ti_sysbios_BIOS_removeRTSLock__I)
                  000047c8    00000024     empty_pem4f.oem4f (.text:ti_sysbios_BIOS_startFunc__I)
                  000047ec    00000024     empty_pem4f.oem4f (.text:ti_sysbios_gates_GateMutex_Object__delete__S)
                  00004810    00000024     sysbios.aem4f : BIOS.obj (.text:ti_sysbios_knl_Clock_Module_startup__E)
                  00004834    00000004     --HOLE-- [fill = 0]
                  00004838    00000024                   : BIOS.obj (.text:ti_sysbios_knl_Task_restoreHwi__E)
                  0000485c    00000024     ti.targets.arm.rtsarm.aem4f : System.oem4f (.text:xdc_runtime_System_vprintf__E)
                  00004880    00000022     driverlib.lib : can.obj (.text:CANIntClear)
                  000048a2    00000006     Boot.aem4f : Boot_sysctl.oem4f (.text:ti_catalog_arm_cortexm4_tiva_ce_Boot_sysCtlDelayI__I)
                  000048a8    00000022     sysbios.aem4f : BIOS.obj (.text:ti_sysbios_family_arm_lm4_Timer_write__I)
                  000048ca    00000022     empty_pem4f.oem4f (.text:xdc_runtime_SysMin_output__I)
                  000048ec    00000020     driverlib.lib : can.obj (.text:CANIntStatus)
                  0000490c    00000020     rtsv7M4_T_le_v4SPD16_eabi.lib : string.cpp.obj (.text:_ZNSt3__212basic_stringIcNS_11char_traitsIcEENS_9allocatorIcEEED1Ev)
                  0000492c    00000020     empty_pem4f.oem4f (.text:ti_sysbios_BIOS_rtsLock__I)
                  0000494c    00000020     sysbios.aem4f : m3_Hwi_asm.obj (.text:ti_sysbios_family_arm_m3_Hwi_excHandlerAsm__I)
                  0000496c    00000004     --HOLE-- [fill = 0]
                  00004970    00000020                   : BIOS.obj (.text:ti_sysbios_family_arm_m3_Hwi_excHandler__I)
                  00004990    00000020     empty_pem4f.oem4f (.text:ti_sysbios_gates_GateHwi_Object__delete__S)
                  000049b0    00000020     empty_pem4f.oem4f (.text:ti_sysbios_heaps_HeapMem_Object__delete__S)
                  000049d0    00000020     sysbios.aem4f : BIOS.obj (.text:ti_sysbios_knl_Idle_run__E)
                  000049f0    00000020     empty_pem4f.oem4f (.text:ti_sysbios_knl_Semaphore_Object__destruct__S)
                  00004a10    00000020     ti.targets.arm.rtsarm.aem4f : Registry.oem4f (.text:xdc_runtime_Registry_findById__E)
                  00004a30    00000020                                 : SysMin.oem4f (.text:xdc_runtime_SysMin_Module_startup__E)
                  00004a50    0000001e     ArgumentArray.obj (.text:_ZNSt3__217__compressed_pairIPNS_5tupleIJNS_12basic_stringIcNS_11char_traitsIcEENS_9allocatorIcEEEER8ArgumentEEENS5_ISA_EEEC1IDnLb1EEEOT_)
                  00004a6e    0000001e     sysbios.aem4f : m3_Hwi_asm_switch.obj (.text:ti_sysbios_family_xxx_Hwi_switchAndRunFunc)
                  00004a8c    0000001c     ArgumentArray.obj (.text:_ZN13ArgumentArrayC1Ev)
                  00004aa8    0000001c     sysbios.aem4f : BIOS.obj (.text:ti_sysbios_gates_GateMutex_Instance_init__E)
                  00004ac4    0000001c     empty_pem4f.oem4f (.text:ti_sysbios_knl_Queue_Object__destruct__S)
                  00004ae0    0000001c     sysbios.aem4f : BIOS.obj (.text:ti_sysbios_knl_Task_enter__I)
                  00004afc    0000001c     ti.targets.arm.rtsarm.aem4f : Error.oem4f (.text:xdc_runtime_Error_raiseX__E)
                  00004b18    0000001c                                 : Memory.oem4f (.text:xdc_runtime_Memory_valloc__E)
                  00004b34    0000001c                                 : SysMin.oem4f (.text:xdc_runtime_SysMin_exit__E)
                  00004b50    0000001c                                 : System.oem4f (.text:xdc_runtime_System_abort__E)
                  00004b6c    0000001a     empty_pem4f.oem4f (.text:free)
                  00004b86    0000001a     empty_pem4f.oem4f (.text:ti_sysbios_family_arm_m3_Hwi_Handle__label__S)
                  00004ba0    0000001a     empty_pem4f.oem4f (.text:ti_sysbios_gates_GateHwi_Handle__label__S)
                  00004bba    0000001a     empty_pem4f.oem4f (.text:ti_sysbios_gates_GateMutex_Handle__label__S)
                  00004bd4    0000001a     empty_pem4f.oem4f (.text:ti_sysbios_heaps_HeapMem_Handle__label__S)
                  00004bee    0000001a     empty_pem4f.oem4f (.text:ti_sysbios_knl_Swi_Handle__label__S)
                  00004c08    0000001a     empty_pem4f.oem4f (.text:ti_sysbios_knl_Task_Handle__label__S)
                  00004c22    0000001a     empty_pem4f.oem4f (.text:xdc_runtime_System_aprintf__E)
                  00004c3c    0000001a     empty_pem4f.oem4f (.text:xdc_runtime_System_printf__E)
                  00004c56    00000018     driverlib.lib : can.obj (.text:CANIntRegister)
                  00004c6e    00000002     --HOLE-- [fill = 0]
                  00004c70    00000018     rtsv7M4_T_le_v4SPD16_eabi.lib : args_main.c.obj (.text:_args_main)
                  00004c88    00000018     empty_pem4f.oem4f (.text:ti_sysbios_BIOS_rtsUnlock__I)
                  00004ca0    00000018     empty_pem4f.oem4f (.text:ti_sysbios_family_arm_lm4_Timer_Module__startupDone__F)
                  00004cb8    00000018     empty_pem4f.oem4f (.text:ti_sysbios_family_arm_m3_Hwi_Module__startupDone__F)
                  00004cd0    00000018     sysbios.aem4f : m3_TaskSupport_asm.obj (.text:ti_sysbios_family_arm_m3_TaskSupport_swap__E)
                  00004ce8    00000018                   : BIOS.obj (.text:ti_sysbios_gates_GateMutex_leave__E)
                  00004d00    00000018     ti.targets.arm.rtsarm.aem4f : Error.oem4f (.text:xdc_runtime_Error_check__E)
                  00004d18    00000018                                 : System.oem4f (.text:xdc_runtime_System_exit__E)
                  00004d30    00000018                                 : Text.oem4f (.text:xdc_runtime_Text_ropeText__E)
                  00004d48    00000016     ArgumentArray.obj (.text:_ZNKSt3__213__vector_baseINS_5tupleIJNS_12basic_stringIcNS_11char_traitsIcEENS_9allocatorIcEEEER8ArgumentEEENS5_ISA_EEE8capacityEv)
                  00004d5e    00000016     ArgumentArray.obj (.text:_ZNSt3__222__compressed_pair_elemIPNS_5tupleIJNS_12basic_stringIcNS_11char_traitsIcEENS_9allocatorIcEEEER8ArgumentEEELi0ELb0EEC1IDnvEEOT_)
                  00004d74    00000016     empty_pem4f.oem4f (.text:ti_sysbios_BIOS_exitFunc__I)
                  00004d8a    00000014     ArgumentArray.obj (.text:_ZN13ArgumentArrayD0Ev)
                  00004d9e    00000014     ArgumentArray.obj (.text:_ZNSt3__216allocator_traitsINS_9allocatorINS_5tupleIJNS_12basic_stringIcNS_11char_traitsIcEENS1_IcEEEER8ArgumentEEEEEE10deallocateERSB_PSA_j)
                  00004db2    00000014     ArgumentArray.obj (.text:_ZNSt3__216allocator_traitsINS_9allocatorINS_5tupleIJNS_12basic_stringIcNS_11char_traitsIcEENS1_IcEEEER8ArgumentEEEEEE7destroyISA_EEvRSB_PT_)
                  00004dc6    00000014     ArgumentArray.obj (.text:_ZNSt3__216allocator_traitsINS_9allocatorINS_5tupleIJNS_12basic_stringIcNS_11char_traitsIcEENS1_IcEEEER8ArgumentEEEEEE9__destroyISA_EEvNS_17integral_constantIbLb1EEERSB_PT_)
                  00004dda    00000014     rtsv7M4_T_le_v4SPD16_eabi.lib : strlen.c.obj (.text:strlen)
                  00004dee    00000002     --HOLE-- [fill = 0]
                  00004df0    00000014     empty_pem4f.oem4f (.text:ti_sysbios_family_arm_m3_Hwi_Object__get__S)
                  00004e04    00000004     --HOLE-- [fill = 0]
                  00004e08    00000014     sysbios.aem4f : BIOS.obj (.text:ti_sysbios_family_arm_m3_Hwi_switchFromBootStack__E)
                  00004e1c    00000014     empty_pem4f.oem4f (.text:ti_sysbios_heaps_HeapMem_Object__get__S)
                  00004e30    00000014     empty_pem4f.oem4f (.text:ti_sysbios_knl_Swi_Object__get__S)
                  00004e44    00000012     driverlib.lib : gpio.obj (.text:GPIOPinTypeCAN)
                  00004e56    00000002     --HOLE-- [fill = 0]
                  00004e58    00000012     sysbios.aem4f : BIOS.obj (.text:ti_sysbios_hal_Hwi_Module_startup__E)
                  00004e6a    00000012     empty_pem4f.oem4f (.text:xdc_runtime_Startup_exec__I)
                  00004e7c    00000010     ArgumentArray.obj (.text:_ZN13ArgumentArrayD1Ev)
                  00004e8c    00000010     ArgumentArray.obj (.text:_ZNSt3__213__vector_baseINS_5tupleIJNS_12basic_stringIcNS_11char_traitsIcEENS_9allocatorIcEEEER8ArgumentEEENS5_ISA_EEE5clearEv)
                  00004e9c    00000010     ArgumentArray.obj (.text:_ZNSt3__222__compressed_pair_elemIPNS_5tupleIJNS_12basic_stringIcNS_11char_traitsIcEENS_9allocatorIcEEEER8ArgumentEEELi0ELb0EEC2IDnvEEOT_)
                  00004eac    00000010     ArgumentArray.obj (.text:_ZNSt3__29allocatorINS_5tupleIJNS_12basic_stringIcNS_11char_traitsIcEENS0_IcEEEER8ArgumentEEEE10deallocateEPS9_j)
                  00004ebc    00000004     --HOLE-- [fill = 0]
                  00004ec0    00000010     sysbios.aem4f : BIOS.obj (.text:ti_sysbios_BIOS_setThreadType__E)
                  00004ed0    00000010                   : m3_TaskSupport_asm.obj (.text:ti_sysbios_family_arm_m3_TaskSupport_glue)
                  00004ee0    00000010                   : BIOS.obj (.text:ti_sysbios_gates_GateMutex_Instance_finalize__E)
                  00004ef0    00000010                   : BIOS.obj (.text:ti_sysbios_knl_Semaphore_Instance_finalize__E)
                  00004f00    00000010                   : BIOS.obj (.text:ti_sysbios_knl_Swi_disable__E)
                  00004f10    00000010     empty_pem4f.oem4f (.text:ti_sysbios_knl_Task_Object__get__S)
                  00004f20    00000010     sysbios.aem4f : BIOS.obj (.text:ti_sysbios_knl_Task_disable__E)
                  00004f30    00000010     ti.targets.arm.rtsarm.aem4f : Gate.oem4f (.text:xdc_runtime_Gate_leaveSystem__E)
                  00004f40    00000010                                 : Memory.oem4f (.text:xdc_runtime_Memory_free__E)
                  00004f50    00000010                                 : SysMin.oem4f (.text:xdc_runtime_SysMin_ready__E)
                  00004f60    00000010                                 : System.oem4f (.text:xdc_runtime_System_vsnprintf__E)
                  00004f70    00000010     empty_pem4f.oem4f (.text:xdc_runtime_Text_visitRope__I)
                  00004f80    0000000e     rtsv7M4_T_le_v4SPD16_eabi.lib : typeinfo.c.obj (.text:_ZN10__cxxabiv117__class_type_infoD0Ev)
                  00004f8e    0000000e                                   : typeinfo.c.obj (.text:_ZN10__cxxabiv120__si_class_type_infoD0Ev)
                  00004f9c    0000000e     ArgumentArray.obj (.text:_ZNKSt3__213__vector_baseINS_5tupleIJNS_12basic_stringIcNS_11char_traitsIcEENS_9allocatorIcEEEER8ArgumentEEENS5_ISA_EEE9__end_capEv)
                  00004faa    0000000e     ArgumentArray.obj (.text:_ZNSt3__212__tuple_implINS_15__tuple_indicesIJLj0ELj1EEEEJNS_12basic_stringIcNS_11char_traitsIcEENS_9allocatorIcEEEER8ArgumentEED1Ev)
                  00004fb8    0000000e     ArgumentArray.obj (.text:_ZNSt3__212__tuple_leafILj0ENS_12basic_stringIcNS_11char_traitsIcEENS_9allocatorIcEEEELb0EED1Ev)
                  00004fc6    0000000e     ArgumentArray.obj (.text:_ZNSt3__213__vector_baseINS_5tupleIJNS_12basic_stringIcNS_11char_traitsIcEENS_9allocatorIcEEEER8ArgumentEEENS5_ISA_EEE7__allocEv)
                  00004fd4    0000000e     ArgumentArray.obj (.text:_ZNSt3__222__compressed_pair_elemINS_9allocatorINS_5tupleIJNS_12basic_stringIcNS_11char_traitsIcEENS1_IcEEEER8ArgumentEEEEELi1ELb1EEC1Ev)
                  00004fe2    0000000e     ArgumentArray.obj (.text:_ZNSt3__25tupleIJNS_12basic_stringIcNS_11char_traitsIcEENS_9allocatorIcEEEER8ArgumentEED1Ev)
                  00004ff0    0000000e     ArgumentArray.obj (.text:_ZNSt3__26vectorINS_5tupleIJNS_12basic_stringIcNS_11char_traitsIcEENS_9allocatorIcEEEER8ArgumentEEENS5_ISA_EEEC1Ev)
                  00004ffe    0000000e     ArgumentArray.obj (.text:_ZNSt3__26vectorINS_5tupleIJNS_12basic_stringIcNS_11char_traitsIcEENS_9allocatorIcEEEER8ArgumentEEENS5_ISA_EEED1Ev)
                  0000500c    0000000e     ArgumentArray.obj (.text:_ZNSt3__29allocatorINS_5tupleIJNS_12basic_stringIcNS_11char_traitsIcEENS0_IcEEEER8ArgumentEEEE7destroyEPS9_)
                  0000501a    0000000e     rtsv7M4_T_le_v4SPD16_eabi.lib : copy_decompress_none.c.obj (.text:decompress:none:__TI_decompress_none)
                  00005028    0000000e     sysbios.aem4f : BIOS.obj (.text:ti_sysbios_knl_Idle_loop__E)
                  00005036    00000002     --HOLE-- [fill = 0]
                  00005038    0000000e                   : BIOS.obj (.text:ti_sysbios_knl_Queue_empty__E)
                  00005046    00000002     --HOLE-- [fill = 0]
                  00005048    0000000c     empty_pem4f.oem4f (.text:.bootCodeSection:ti_catalog_arm_cortexm4_tiva_ce_Boot_init__I)
                  00005054    0000000c     ArgumentArray.obj (.text:_ZNKSt3__217__compressed_pairIPNS_5tupleIJNS_12basic_stringIcNS_11char_traitsIcEENS_9allocatorIcEEEER8ArgumentEEENS5_ISA_EEE5firstEv)
                  00005060    0000000c     main.obj (.text:_ZNKSt3__222__compressed_pair_elemINS_12basic_stringIcNS_11char_traitsIcEENS_9allocatorIcEEE5__repELi0ELb0EE5__getEv)
                  0000506c    0000000c     ArgumentArray.obj (.text:_ZNKSt3__222__compressed_pair_elemIPNS_5tupleIJNS_12basic_stringIcNS_11char_traitsIcEENS_9allocatorIcEEEER8ArgumentEEELi0ELb0EE5__getEv)
                  00005078    0000000c     ArgumentArray.obj (.text:_ZNSt3__212__tuple_leafILj0ENS_12basic_stringIcNS_11char_traitsIcEENS_9allocatorIcEEEELb0EED2Ev)
                  00005084    0000000c     ArgumentArray.obj (.text:_ZNSt3__213__vector_baseINS_5tupleIJNS_12basic_stringIcNS_11char_traitsIcEENS_9allocatorIcEEEER8ArgumentEEENS5_ISA_EEEC2Ev)
                  00005090    0000000c     ArgumentArray.obj (.text:_ZNSt3__213__vector_baseINS_5tupleIJNS_12basic_stringIcNS_11char_traitsIcEENS_9allocatorIcEEEER8ArgumentEEENS5_ISA_EEED2Ev)
                  0000509c    0000000c     ArgumentArray.obj (.text:_ZNSt3__216__to_raw_pointerINS_5tupleIJNS_12basic_stringIcNS_11char_traitsIcEENS_9allocatorIcEEEER8ArgumentEEEEEPT_SC_)
                  000050a8    0000000c     ArgumentArray.obj (.text:_ZNSt3__217__compressed_pairIPNS_5tupleIJNS_12basic_stringIcNS_11char_traitsIcEENS_9allocatorIcEEEER8ArgumentEEENS5_ISA_EEE6secondEv)
                  000050b4    0000000c     main.obj (.text:_ZNSt3__219__libcpp_deallocateEPv)
                  000050c0    0000000c     main.obj (.text:_ZNSt3__222__compressed_pair_elemINS_12basic_stringIcNS_11char_traitsIcEENS_9allocatorIcEEE5__repELi0ELb0EE5__getEv)
                  000050cc    0000000c     ArgumentArray.obj (.text:_ZNSt3__222__compressed_pair_elemINS_9allocatorINS_5tupleIJNS_12basic_stringIcNS_11char_traitsIcEENS1_IcEEEER8ArgumentEEEEELi1ELb1EE5__getEv)
                  000050d8    0000000c     ArgumentArray.obj (.text:_ZNSt3__222__compressed_pair_elemINS_9allocatorINS_5tupleIJNS_12basic_stringIcNS_11char_traitsIcEENS1_IcEEEER8ArgumentEEEEELi1ELb1EEC2Ev)
                  000050e4    0000000c     ArgumentArray.obj (.text:_ZNSt3__27forwardIDnEEOT_RNS_16remove_referenceIS1_E4typeE)
                  000050f0    0000000c     ArgumentArray.obj (.text:_ZNSt3__29allocatorINS_5tupleIJNS_12basic_stringIcNS_11char_traitsIcEENS0_IcEEEER8ArgumentEEEEC1Ev)
                  000050fc    0000000c     ArgumentArray.obj (.text:_ZNSt3__29allocatorINS_5tupleIJNS_12basic_stringIcNS_11char_traitsIcEENS0_IcEEEER8ArgumentEEEEC2Ev)
                  00005108    0000000c     rtsv7M4_T_le_v4SPD16_eabi.lib : _lock.c.obj (.text:_register_lock)
                  00005114    0000000c                                   : _lock.c.obj (.text:_register_unlock)
                  00005120    0000000c                                   : copy_zero_init.c.obj (.text:decompress:ZI:__TI_zero_init)
                  0000512c    00000004     --HOLE-- [fill = 0]
                  00005130    0000000c     sysbios.aem4f : BIOS.obj (.text:ti_sysbios_family_arm_lm4_Timer_getMaxTicks__E)
                  0000513c    00000004     --HOLE-- [fill = 0]
                  00005140    0000000c                   : BIOS.obj (.text:ti_sysbios_family_arm_m3_TaskSupport_checkStack__E)
                  0000514c    00000004     --HOLE-- [fill = 0]
                  00005150    0000000c                   : BIOS.obj (.text:ti_sysbios_gates_GateHwi_enter__E)
                  0000515c    0000000c     empty_pem4f.oem4f (.text:ti_sysbios_knl_Queue_Object__get__S)
                  00005168    0000000c     ti.targets.arm.rtsarm.aem4f : Error.oem4f (.text:xdc_runtime_Error_init__E)
                  00005174    0000000c                                 : Gate.oem4f (.text:xdc_runtime_Gate_enterSystem__E)
                  00005180    0000000c                                 : Memory.oem4f (.text:xdc_runtime_Memory_calloc__E)
                  0000518c    0000000c                                 : Memory.oem4f (.text:xdc_runtime_Memory_getMaxDefaultTypeAlign__E)
                  00005198    0000000a     driverlib.lib : can.obj (.text:CANEnable)
                  000051a2    0000000a     empty_pem4f.oem4f (.text:xdc_runtime_IHeap_alloc)
                  000051ac    0000000a     empty_pem4f.oem4f (.text:xdc_runtime_IHeap_free)
                  000051b6    00000008     driverlib.lib : can.obj (.text:CANIntEnable)
                  000051be    00000008     rtsv7M4_T_le_v4SPD16_eabi.lib : new.cpp.obj (.text:_ZdlPv)
                  000051c6    00000008     sysbios.aem4f : BIOS.obj (.text:ti_sysbios_family_arm_lm4_Timer_masterDisable__I)
                  000051ce    00000002     --HOLE-- [fill = 0]
                  000051d0    00000008                   : BIOS.obj (.text:ti_sysbios_family_arm_m3_Hwi_doSwiRestore__I)
                  000051d8    00000008                   : BIOS.obj (.text:ti_sysbios_family_arm_m3_Hwi_startup__E)
                  000051e0    00000006                   : BIOS.obj (.text:ti_sysbios_family_arm_m3_Hwi_doTaskRestore__I)
                  000051e6    00000002     --HOLE-- [fill = 0]
                  000051e8    00000006                   : BIOS.obj (.text:ti_sysbios_gates_GateHwi_leave__E)
                  000051ee    00000002     --HOLE-- [fill = 0]
                  000051f0    00000006                   : BIOS.obj (.text:ti_sysbios_heaps_HeapMem_isBlocking__E)
                  000051f6    00000002     --HOLE-- [fill = 0]
                  000051f8    00000006                   : BIOS.obj (.text:ti_sysbios_knl_Queue_Instance_init__E)
                  000051fe    00000002     --HOLE-- [fill = 0]
                  00005200    00000006                   : BIOS.obj (.text:ti_sysbios_knl_Swi_startup__E)
                  00005206    00000006     ti.targets.arm.rtsarm.aem4f : System.oem4f (.text:xdc_runtime_System_Module_startup__E)
                  0000520c    00000004     --HOLE-- [fill = 0]
                  00005210    00000004     sysbios.aem4f : BIOS.obj (.text:ti_sysbios_gates_GateHwi_query__E)
                  00005214    00000004     --HOLE-- [fill = 0]
                  00005218    00000004                   : BIOS.obj (.text:ti_sysbios_gates_GateMutex_query__E)
                  0000521c    00000004     --HOLE-- [fill = 0]
                  00005220    00000004                   : BIOS.obj (.text:ti_sysbios_knl_Task_startup__E)
                  00005224    00000004     --HOLE-- [fill = 0]
                  00005228    00000002                   : BIOS.obj (.text:ti_sysbios_gates_GateHwi_Instance_init__E)
                  0000522a    00000006     --HOLE-- [fill = 0]
                  00005230    00000002                   : BIOS.obj (.text:ti_sysbios_knl_Clock_logTick__E)

.const     0    00005234    00001f44     
                  00005234    00001861     empty_pem4f.oem4f (.const:xdc_runtime_Text_charTab__A)
                  00006a95    00000001     empty_pem4f.oem4f (.const:xdc_runtime_Error_policy__C)
                  00006a96    000000bc     empty_pem4f.oem4f (.const:xdc_runtime_Text_nodeTab__A)
                  00006b52    00000002     empty_pem4f.oem4f (.const:ti_catalog_arm_cortexm4_tiva_ce_Boot_Module__id__C)
                  00006b54    00000090     driverlib.lib : gpio.obj (.const:g_pui32GPIOBaseAddrs)
                  00006be4    00000070                   : interrupt.obj (.const)
                  00006c54    0000006c                   : sysctl.obj (.const:g_pui32Xtals)
                  00006cc0    00000048     empty_pem4f.oem4f (.const:.string)
                  00006d08    00000028     empty_pem4f.oem4f (.const:ti_sysbios_heaps_HeapMem_Module__FXNS__C)
                  00006d30    00000025     rtsv7M4_T_le_v4SPD16_eabi.lib : typeinfo.c.obj (.const:.typeinfo:_ZTSN10__cxxabiv120__si_class_type_infoE)
                  00006d55    00000001     --HOLE-- [fill = 0]
                  00006d56    00000002     empty_pem4f.oem4f (.const:ti_sysbios_family_arm_m3_Hwi_Module__id__C)
                  00006d58    00000024     empty_pem4f.oem4f (.const:ti_sysbios_gates_GateHwi_Module__FXNS__C)
                  00006d7c    00000024     empty_pem4f.oem4f (.const:ti_sysbios_gates_GateMutex_Module__FXNS__C)
                  00006da0    00000024     empty_pem4f.oem4f (.const:ti_sysbios_heaps_HeapMem_Object__PARAMS__C)
                  00006dc4    00000024     empty_pem4f.oem4f (.const:ti_sysbios_knl_Semaphore_Object__PARAMS__C)
                  00006de8    00000022     rtsv7M4_T_le_v4SPD16_eabi.lib : typeinfo.c.obj (.const:.typeinfo:_ZTSN10__cxxabiv117__class_type_infoE)
                  00006e0a    00000020     driverlib.lib : can.obj (.const)
                  00006e2a    00000002     empty_pem4f.oem4f (.const:ti_sysbios_gates_GateMutex_Module__id__C)
                  00006e2c    00000020     empty_pem4f.oem4f (.const:ti_sysbios_gates_GateHwi_Object__DESC__C)
                  00006e4c    00000020     empty_pem4f.oem4f (.const:ti_sysbios_gates_GateMutex_Object__DESC__C)
                  00006e6c    00000020     empty_pem4f.oem4f (.const:ti_sysbios_heaps_HeapMem_Object__DESC__C)
                  00006e8c    00000020     empty_pem4f.oem4f (.const:ti_sysbios_knl_Queue_Object__DESC__C)
                  00006eac    00000020     empty_pem4f.oem4f (.const:ti_sysbios_knl_Semaphore_Object__DESC__C)
                  00006ecc    00000020     empty_pem4f.oem4f (.const:xdc_runtime_Startup_sfxnTab__A)
                  00006eec    00000018     empty_pem4f.oem4f (.const:ti_sysbios_gates_GateHwi_Object__PARAMS__C)
                  00006f04    00000018     empty_pem4f.oem4f (.const:ti_sysbios_gates_GateMutex_Object__PARAMS__C)
                  00006f1c    00000018     empty_pem4f.oem4f (.const:ti_sysbios_knl_Queue_Object__PARAMS__C)
                  00006f34    00000014     empty_pem4f.oem4f (.const:xdc_runtime_Startup_firstFxns__A)
                  00006f48    00000010     ArgumentArray.obj (.const:.typeinfo:_ZTS13ArgumentArray)
                  00006f58    00000010     ArgumentArray.obj (.const:_ZTV13ArgumentArray)
                  00006f68    00000010     rtsv7M4_T_le_v4SPD16_eabi.lib : typeinfo.c.obj (.const:_ZTVN10__cxxabiv117__class_type_infoE)
                  00006f78    00000010                                   : typeinfo.c.obj (.const:_ZTVN10__cxxabiv120__si_class_type_infoE)
                  00006f88    00000010     empty_pem4f.oem4f (.const:xdc_runtime_Startup_sfxnRts__A)
                  00006f98    0000000d     rtsv7M4_T_le_v4SPD16_eabi.lib : stdlib_typeinfo.cpp.obj (.const:.typeinfo:_ZTSSt9type_info)
                  00006fa5    00000001     --HOLE-- [fill = 0]
                  00006fa6    00000002     empty_pem4f.oem4f (.const:ti_sysbios_hal_Hwi_Module__id__C)
                  00006fa8    0000000c     rtsv7M4_T_le_v4SPD16_eabi.lib : typeinfo.c.obj (.const:.typeinfo:_ZTIN10__cxxabiv117__class_type_infoE)
                  00006fb4    0000000c                                   : typeinfo.c.obj (.const:.typeinfo:_ZTIN10__cxxabiv120__si_class_type_infoE)
                  00006fc0    00000008     ArgumentArray.obj (.const:.typeinfo:_ZTI13ArgumentArray)
                  00006fc8    00000008     rtsv7M4_T_le_v4SPD16_eabi.lib : stdlib_typeinfo.cpp.obj (.const:.typeinfo:_ZTISt9type_info)
                  00006fd0    00000008     empty_pem4f.oem4f (.const:ti_sysbios_family_arm_m3_Hwi_excHookFuncs__A)
                  00006fd8    00000008     empty_pem4f.oem4f (.const:ti_sysbios_knl_Idle_funcList__C)
                  00006fe0    00000008     empty_pem4f.oem4f (.const:xdc_runtime_Startup_firstFxns__C)
                  00006fe8    00000008     empty_pem4f.oem4f (.const:xdc_runtime_Startup_lastFxns__C)
                  00006ff0    00000004     empty_pem4f.oem4f (.const:ti_catalog_arm_cortexm4_tiva_ce_Boot_A_mustUseEnhancedClockMode__C)
                  00006ff4    00000004     empty_pem4f.oem4f (.const:ti_catalog_arm_cortexm4_tiva_ce_Boot_Module__diagsEnabled__C)
                  00006ff8    00000004     empty_pem4f.oem4f (.const:ti_catalog_arm_cortexm4_tiva_ce_Boot_Module__diagsIncluded__C)
                  00006ffc    00000004     empty_pem4f.oem4f (.const:ti_catalog_arm_cortexm4_tiva_ce_Boot_Module__diagsMask__C)
                  00007000    00000004     empty_pem4f.oem4f (.const:ti_sysbios_family_arm_lm4_Timer_enableFunc__C)
                  00007004    00000004     empty_pem4f.oem4f (.const:ti_sysbios_family_arm_lm4_Timer_numTimerDevices__C)
                  00007008    00000004     empty_pem4f.oem4f (.const:ti_sysbios_family_arm_lm4_Timer_startupNeeded__C)
                  0000700c    00000004     empty_pem4f.oem4f (.const:ti_sysbios_family_arm_m3_Hwi_E_NMI__C)
                  00007010    00000004     empty_pem4f.oem4f (.const:ti_sysbios_family_arm_m3_Hwi_E_busFault__C)
                  00007014    00000004     empty_pem4f.oem4f (.const:ti_sysbios_family_arm_m3_Hwi_E_debugMon__C)
                  00007018    00000004     empty_pem4f.oem4f (.const:ti_sysbios_family_arm_m3_Hwi_E_hardFault__C)
                  0000701c    00000004     empty_pem4f.oem4f (.const:ti_sysbios_family_arm_m3_Hwi_E_memFault__C)
                  00007020    00000004     empty_pem4f.oem4f (.const:ti_sysbios_family_arm_m3_Hwi_E_noIsr__C)
                  00007024    00000004     empty_pem4f.oem4f (.const:ti_sysbios_family_arm_m3_Hwi_E_reserved__C)
                  00007028    00000004     empty_pem4f.oem4f (.const:ti_sysbios_family_arm_m3_Hwi_E_svCall__C)
                  0000702c    00000004     empty_pem4f.oem4f (.const:ti_sysbios_family_arm_m3_Hwi_E_usageFault__C)
                  00007030    00000004     empty_pem4f.oem4f (.const:ti_sysbios_family_arm_m3_Hwi_NUM_INTERRUPTS__C)
                  00007034    00000004     empty_pem4f.oem4f (.const:ti_sysbios_family_arm_m3_Hwi_Object__count__C)
                  00007038    00000004     empty_pem4f.oem4f (.const:ti_sysbios_family_arm_m3_Hwi_ccr__C)
                  0000703c    00000004     empty_pem4f.oem4f (.const:ti_sysbios_family_arm_m3_Hwi_excHandlerFunc__C)
                  00007040    00000004     empty_pem4f.oem4f (.const:ti_sysbios_family_arm_m3_Hwi_excHookFuncs__C)
                  00007044    00000004     empty_pem4f.oem4f (.const:ti_sysbios_family_arm_m3_Hwi_nullIsrFunc__C)
                  00007048    00000004     empty_pem4f.oem4f (.const:ti_sysbios_family_arm_m3_Hwi_priGroup__C)
                  0000704c    00000004     empty_pem4f.oem4f (.const:ti_sysbios_gates_GateMutex_A_badContext__C)
                  00007050    00000004     empty_pem4f.oem4f (.const:ti_sysbios_gates_GateMutex_Instance_State_sem__O)
                  00007054    00000004     empty_pem4f.oem4f (.const:ti_sysbios_gates_GateMutex_Module__diagsEnabled__C)
                  00007058    00000004     empty_pem4f.oem4f (.const:ti_sysbios_gates_GateMutex_Module__diagsIncluded__C)
                  0000705c    00000004     empty_pem4f.oem4f (.const:ti_sysbios_gates_GateMutex_Module__diagsMask__C)
                  00007060    00000004     empty_pem4f.oem4f (.const:ti_sysbios_hal_Hwi_E_stackOverflow__C)
                  00007064    00000004     empty_pem4f.oem4f (.const:ti_sysbios_heaps_HeapMem_A_align__C)
                  00007068    00000004     empty_pem4f.oem4f (.const:ti_sysbios_heaps_HeapMem_A_heapSize__C)
                  0000706c    00000004     empty_pem4f.oem4f (.const:ti_sysbios_heaps_HeapMem_A_invalidFree__C)
                  00007070    00000004     empty_pem4f.oem4f (.const:ti_sysbios_heaps_HeapMem_A_zeroBlock__C)
                  00007074    00000004     empty_pem4f.oem4f (.const:ti_sysbios_heaps_HeapMem_E_memory__C)
                  00007078    00000004     empty_pem4f.oem4f (.const:ti_sysbios_heaps_HeapMem_Module__diagsEnabled__C)
                  0000707c    00000004     empty_pem4f.oem4f (.const:ti_sysbios_heaps_HeapMem_Module__diagsIncluded__C)
                  00007080    00000004     empty_pem4f.oem4f (.const:ti_sysbios_heaps_HeapMem_Module__diagsMask__C)
                  00007084    00000004     empty_pem4f.oem4f (.const:ti_sysbios_heaps_HeapMem_Module__gateObj__C)
                  00007088    00000004     empty_pem4f.oem4f (.const:ti_sysbios_heaps_HeapMem_Object__count__C)
                  0000708c    00000004     empty_pem4f.oem4f (.const:ti_sysbios_heaps_HeapMem_reqAlign__C)
                  00007090    00000004     empty_pem4f.oem4f (.const:ti_sysbios_knl_Clock_Module_State_clockQ__O)
                  00007094    00000004     empty_pem4f.oem4f (.const:ti_sysbios_knl_Idle_funcList__A)
                  00007098    00000004     empty_pem4f.oem4f (.const:ti_sysbios_knl_Semaphore_A_badContext__C)
                  0000709c    00000004     empty_pem4f.oem4f (.const:ti_sysbios_knl_Semaphore_A_noEvents__C)
                  000070a0    00000004     empty_pem4f.oem4f (.const:ti_sysbios_knl_Semaphore_A_overflow__C)
                  000070a4    00000004     empty_pem4f.oem4f (.const:ti_sysbios_knl_Semaphore_A_pendTaskDisabled__C)
                  000070a8    00000004     empty_pem4f.oem4f (.const:ti_sysbios_knl_Semaphore_Instance_State_pendQ__O)
                  000070ac    00000004     empty_pem4f.oem4f (.const:ti_sysbios_knl_Semaphore_Module__diagsEnabled__C)
                  000070b0    00000004     empty_pem4f.oem4f (.const:ti_sysbios_knl_Semaphore_Module__diagsIncluded__C)
                  000070b4    00000004     empty_pem4f.oem4f (.const:ti_sysbios_knl_Semaphore_Module__diagsMask__C)
                  000070b8    00000004     empty_pem4f.oem4f (.const:ti_sysbios_knl_Swi_Object__count__C)
                  000070bc    00000004     empty_pem4f.oem4f (.const:ti_sysbios_knl_Task_E_spOutOfBounds__C)
                  000070c0    00000004     empty_pem4f.oem4f (.const:ti_sysbios_knl_Task_E_stackOverflow__C)
                  000070c4    00000004     empty_pem4f.oem4f (.const:ti_sysbios_knl_Task_Module_State_inactiveQ__O)
                  000070c8    00000004     empty_pem4f.oem4f (.const:ti_sysbios_knl_Task_Object__count__C)
                  000070cc    00000004     empty_pem4f.oem4f (.const:ti_sysbios_knl_Task_allBlockedFunc__C)
                  000070d0    00000004     empty_pem4f.oem4f (.const:ti_sysbios_knl_Task_numConstructedTasks__C)
                  000070d4    00000004     empty_pem4f.oem4f (.const:xdc_runtime_Assert_E_assertFailed__C)
                  000070d8    00000004     empty_pem4f.oem4f (.const:xdc_runtime_Core_A_initializedParams__C)
                  000070dc    00000004     empty_pem4f.oem4f (.const:xdc_runtime_Core_Module__diagsEnabled__C)
                  000070e0    00000004     empty_pem4f.oem4f (.const:xdc_runtime_Core_Module__diagsIncluded__C)
                  000070e4    00000004     empty_pem4f.oem4f (.const:xdc_runtime_Core_Module__diagsMask__C)
                  000070e8    00000004     empty_pem4f.oem4f (.const:xdc_runtime_Error_E_memory__C)
                  000070ec    00000004     empty_pem4f.oem4f (.const:xdc_runtime_Error_Module__diagsEnabled__C)
                  000070f0    00000004     empty_pem4f.oem4f (.const:xdc_runtime_Error_Module__diagsIncluded__C)
                  000070f4    00000004     empty_pem4f.oem4f (.const:xdc_runtime_Error_Module__diagsMask__C)
                  000070f8    00000004     empty_pem4f.oem4f (.const:xdc_runtime_Error_Module__loggerFxn8__C)
                  000070fc    00000004     empty_pem4f.oem4f (.const:xdc_runtime_Error_Module__loggerObj__C)
                  00007100    00000004     empty_pem4f.oem4f (.const:xdc_runtime_Error_policyFxn__C)
                  00007104    00000004     empty_pem4f.oem4f (.const:xdc_runtime_Error_raiseHook__C)
                  00007108    00000004     empty_pem4f.oem4f (.const:xdc_runtime_IGateProvider_Interface__BASE__C)
                  0000710c    00000004     empty_pem4f.oem4f (.const:xdc_runtime_IHeap_Interface__BASE__C)
                  00007110    00000004     empty_pem4f.oem4f (.const:xdc_runtime_IModule_Interface__BASE__C)
                  00007114    00000004     empty_pem4f.oem4f (.const:xdc_runtime_Log_L_error__C)
                  00007118    00000004     empty_pem4f.oem4f (.const:xdc_runtime_Memory_defaultHeapInstance__C)
                  0000711c    00000004     empty_pem4f.oem4f (.const:xdc_runtime_Startup_execImpl__C)
                  00007120    00000004     empty_pem4f.oem4f (.const:xdc_runtime_Startup_maxPasses__C)
                  00007124    00000004     empty_pem4f.oem4f (.const:xdc_runtime_Startup_sfxnRts__C)
                  00007128    00000004     empty_pem4f.oem4f (.const:xdc_runtime_Startup_sfxnTab__C)
                  0000712c    00000004     empty_pem4f.oem4f (.const:xdc_runtime_SysMin_bufSize__C)
                  00007130    00000004     empty_pem4f.oem4f (.const:xdc_runtime_SysMin_outputFunc__C)
                  00007134    00000004     empty_pem4f.oem4f (.const:xdc_runtime_System_Module__gateObj__C)
                  00007138    00000004     empty_pem4f.oem4f (.const:xdc_runtime_System_abortFxn__C)
                  0000713c    00000004     empty_pem4f.oem4f (.const:xdc_runtime_System_exitFxn__C)
                  00007140    00000004     empty_pem4f.oem4f (.const:xdc_runtime_System_extendFxn__C)
                  00007144    00000004     empty_pem4f.oem4f (.const:xdc_runtime_System_maxAtexitHandlers__C)
                  00007148    00000004     empty_pem4f.oem4f (.const:xdc_runtime_Text_charTab__C)
                  0000714c    00000004     empty_pem4f.oem4f (.const:xdc_runtime_Text_nameEmpty__C)
                  00007150    00000004     empty_pem4f.oem4f (.const:xdc_runtime_Text_nameStatic__C)
                  00007154    00000004     empty_pem4f.oem4f (.const:xdc_runtime_Text_nameUnknown__C)
                  00007158    00000004     empty_pem4f.oem4f (.const:xdc_runtime_Text_nodeTab__C)
                  0000715c    00000004     empty_pem4f.oem4f (.const:xdc_runtime_Text_visitRopeFxn__C)
                  00007160    00000002     empty_pem4f.oem4f (.const:ti_sysbios_heaps_HeapMem_Module__id__C)
                  00007162    00000002     empty_pem4f.oem4f (.const:ti_sysbios_knl_Semaphore_Module__id__C)
                  00007164    00000002     empty_pem4f.oem4f (.const:ti_sysbios_knl_Task_Module__id__C)
                  00007166    00000002     empty_pem4f.oem4f (.const:xdc_runtime_Core_Module__id__C)
                  00007168    00000002     empty_pem4f.oem4f (.const:xdc_runtime_Error_Module__loggerDefined__C)
                  0000716a    00000002     empty_pem4f.oem4f (.const:xdc_runtime_Error_maxDepth__C)
                  0000716c    00000002     empty_pem4f.oem4f (.const:xdc_runtime_Memory_Module__id__C)
                  0000716e    00000002     empty_pem4f.oem4f (.const:xdc_runtime_SysMin_flushAtExit__C)
                  00007170    00000002     empty_pem4f.oem4f (.const:xdc_runtime_Text_charCnt__C)
                  00007172    00000002     empty_pem4f.oem4f (.const:xdc_runtime_Text_isLoaded__C)
                  00007174    00000002     empty_pem4f.oem4f (.const:xdc_runtime_Text_registryModsLastId__C)
                  00007176    00000002     empty_pem4f.oem4f (.const:xdc_runtime_Text_unnamedModsLastId__C)

.cinit     0    00007178    000001f8     
                  00007178    000001b1     (.cinit..data.load) [load image, compression = lzss]
                  00007329    00000003     --HOLE-- [fill = 0]
                  0000732c    0000000c     (__TI_handler_table)
                  00007338    00000008     (.cinit..bss.load) [load image, compression = zero_init]
                  00007340    00000008     (.cinit..vecs.load) [load image, compression = zero_init]
                  00007348    00000008     (.cinit..vtable.load) [load image, compression = zero_init]
                  00007350    00000020     (__TI_cinit_table)

.init_array 
*          0    00000000    00000000     UNINITIALIZED

.resetVecs 
*          0    00000000    0000003c     
                  00000000    0000003c     empty_pem4f.oem4f (.resetVecs)

.bss       0    20000360    00000b08     UNINITIALIZED
                  20000360    00000400     (.common:ti_sysbios_heaps_HeapMem_Instance_State_0_buf__A)
                  20000760    00000360     (.common:ti_sysbios_family_arm_m3_Hwi_dispatchTable)
                  20000ac0    00000200     empty_pem4f.oem4f (.bss:taskStackSection)
                  20000cc0    00000120     rtsv7M4_T_le_v4SPD16_eabi.lib : trgmsg.c.obj (.bss:_CIOBUF_)
                  20000de0    00000080     (.common:xdc_runtime_SysMin_Module_State_0_outbuf__A)
                  20000e60    00000008     (.common:parmbuf)

.data      0    20000e68    000003dc     UNINITIALIZED
                  20000e68    00000080     empty_pem4f.oem4f (.data:ti_sysbios_knl_Swi_Module_State_0_readyQ__A)
                  20000ee8    00000080     empty_pem4f.oem4f (.data:ti_sysbios_knl_Task_Module_State_0_readyQ__A)
                  20000f68    0000004c     empty_pem4f.oem4f (.data:ti_sysbios_knl_Task_Object__table__V)
                  20000fb4    00000044     empty_pem4f.oem4f (.data:ti_sysbios_knl_Task_Module__state__V)
                  20000ff8    00000040     empty_pem4f.oem4f (.data:ti_sysbios_family_arm_lm4_Timer_Object__table__V)
                  20001038    00000038     empty_pem4f.oem4f (.data:ti_sysbios_gates_GateMutex_Object__table__V)
                  20001070    00000034     empty_pem4f.oem4f (.data:ti_sysbios_family_arm_m3_Hwi_Module__state__V)
                  200010a4    00000030     empty_pem4f.oem4f (.data:ti_sysbios_family_arm_lm4_Timer_Module_State_0_device__A)
                  200010d4    00000030     empty_pem4f.oem4f (.data:ti_sysbios_knl_Swi_Object__table__V)
                  20001104    0000002c     empty_pem4f.oem4f (.data:ti_sysbios_knl_Clock_Module__state__V)
                  20001130    00000024     empty_pem4f.oem4f (.data:ti_sysbios_BIOS_Module__state__V)
                  20001154    0000001c     empty_pem4f.oem4f (.data:ti_sysbios_knl_Swi_Module__state__V)
                  20001170    00000018     empty_pem4f.oem4f (.data:ti_sysbios_family_arm_lm4_Timer_Module_State_0_handles__A)
                  20001188    00000018     empty_pem4f.oem4f (.data:ti_sysbios_family_arm_m3_Hwi_Object__table__V)
                  200011a0    00000018     empty_pem4f.oem4f (.data:ti_sysbios_heaps_HeapMem_Object__table__V)
                  200011b8    0000000c     empty_pem4f.oem4f (.data:ti_sysbios_family_arm_lm4_Timer_Module__state__V)
                  200011c4    0000000c     empty_pem4f.oem4f (.data:xdc_runtime_SysMin_Module__state__V)
                  200011d0    00000008     rtsv7M4_T_le_v4SPD16_eabi.lib : _lock.c.obj (.data:$O1$$)
                  200011d8    00000008     main.obj (.data)
                  200011e0    00000008     empty_pem4f.oem4f (.data:ti_sysbios_gates_GateHwi_Module__root__V)
                  200011e8    00000008     empty_pem4f.oem4f (.data:ti_sysbios_gates_GateMutex_Module__root__V)
                  200011f0    00000008     empty_pem4f.oem4f (.data:ti_sysbios_heaps_HeapMem_Module__root__V)
                  200011f8    00000008     empty_pem4f.oem4f (.data:ti_sysbios_knl_Queue_Module__root__V)
                  20001200    00000008     empty_pem4f.oem4f (.data:ti_sysbios_knl_Semaphore_Module__root__V)
                  20001208    00000008     empty_pem4f.oem4f (.data:xdc_runtime_Registry_Module__state__V)
                  20001210    00000008     empty_pem4f.oem4f (.data:xdc_runtime_Startup_Module__state__V)
                  20001218    00000008     empty_pem4f.oem4f (.data:xdc_runtime_System_Module_State_0_atexitHandlers__A)
                  20001220    00000008     empty_pem4f.oem4f (.data:xdc_runtime_System_Module__state__V)
                  20001228    00000004     rtsv7M4_T_le_v4SPD16_eabi.lib : stkdepth_vars.c.obj (.data)
                  2000122c    00000004     empty_pem4f.oem4f (.data:ti_sysbios_family_arm_m3_Hwi_Module_State_0_excContext__A)
                  20001230    00000004     empty_pem4f.oem4f (.data:ti_sysbios_family_arm_m3_Hwi_Module_State_0_excStack__A)
                  20001234    00000004     empty_pem4f.oem4f (.data:ti_sysbios_gates_GateHwi_Object__table__V)
                  20001238    00000004     empty_pem4f.oem4f (.data:ti_sysbios_knl_Task_Module_State_0_idleTask__A)
                  2000123c    00000004     empty_pem4f.oem4f (.data:xdc_runtime_Memory_Module__state__V)
                  20001240    00000002     empty_pem4f.oem4f (.data:ti_sysbios_family_arm_m3_Hwi_Module_State_0_excActive__A)
                  20001242    00000002     empty_pem4f.oem4f (.data:xdc_runtime_Error_Module__state__V)

.stack     0    20001248    00000300     UNINITIALIZED
                  20001248    00000300     --HOLE--

.bootVecs 
*          0    00000000    00000008     DSECT
                  00000000    00000008     boot.aem4f : boot.oem4f (.bootVecs)

.vecs      0    20000000    00000360     UNINITIALIZED
                  20000000    00000360     empty_pem4f.oem4f (.vecs)

xdc.meta   0    00000000    000000df     COPY SECTION
                  00000000    000000df     empty_pem4f.oem4f (xdc.meta)

__llvm_prf_cnts 
*          0    20000000    00000000     UNINITIALIZED

.vtable    0    00007400    0000026c     UNINITIALIZED
                  00007400    0000026c     driverlib.lib : interrupt.obj (.vtable)

MODULE SUMMARY

       Module                       code    ro data   rw data
       ------                       ----    -------   -------
    .\
       main.obj                     388     0         8      
    +--+----------------------------+-------+---------+---------+
       Total:                       388     0         8      
                                                             
    .\Args\
       ArgumentArray.obj            666     40        0      
       Argument.obj                 72      0         0      
    +--+----------------------------+-------+---------+---------+
       Total:                       738     40        0      
                                                             
    C:\Users\jmotp\workspace_v11\test_test\Debug\configPkg\package\cfg\
       empty_pem4f.oem4f            1472    7478      4360   
    +--+----------------------------+-------+---------+---------+
       Total:                       1472    7478      4360   
                                                             
    C:/ti/tirtos_tivac_2_16_00_08/products/TivaWare_C_Series-2.1.1.71b/driverlib/ccs/Debug/driverlib.lib
       interrupt.obj                156     112       620    
       can.obj                      742     32        0      
       sysctl.obj                   566     108       0      
       gpio.obj                     436     144       0      
    +--+----------------------------+-------+---------+---------+
       Total:                       1900    396       620    
                                                             
    C:\Users\jmotp\workspace_v11\test_test\src\sysbios\sysbios.aem4f
       BIOS.obj                     10144   0         0      
       m3_Hwi_asm.obj               314     0         0      
       m3_TaskSupport_asm.obj       180     0         0      
       m3_Hwi_asm_switch.obj        118     0         0      
    +--+----------------------------+-------+---------+---------+
       Total:                       10756   0         0      
                                                             
    C:\ti\ccs1120\ccs\tools\compiler\ti-cgt-arm_20.2.6.LTS\lib\rtsv7M4_T_le_v4SPD16_eabi.lib
       trgmsg.c.obj                 108     0         288    
       typeinfo.c.obj               36      127       0      
       memcpy_t2.asm.obj            156     0         0      
       memset_t2.asm.obj            122     0         0      
       copy_decompress_lzss.c.obj   104     0         0      
       hostwrite.c.obj              88      0         0      
       cpy_tbl.c.obj                76      0         0      
       u_divt2.asm.obj              64      0         0      
       _lock.c.obj                  26      0         8      
       string.cpp.obj               32      0         0      
       args_main.c.obj              24      0         0      
       stdlib_typeinfo.cpp.obj      2       21        0      
       strlen.c.obj                 20      0         0      
       copy_decompress_none.c.obj   14      0         0      
       copy_zero_init.c.obj         12      0         0      
       new.cpp.obj                  12      0         0      
       hostopen.c.obj               0       0         8      
       exit.c.obj                   4       0         0      
       stkdepth_vars.c.obj          0       0         4      
       div0.asm.obj                 2       0         0      
       vector.cpp.obj               2       0         0      
    +--+----------------------------+-------+---------+---------+
       Total:                       904     148       308    
                                                             
    C:\ti\tirtos_tivac_2_16_00_08\products\bios_6_45_01_29\packages\ti\catalog\arm\cortexm4\tiva\ce\lib\Boot.aem4f
       Boot_sysctl.oem4f            262     0         0      
       Boot.oem4f                   152     0         0      
    +--+----------------------------+-------+---------+---------+
       Total:                       414     0         0      
                                                             
    C:\ti\tirtos_tivac_2_16_00_08\products\bios_6_45_01_29\packages\ti\targets\arm\rtsarm\lib\auto_init.aem4f
       auto_init.oem4f              160     0         0      
    +--+----------------------------+-------+---------+---------+
       Total:                       160     0         0      
                                                             
    C:\ti\tirtos_tivac_2_16_00_08\products\bios_6_45_01_29\packages\ti\targets\arm\rtsarm\lib\boot.aem4f
       boot.oem4f                   88      0         0      
    +--+----------------------------+-------+---------+---------+
       Total:                       88      0         0      
                                                             
    C:\ti\tirtos_tivac_2_16_00_08\products\bios_6_45_01_29\packages\ti\targets\arm\rtsarm\lib\ti.targets.arm.rtsarm.aem4f
       System.oem4f                 1255    0         0      
       Text.oem4f                   672     0         0      
       Error.oem4f                  524     0         0      
       Core-mem.oem4f               358     0         0      
       Startup.oem4f                328     0         0      
       SysMin.oem4f                 248     0         0      
       Core-smem.oem4f              204     0         0      
       Memory.oem4f                 176     0         0      
       Assert.oem4f                 84      0         0      
       Core-params.oem4f            70      0         0      
       Core-label.oem4f             52      0         0      
       Registry.oem4f               32      0         0      
       Gate.oem4f                   28      0         0      
    +--+----------------------------+-------+---------+---------+
       Total:                       4031    0         0      
                                                             
       Stack:                       0       0         768    
       Linker Generated:            0       501       0      
    +--+----------------------------+-------+---------+---------+
       Grand Total:                 20851   8563      6064   


LINKER GENERATED COPY TABLES

__TI_cinit_table @ 00007350 records: 4, size/record: 8, table size: 32
	.data: load addr=00007178, load size=000001b1 bytes, run addr=20000e68, run size=000003dc bytes, compression=lzss
	.bss: load addr=00007338, load size=00000008 bytes, run addr=20000360, run size=00000b08 bytes, compression=zero_init
	.vecs: load addr=00007340, load size=00000008 bytes, run addr=20000000, run size=00000360 bytes, compression=zero_init
	.vtable: load addr=00007348, load size=00000008 bytes, run addr=00007400, run size=0000026c bytes, compression=zero_init


LINKER GENERATED HANDLER TABLE

__TI_handler_table @ 0000732c records: 3, size/record: 4, table size: 12
	index: 0, handler: __TI_decompress_lzss
	index: 1, handler: __TI_decompress_none
	index: 2, handler: __TI_zero_init


GLOBAL SYMBOLS: SORTED ALPHABETICALLY BY Name 

address   name                                                                                                                                                                        
-------   ----                                                                                                                                                                        
000012bd  C$$EXIT                                                                                                                                                                     
000040b7  C$$IO$$                                                                                                                                                                     
000030f1  CANBitRateSet                                                                                                                                                               
00005199  CANEnable                                                                                                                                                                   
0000404d  CANInit                                                                                                                                                                     
00004881  CANIntClear                                                                                                                                                                 
000051b7  CANIntEnable                                                                                                                                                                
00004c57  CANIntRegister                                                                                                                                                              
000048ed  CANIntStatus                                                                                                                                                                
00001a2d  CANMessageGet                                                                                                                                                               
00003e91  CANStatusGet                                                                                                                                                                
00004641  GPIODirModeSet                                                                                                                                                              
000017e5  GPIOPadConfigSet                                                                                                                                                            
00003b85  GPIOPinConfigure                                                                                                                                                            
00004e45  GPIOPinTypeCAN                                                                                                                                                              
00003801  HOSTwrite                                                                                                                                                                   
000032a5  IntEnable                                                                                                                                                                   
000041a1  IntRegister                                                                                                                                                                 
UNDEFED   SHT$$INIT_ARRAY$$Base                                                                                                                                                       
UNDEFED   SHT$$INIT_ARRAY$$Limit                                                                                                                                                      
00001b3d  SysCtlClockGet                                                                                                                                                              
00002239  SysCtlClockSet                                                                                                                                                              
000033db  SysCtlDelay                                                                                                                                                                 
000041d5  SysCtlPeripheralEnable                                                                                                                                                      
000038b1  _Z13CANIntHandlerv                                                                                                                                                          
00004f81  _ZN10__cxxabiv117__class_type_infoD0Ev                                                                                                                                      
000007bd  _ZN10__cxxabiv117__class_type_infoD1Ev                                                                                                                                      
000007bd  _ZN10__cxxabiv117__class_type_infoD2Ev                                                                                                                                      
00004f8f  _ZN10__cxxabiv120__si_class_type_infoD0Ev                                                                                                                                   
00000cfd  _ZN10__cxxabiv120__si_class_type_infoD1Ev                                                                                                                                   
00000cfd  _ZN10__cxxabiv120__si_class_type_infoD2Ev                                                                                                                                   
00004a8d  _ZN13ArgumentArrayC1Ev                                                                                                                                                      
00004a8d  _ZN13ArgumentArrayC2Ev                                                                                                                                                      
00004d8b  _ZN13ArgumentArrayD0Ev                                                                                                                                                      
00004e7d  _ZN13ArgumentArrayD1Ev                                                                                                                                                      
00004e7d  _ZN13ArgumentArrayD2Ev                                                                                                                                                      
00003bcd  _ZN8ArgumentC1ENS_8TypeCodeEPv                                                                                                                                              
00003bcd  _ZN8ArgumentC2ENS_8TypeCodeEPv                                                                                                                                              
00004d49  _ZNKSt3__213__vector_baseINS_5tupleIJNS_12basic_stringIcNS_11char_traitsIcEENS_9allocatorIcEEEER8ArgumentEEENS5_ISA_EEE8capacityEv                                          
00004f9d  _ZNKSt3__213__vector_baseINS_5tupleIJNS_12basic_stringIcNS_11char_traitsIcEENS_9allocatorIcEEEER8ArgumentEEENS5_ISA_EEE9__end_capEv                                         
00005055  _ZNKSt3__217__compressed_pairIPNS_5tupleIJNS_12basic_stringIcNS_11char_traitsIcEENS_9allocatorIcEEEER8ArgumentEEENS5_ISA_EEE5firstEv                                        
00005061  _ZNKSt3__222__compressed_pair_elemINS_12basic_stringIcNS_11char_traitsIcEENS_9allocatorIcEEE5__repELi0ELb0EE5__getEv                                                        
0000506d  _ZNKSt3__222__compressed_pair_elemIPNS_5tupleIJNS_12basic_stringIcNS_11char_traitsIcEENS_9allocatorIcEEEER8ArgumentEEELi0ELb0EE5__getEv                                     
00004fab  _ZNSt3__212__tuple_implINS_15__tuple_indicesIJLj0ELj1EEEEJNS_12basic_stringIcNS_11char_traitsIcEENS_9allocatorIcEEEER8ArgumentEED1Ev                                        
00004fb9  _ZNSt3__212__tuple_leafILj0ENS_12basic_stringIcNS_11char_traitsIcEENS_9allocatorIcEEEELb0EED1Ev                                                                             
00005079  _ZNSt3__212__tuple_leafILj0ENS_12basic_stringIcNS_11char_traitsIcEENS_9allocatorIcEEEELb0EED2Ev                                                                             
0000490d  _ZNSt3__212basic_stringIcNS_11char_traitsIcEENS_9allocatorIcEEED1Ev                                                                                                         
00003ed1  _ZNSt3__213__vector_baseINS_5tupleIJNS_12basic_stringIcNS_11char_traitsIcEENS_9allocatorIcEEEER8ArgumentEEENS5_ISA_EEE17__destruct_at_endEPSA_                              
00004e8d  _ZNSt3__213__vector_baseINS_5tupleIJNS_12basic_stringIcNS_11char_traitsIcEENS_9allocatorIcEEEER8ArgumentEEENS5_ISA_EEE5clearEv                                              
00004fc7  _ZNSt3__213__vector_baseINS_5tupleIJNS_12basic_stringIcNS_11char_traitsIcEENS_9allocatorIcEEEER8ArgumentEEENS5_ISA_EEE7__allocEv                                            
000046bf  _ZNSt3__213__vector_baseINS_5tupleIJNS_12basic_stringIcNS_11char_traitsIcEENS_9allocatorIcEEEER8ArgumentEEENS5_ISA_EEEC1Ev                                                  
00005085  _ZNSt3__213__vector_baseINS_5tupleIJNS_12basic_stringIcNS_11char_traitsIcEENS_9allocatorIcEEEER8ArgumentEEENS5_ISA_EEEC2Ev                                                  
[...]
000070dc  xdc_runtime_Core_Module__diagsEnabled__C                                                                                                                                    
000070e0  xdc_runtime_Core_Module__diagsIncluded__C                                                                                                                                   
000070e4  xdc_runtime_Core_Module__diagsMask__C                                                                                                                                       
000070e8  xdc_runtime_Error_E_memory__C                                                                                                                                               
000070ec  xdc_runtime_Error_Module__diagsEnabled__C                                                                                                                                   
000070f0  xdc_runtime_Error_Module__diagsIncluded__C                                                                                                                                  
000070f4  xdc_runtime_Error_Module__diagsMask__C                                                                                                                                      
000070f8  xdc_runtime_Error_Module__loggerFxn8__C                                                                                                                                     
000070fc  xdc_runtime_Error_Module__loggerObj__C                                                                                                                                      
00007100  xdc_runtime_Error_policyFxn__C                                                                                                                                              
00007104  xdc_runtime_Error_raiseHook__C                                                                                                                                              
00007108  xdc_runtime_IGateProvider_Interface__BASE__C                                                                                                                                
0000710c  xdc_runtime_IHeap_Interface__BASE__C                                                                                                                                        
00007110  xdc_runtime_IModule_Interface__BASE__C                                                                                                                                      
00007114  xdc_runtime_Log_L_error__C                                                                                                                                                  
00007118  xdc_runtime_Memory_defaultHeapInstance__C                                                                                                                                   
0000711c  xdc_runtime_Startup_execImpl__C                                                                                                                                             
00007120  xdc_runtime_Startup_maxPasses__C                                                                                                                                            
00007124  xdc_runtime_Startup_sfxnRts__C                                                                                                                                              
00007128  xdc_runtime_Startup_sfxnTab__C                                                                                                                                              
0000712c  xdc_runtime_SysMin_bufSize__C                                                                                                                                               
00007130  xdc_runtime_SysMin_outputFunc__C                                                                                                                                            
00007134  xdc_runtime_System_Module__gateObj__C                                                                                                                                       
00007138  xdc_runtime_System_abortFxn__C                                                                                                                                              
0000713c  xdc_runtime_System_exitFxn__C                                                                                                                                               
00007140  xdc_runtime_System_extendFxn__C                                                                                                                                             
00007144  xdc_runtime_System_maxAtexitHandlers__C                                                                                                                                     
00007148  xdc_runtime_Text_charTab__C                                                                                                                                                 
0000714c  xdc_runtime_Text_nameEmpty__C                                                                                                                                               
00007150  xdc_runtime_Text_nameStatic__C                                                                                                                                              
00007154  xdc_runtime_Text_nameUnknown__C                                                                                                                                             
00007158  xdc_runtime_Text_nodeTab__C                                                                                                                                                 
0000715c  xdc_runtime_Text_visitRopeFxn__C                                                                                                                                            
00007160  ti_sysbios_heaps_HeapMem_Module__id__C                                                                                                                                      
00007162  ti_sysbios_knl_Semaphore_Module__id__C                                                                                                                                      
00007164  ti_sysbios_knl_Task_Module__id__C                                                                                                                                           
00007166  xdc_runtime_Core_Module__id__C                                                                                                                                              
00007168  xdc_runtime_Error_Module__loggerDefined__C                                                                                                                                  
0000716a  xdc_runtime_Error_maxDepth__C                                                                                                                                               
0000716c  xdc_runtime_Memory_Module__id__C                                                                                                                                            
0000716e  xdc_runtime_SysMin_flushAtExit__C                                                                                                                                           
00007170  xdc_runtime_Text_charCnt__C                                                                                                                                                 
00007172  xdc_runtime_Text_isLoaded__C                                                                                                                                                
00007174  xdc_runtime_Text_registryModsLastId__C                                                                                                                                      
00007176  xdc_runtime_Text_unnamedModsLastId__C                                                                                                                                       
00007178  __TI_static_base__                                                                                                                                                          
0000732c  __TI_Handler_Table_Base                                                                                                                                                     
00007338  __TI_Handler_Table_Limit                                                                                                                                                    
00007350  __TI_CINIT_Base                                                                                                                                                             
00007370  __TI_CINIT_Limit                                                                                                                                                            
00007400  g_pfnRAMVectors                                                                                                                                                             
20000000  __start___llvm_prf_cnts                                                                                                                                                     
20000000  __stop___llvm_prf_cnts                                                                                                                                                      
20000000  ti_sysbios_family_arm_m3_Hwi_ramVectors                                                                                                                                     
20000360  ti_sysbios_heaps_HeapMem_Instance_State_0_buf__A                                                                                                                            
20000760  ti_sysbios_family_arm_m3_Hwi_dispatchTable                                                                                                                                  
20000ac0  ti_sysbios_knl_Task_Instance_State_0_stack__A                                                                                                                               
20000cc0  __CIOBUF_                                                                                                                                                                   
20000de0  xdc_runtime_SysMin_Module_State_0_outbuf__A                                                                                                                                 
20000e60  parmbuf                                                                                                                                                                     
20000e68  ti_sysbios_knl_Swi_Module_State_0_readyQ__A                                                                                                                                 
20000ee8  ti_sysbios_knl_Task_Module_State_0_readyQ__A                                                                                                                                
20000f68  ti_sysbios_knl_Task_Object__table__V                                                                                                                                        
20000fb4  ti_sysbios_knl_Task_Module__state__V                                                                                                                                        
20000ff8  ti_sysbios_family_arm_lm4_Timer_Object__table__V                                                                                                                            
20001038  ti_sysbios_gates_GateMutex_Object__table__V                                                                                                                                 
20001070  ti_sysbios_family_arm_m3_Hwi_Module__state__V                                                                                                                               
200010a4  ti_sysbios_family_arm_lm4_Timer_Module_State_0_device__A                                                                                                                    
200010d4  ti_sysbios_knl_Swi_Object__table__V                                                                                                                                         
20001104  ti_sysbios_knl_Clock_Module__state__V                                                                                                                                       
20001130  ti_sysbios_BIOS_Module__state__V                                                                                                                                            
20001154  ti_sysbios_knl_Swi_Module__state__V                                                                                                                                         
20001170  ti_sysbios_family_arm_lm4_Timer_Module_State_0_handles__A                                                                                                                   
20001188  ti_sysbios_family_arm_m3_Hwi_Object__table__V                                                                                                                               
200011a0  ti_sysbios_heaps_HeapMem_Object__table__V                                                                                                                                   
200011b8  ti_sysbios_family_arm_lm4_Timer_Module__state__V                                                                                                                            
200011c4  xdc_runtime_SysMin_Module__state__V                                                                                                                                         
200011d0  _lock                                                                                                                                                                       
200011d4  _unlock                                                                                                                                                                     
200011d8  g_ui32MsgCount                                                                                                                                                              
200011dc  g_bErrFlag                                                                                                                                                                  
200011e0  ti_sysbios_gates_GateHwi_Module__root__V                                                                                                                                    
200011e8  ti_sysbios_gates_GateMutex_Module__root__V                                                                                                                                  
200011f0  ti_sysbios_heaps_HeapMem_Module__root__V                                                                                                                                    
200011f8  ti_sysbios_knl_Queue_Module__root__V                                                                                                                                        
20001200  ti_sysbios_knl_Semaphore_Module__root__V                                                                                                                                    
20001208  xdc_runtime_Registry_Module__state__V                                                                                                                                       
20001210  xdc_runtime_Startup_Module__state__V                                                                                                                                        
20001218  xdc_runtime_System_Module_State_0_atexitHandlers__A                                                                                                                         
20001220  xdc_runtime_System_Module__state__V                                                                                                                                         
20001228  main_func_sp                                                                                                                                                                
2000122c  ti_sysbios_family_arm_m3_Hwi_Module_State_0_excContext__A                                                                                                                   
20001230  ti_sysbios_family_arm_m3_Hwi_Module_State_0_excStack__A                                                                                                                     
20001234  ti_sysbios_gates_GateHwi_Object__table__V                                                                                                                                   
20001238  ti_sysbios_knl_Task_Module_State_0_idleTask__A                                                                                                                              
2000123c  xdc_runtime_Memory_Module__state__V                                                                                                                                         
20001240  ti_sysbios_family_arm_m3_Hwi_Module_State_0_excActive__A                                                                                                                    
20001242  xdc_runtime_Error_Module__state__V                                                                                                                                          
20001248  __stack                                                                                                                                                                     
20001548  __STACK_END                                                                                                                                                                 
e000e000  ti_sysbios_family_arm_m3_Hwi_nvic                                                                                                                                           
ffffffff  __TI_pprof_out_hndl                                                                                                                                                         
ffffffff  __TI_prof_data_size                                                                                                                                                         
ffffffff  __TI_prof_data_start                                                                                                                                                        
ffffffff  __binit__                                                                                                                                                                   
ffffffff  __c_args__                                                                                                                                                                  
ffffffff  binit                                                                                                                                                                       
UNDEFED   SHT$$INIT_ARRAY$$Base                                                                                                                                                       
UNDEFED   SHT$$INIT_ARRAY$$Limit                                                                                                                                                      

[576 symbols]
