******************************************************************************
                  TI ARM Linker PC v20.2.6                     
******************************************************************************
>> Linked Tue May 31 16:13:31 2022

OUTPUT FILE NAME:   <test_test.out>
ENTRY POINT SYMBOL: "_c_int00"  address: 00003391


MEMORY CONFIGURATION

         name            origin    length      used     unused   attr    fill
----------------------  --------  ---------  --------  --------  ----  --------
  FLASH                 00000000   00040000  0000741e  00038be2  R  X
  SRAM                  20000000   00008000  00001540  00006ac0  RW X


SEGMENT ALLOCATION MAP

run origin  load origin   length   init length attrs members
----------  ----------- ---------- ----------- ----- -------
00000000    00000000    00007428   00007428    r-x
  00000000    00000000    0000003c   0000003c    r-- .resetVecs
  00000040    00000040    000053ba   000053ba    r-x .text
  000053fc    000053fc    00001e40   00001e40    r-- .const
  00007240    00007240    000001e8   000001e8    r-- .cinit
20000000    20000000    00001540   00000000    rw-
  20000000    20000000    00000360   00000000    rw- .vecs
  20000360    20000360    00000b0c   00000000    rw- .bss
  20000e6c    20000e6c    000003d4   00000000    rw- .data
  20001240    20001240    00000300   00000000    rw- .stack


SECTION ALLOCATION MAP

 output                                  attributes/
section   page    origin      length       input sections
--------  ----  ----------  ----------   ----------------
.text      0    00000040    000053ba     
                  00000040    00000430     sysbios.aem4f : BIOS.obj (.text:ti_sysbios_family_arm_m3_Hwi_excDumpRegs__I)
                  00000470    0000034c     ti.targets.arm.rtsarm.aem4f : System.oem4f (.text:xdc_runtime_System_doPrint__I)
                  000007bc    00000004     rtsv7M4_T_le_v4SPD16_eabi.lib : typeinfo.c.obj (.text:_ZN10__cxxabiv117__class_type_infoD1Ev)
                  000007c0    000002d0     sysbios.aem4f : BIOS.obj (.text:ti_sysbios_knl_Semaphore_pend__E)
                  00000a90    0000026c                   : BIOS.obj (.text:ti_sysbios_heaps_HeapMem_free__E)
                  00000cfc    00000004     rtsv7M4_T_le_v4SPD16_eabi.lib : typeinfo.c.obj (.text:_ZN10__cxxabiv120__si_class_type_infoD1Ev)
                  00000d00    00000250     sysbios.aem4f : BIOS.obj (.text:ti_sysbios_heaps_HeapMem_alloc__E)
                  00000f50    000001f4                   : BIOS.obj (.text:ti_sysbios_family_arm_m3_Hwi_excHandlerMax__I)
                  00001144    00000004     rtsv7M4_T_le_v4SPD16_eabi.lib : string.cpp.obj (.text:_ZNSt3__222__compressed_pair_elemINS_9allocatorIcEELi1ELb1EEC2IS2_vEEOT_)
                  00001148    00000174     sysbios.aem4f : BIOS.obj (.text:ti_sysbios_family_arm_m3_Hwi_excBusFault__I)
                  000012bc    00000004     rtsv7M4_T_le_v4SPD16_eabi.lib : new.cpp.obj (.text:_ZdlPvj)
                  000012c0    00000164     sysbios.aem4f : BIOS.obj (.text:ti_sysbios_family_arm_m3_Hwi_excUsageFault__I)
                  00001424    00000004     rtsv7M4_T_le_v4SPD16_eabi.lib : exit.c.obj (.text:abort:abort)
                  00001428    00000148     sysbios.aem4f : BIOS.obj (.text:ti_sysbios_family_arm_m3_Hwi_excMemFault__I)
                  00001570    0000013c                   : BIOS.obj (.text:ti_sysbios_heaps_HeapMem_Instance_init__E)
                  000016ac    00000004     empty_pem4f.oem4f (.text:ti_sysbios_BIOS_RtsGateProxy_enter__E)
                  000016b0    00000134     sysbios.aem4f : BIOS.obj (.text:ti_sysbios_family_arm_lm4_Timer_start__E)
                  000017e4    00000118     ti.targets.arm.rtsarm.aem4f : Error.oem4f (.text:xdc_runtime_Error_policyDefault__E)
                  000018fc    00000100     Boot.aem4f : Boot_sysctl.oem4f (.text:ti_catalog_arm_cortexm4_tiva_ce_Boot_sysCtlClockSetI__I)
                  000019fc    00000100     ti.targets.arm.rtsarm.aem4f : Core-mem.oem4f (.text:xdc_runtime_Core_createObject__I)
                  00001afc    000000f8                                 : Startup.oem4f (.text:xdc_runtime_Startup_startMods__I)
                  00001bf4    000000f8     empty_pem4f.oem4f (.text:xdc_runtime_System_printfExtend__I)
                  00001cec    000000f4     sysbios.aem4f : m3_Hwi_asm.obj (.text:ti_sysbios_family_arm_m3_Hwi_dispatch__I)
                  00001de0    000000ec                   : BIOS.obj (.text:ti_sysbios_knl_Semaphore_post__E)
                  00001ecc    000000cc     ti.targets.arm.rtsarm.aem4f : Core-smem.oem4f (.text:xdc_runtime_Core_constructObject__I)
                  00001f98    000000bc     sysbios.aem4f : BIOS.obj (.text:ti_sysbios_family_arm_m3_Hwi_excDebugMon__I)
                  00002054    00000004     empty_pem4f.oem4f (.text:ti_sysbios_BIOS_RtsGateProxy_leave__E)
                  00002058    000000bc     sysbios.aem4f : BIOS.obj (.text:ti_sysbios_family_arm_m3_Hwi_excHardFault__I)
                  00002114    00000004                   : BIOS.obj (.text:ti_sysbios_family_arm_lm4_Timer_masterEnable__I)
                  00002118    000000b4                   : BIOS.obj (.text:ti_sysbios_gates_GateMutex_enter__E)
                  000021cc    00000004     empty_pem4f.oem4f (.text:ti_sysbios_family_arm_m3_TaskSupport_Module__startupDone__S)
                  000021d0    000000b4     sysbios.aem4f : BIOS.obj (.text:ti_sysbios_knl_Task_checkStacks__E)
                  00002284    00000004     empty_pem4f.oem4f (.text:ti_sysbios_heaps_HeapMem_Module_GateProxy_enter__E)
                  00002288    000000ac     sysbios.aem4f : BIOS.obj (.text:ti_sysbios_family_arm_lm4_Timer_enableTiva__I)
                  00002334    00000004     empty_pem4f.oem4f (.text:ti_sysbios_heaps_HeapMem_Module_GateProxy_leave__E)
                  00002338    000000a8     sysbios.aem4f : BIOS.obj (.text:ti_sysbios_family_arm_lm4_Timer_enableTimers__I)
                  000023e0    000000a8                   : BIOS.obj (.text:ti_sysbios_knl_Task_postInit__I)
                  00002488    000000a0     auto_init.aem4f : auto_init.oem4f (.text)
                  00002528    000000a0     ti.targets.arm.rtsarm.aem4f : Text.oem4f (.text:xdc_runtime_Text_putMod__E)
                  000025c8    0000009c     rtsv7M4_T_le_v4SPD16_eabi.lib : memcpy_t2.asm.obj (.text)
                  00002664    00000004     empty_pem4f.oem4f (.text:ti_sysbios_knl_Clock_TimerProxy_getMaxTicks__E)
                  00002668    0000009c     sysbios.aem4f : BIOS.obj (.text:ti_sysbios_knl_Semaphore_Instance_init__E)
                  00002704    0000009a     ti.targets.arm.rtsarm.aem4f : Text.oem4f (.text:xdc_runtime_Text_putSite__E)
                  0000279e    00000002     rtsv7M4_T_le_v4SPD16_eabi.lib : vector.cpp.obj (.text:_ZNSt3__220__vector_base_commonILb1EEC2Ev)
                  000027a0    00000098     Boot.aem4f : Boot.oem4f (.text:ti_catalog_arm_cortexm4_tiva_ce_Boot_sysCtlClockSet__E)
                  00002838    00000094     sysbios.aem4f : BIOS.obj (.text:ti_sysbios_family_arm_m3_Hwi_initNVIC__E)
                  000028cc    0000008c                   : m3_TaskSupport_asm.obj (.text:ti_sysbios_family_arm_m3_TaskSupport_buildTaskStack)
                  00002958    00000084                   : BIOS.obj (.text:ti_sysbios_family_arm_m3_Hwi_postInit__I)
                  000029dc    0000007a     rtsv7M4_T_le_v4SPD16_eabi.lib : memset_t2.asm.obj (.text)
                  00002a56    00000074                                   : string.cpp.obj (.text:_ZNSt3__212basic_stringIcNS_11char_traitsIcEENS_9allocatorIcEEE6__initEPKcj)
                  00002aca    00000006     Boot.aem4f : Boot_sysctl.oem4f (.text:ti_catalog_arm_cortexm4_tiva_ce_Boot_sysCtlDelayI__I)
                  00002ad0    00000070     sysbios.aem4f : BIOS.obj (.text:ti_sysbios_knl_Clock_workFunc__E)
                  00002b40    00000070                   : BIOS.obj (.text:ti_sysbios_knl_Task_exit__E)
                  00002bb0    0000006d     ti.targets.arm.rtsarm.aem4f : System.oem4f (.text:xdc_runtime_System_formatNum__I)
                  00002c1d    00000001     --HOLE-- [fill = 0]
                  00002c1e    0000006c     ArgumentArray.obj (.text:_ZNSt3__26vectorINS_5tupleIJNS_12basic_stringIcNS_11char_traitsIcEENS_9allocatorIcEEEER8ArgumentEEENS5_ISA_EEE26__swap_out_circular_bufferERNS_14__split_bufferISA_RSB_EE)
                  00002c8a    00000006     ti.targets.arm.rtsarm.aem4f : System.oem4f (.text:xdc_runtime_System_Module_startup__E)
                  00002c90    0000006c     sysbios.aem4f : BIOS.obj (.text:ti_sysbios_knl_Swi_restoreHwi__E)
                  00002cfc    0000006c     ti.targets.arm.rtsarm.aem4f : Error.oem4f (.text:xdc_runtime_Error_print__E)
                  00002d68    0000006c                                 : Memory.oem4f (.text:xdc_runtime_Memory_alloc__E)
                  00002dd4    00000068     rtsv7M4_T_le_v4SPD16_eabi.lib : copy_decompress_lzss.c.obj (.text:decompress:lzss:__TI_decompress_lzss)
                  00002e3c    00000066     ti.targets.arm.rtsarm.aem4f : Core-mem.oem4f (.text:xdc_runtime_Core_deleteObject__I)
                  00002ea2    00000064     ArgumentArray.obj (.text:_ZNSt3__26vectorINS_5tupleIJNS_12basic_stringIcNS_11char_traitsIcEENS_9allocatorIcEEEER8ArgumentEEENS5_ISA_EEE21__push_back_slow_pathISA_EEvOT_)
                  00002f06    00000002     rtsv7M4_T_le_v4SPD16_eabi.lib : string.cpp.obj (.text:_ZNSt3__222__compressed_pair_elemINS_9allocatorIcEELi1ELb1EEC1IS2_vEEOT_)
                  00002f08    00000064     sysbios.aem4f : BIOS.obj (.text:ti_sysbios_family_arm_lm4_Timer_Module_startup__E)
                  00002f6c    00000004     empty_pem4f.oem4f (.text:ti_sysbios_knl_Queue_destruct)
                  00002f70    00000064     sysbios.aem4f : BIOS.obj (.text:ti_sysbios_family_arm_m3_Hwi_dispatchC__I)
                  00002fd4    00000062     ArgumentArray.obj (.text:_ZNSt3__26vectorINS_5tupleIJNS_12basic_stringIcNS_11char_traitsIcEENS_9allocatorIcEEEER8ArgumentEEENS5_ISA_EEE9push_backEOSA_)
                  00003036    00000060     ArgumentArray.obj (.text:_ZNSt3__214__split_bufferINS_5tupleIJNS_12basic_stringIcNS_11char_traitsIcEENS_9allocatorIcEEEER8ArgumentEEERNS5_ISA_EEEC1EjjSC_)
                  00003096    00000002     rtsv7M4_T_le_v4SPD16_eabi.lib : stdlib_typeinfo.cpp.obj (.text:_ZNSt9type_infoD1Ev)
                  00003098    00000060     sysbios.aem4f : BIOS.obj (.text:ti_sysbios_family_arm_lm4_Timer_isrStub__E)
                  000030f8    00000060                   : BIOS.obj (.text:ti_sysbios_knl_Task_schedule__I)
                  00003158    0000005e     main.obj (.text:main)
                  000031b6    00000002     rtsv7M4_T_le_v4SPD16_eabi.lib : _lock.c.obj (.text:_nop)
                  000031b8    0000005c     sysbios.aem4f : BIOS.obj (.text:ti_sysbios_knl_Swi_run__I)
                  00003214    00000004     empty_pem4f.oem4f (.text:ti_sysbios_knl_Semaphore_destruct)
                  00003218    0000005c     sysbios.aem4f : BIOS.obj (.text:ti_sysbios_knl_Swi_schedule__I)
                  00003274    00000004     ti.targets.arm.rtsarm.aem4f : Error.oem4f (.text:xdc_runtime_Error_getSite__E)
                  00003278    0000005c     sysbios.aem4f : BIOS.obj (.text:ti_sysbios_knl_Task_Module_startup__E)
                  000032d4    00000004     empty_pem4f.oem4f (.text:xdc_runtime_System_Module_GateProxy_enter__E)
                  000032d8    0000005c     sysbios.aem4f : BIOS.obj (.text:ti_sysbios_knl_Task_startCore__E)
                  00003334    0000005b     ti.targets.arm.rtsarm.aem4f : Text.oem4f (.text:xdc_runtime_Text_putLab__E)
                  0000338f    00000001     --HOLE-- [fill = 0]
                  00003390    00000058     boot.aem4f : boot.oem4f (.text)
                  000033e8    00000058     rtsv7M4_T_le_v4SPD16_eabi.lib : hostwrite.c.obj (.text:HOSTwrite)
                  00003440    00000058     sysbios.aem4f : m3_Hwi_asm_switch.obj (.text:ti_sysbios_family_arm_m3_Hwi_initStacks__E)
                  00003498    00000056     ArgumentArray.obj (.text:_ZNKSt3__26vectorINS_5tupleIJNS_12basic_stringIcNS_11char_traitsIcEENS_9allocatorIcEEEER8ArgumentEEENS5_ISA_EEE17__annotate_deleteEv)
                  000034ee    00000054     ArgumentArray.obj (.text:_ZNKSt3__26vectorINS_5tupleIJNS_12basic_stringIcNS_11char_traitsIcEENS_9allocatorIcEEEER8ArgumentEEENS5_ISA_EEE14__annotate_newEj)
                  00003542    00000002     rtsv7M4_T_le_v4SPD16_eabi.lib : div0.asm.obj (.text)
                  00003544    00000054     ti.targets.arm.rtsarm.aem4f : Assert.oem4f (.text:xdc_runtime_Assert_raise__I)
                  00003598    00000050     sysbios.aem4f : BIOS.obj (.text:ti_sysbios_family_arm_m3_Hwi_Module_startup__E)
                  000035e8    00000050     ti.targets.arm.rtsarm.aem4f : Startup.oem4f (.text:xdc_runtime_Startup_exec__E)
                  00003638    00000050                                 : Text.oem4f (.text:xdc_runtime_Text_visitRope2__I)
                  00003688    0000004c     rtsv7M4_T_le_v4SPD16_eabi.lib : string.cpp.obj (.text:_ZNSt3__212basic_stringIcNS_11char_traitsIcEENS_9allocatorIcEEEC1ERKS5_)
                  000036d4    0000004c                                   : cpy_tbl.c.obj (.text:copy_in)
                  00003720    0000004c     sysbios.aem4f : BIOS.obj (.text:ti_sysbios_heaps_HeapMem_getStats__E)
                  0000376c    00000004     empty_pem4f.oem4f (.text:xdc_runtime_System_Module_GateProxy_leave__E)
                  00003770    0000004c     sysbios.aem4f : BIOS.obj (.text:ti_sysbios_knl_Swi_runLoop__I)
                  000037bc    00000004     ti.targets.arm.rtsarm.aem4f : System.oem4f (.text:xdc_runtime_System_aprintf_va__F)
                  000037c0    0000004c     sysbios.aem4f : BIOS.obj (.text:ti_sysbios_knl_Task_allBlockedFunction__I)
                  0000380c    0000004a     ArgumentArray.obj (.text:_ZNKSt3__26vectorINS_5tupleIJNS_12basic_stringIcNS_11char_traitsIcEENS_9allocatorIcEEEER8ArgumentEEENS5_ISA_EEE11__recommendEj)
                  00003856    00000002     empty_pem4f.oem4f (.text:ti_sysbios_BIOS_nullFunc__I)
                  00003858    00000048     sysbios.aem4f : BIOS.obj (.text:ti_sysbios_family_arm_m3_Hwi_disableInterrupt__E)
                  000038a0    00000048                   : BIOS.obj (.text:ti_sysbios_family_arm_m3_Hwi_enableInterrupt__E)
                  000038e8    00000048                   : BIOS.obj (.text:ti_sysbios_family_arm_m3_Hwi_excReserved__I)
                  00003930    00000046     ArgumentArray.obj (.text:_ZNSt3__216allocator_traitsINS_9allocatorINS_5tupleIJNS_12basic_stringIcNS_11char_traitsIcEENS1_IcEEEER8ArgumentEEEEEE20__construct_backwardIPSA_EEvRSB_T_SG_RSG_)
                  00003976    00000046     ti.targets.arm.rtsarm.aem4f : Core-params.oem4f (.text:xdc_runtime_Core_assignParams__I)
                  000039bc    00000004                                 : System.oem4f (.text:xdc_runtime_System_printf_va__F)
                  000039c0    00000044     sysbios.aem4f : BIOS.obj (.text:ti_sysbios_family_arm_m3_Hwi_getStackInfo__E)
                  00003a04    00000002     empty_pem4f.oem4f (.text:xdc_runtime_Startup_reset__I)
                  00003a06    00000002     --HOLE-- [fill = 0]
                  00003a08    00000044     sysbios.aem4f : BIOS.obj (.text:ti_sysbios_knl_Swi_post__E)
                  00003a4c    00000044     ti.targets.arm.rtsarm.aem4f : Error.oem4f (.text:xdc_runtime_Error_setX__E)
                  00003a90    00000044                                 : SysMin.oem4f (.text:xdc_runtime_SysMin_flush__E)
                  00003ad4    00000044                                 : Text.oem4f (.text:xdc_runtime_Text_xprintf__I)
                  00003b18    00000040     ArgumentArray.obj (.text:_ZNSt3__213__vector_baseINS_5tupleIJNS_12basic_stringIcNS_11char_traitsIcEENS_9allocatorIcEEEER8ArgumentEEENS5_ISA_EEE17__destruct_at_endEPSA_)
                  00003b58    00000040     rtsv7M4_T_le_v4SPD16_eabi.lib : u_divt2.asm.obj (.text)
                  00003b98    00000040     sysbios.aem4f : BIOS.obj (.text:ti_sysbios_family_arm_lm4_Timer_startup__E)
                  00003bd8    0000003e     ArgumentArray.obj (.text:_ZNSt3__25tupleIJNS_12basic_stringIcNS_11char_traitsIcEENS_9allocatorIcEEEER8ArgumentEEC1IJRS6_S8_ELb0ELb0EEEDpOT_)
                  00003c16    00000002     --HOLE-- [fill = 0]
                  00003c18    0000003c     sysbios.aem4f : BIOS.obj (.text:ti_sysbios_family_arm_m3_Hwi_excSvCall__I)
                  00003c54    00000004     --HOLE-- [fill = 0]
                  00003c58    0000003c                   : BIOS.obj (.text:ti_sysbios_heaps_HeapMem_init__I)
                  00003c94    00000004     --HOLE-- [fill = 0]
                  00003c98    0000003c                   : BIOS.obj (.text:ti_sysbios_knl_Swi_restore__E)
                  00003cd4    0000003a     ArgumentArray.obj (.text:_ZN13ArgumentArray9putByNameENSt3__212basic_stringIcNS0_11char_traitsIcEENS0_9allocatorIcEEEE8Argument)
                  00003d0e    00000002     --HOLE-- [fill = 0]
                  00003d10    00000038     rtsv7M4_T_le_v4SPD16_eabi.lib : trgmsg.c.obj (.text:__TI_writemsg)
                  00003d48    00000038     sysbios.aem4f : BIOS.obj (.text:ti_sysbios_family_arm_m3_Hwi_excNoIsr__I)
                  00003d80    00000038                   : BIOS.obj (.text:ti_sysbios_knl_Task_processVitalTaskFlag__I)
                  00003db8    00000038     ti.targets.arm.rtsarm.aem4f : SysMin.oem4f (.text:xdc_runtime_SysMin_putch__E)
                  00003df0    00000038                                 : System.oem4f (.text:xdc_runtime_System_atexit__E)
                  00003e28    00000036     ArgumentArray.obj (.text:_ZNSt3__214__split_bufferINS_5tupleIJNS_12basic_stringIcNS_11char_traitsIcEENS_9allocatorIcEEEER8ArgumentEEERNS5_ISA_EEE17__destruct_at_endEPSA_NS_17integral_constantIbLb0EEE)
                  00003e5e    00000002     --HOLE-- [fill = 0]
                  00003e60    00000034     rtsv7M4_T_le_v4SPD16_eabi.lib : trgmsg.c.obj (.text:__TI_readmsg)
                  00003e94    00000004     --HOLE-- [fill = 0]
                  00003e98    00000034     sysbios.aem4f : BIOS.obj (.text:ti_sysbios_family_arm_m3_Hwi_excNmi__I)
                  00003ecc    00000004     --HOLE-- [fill = 0]
                  00003ed0    00000034                   : BIOS.obj (.text:ti_sysbios_hal_Hwi_checkStack)
                  00003f04    00000034     ti.targets.arm.rtsarm.aem4f : Core-label.oem4f (.text:xdc_runtime_Core_assignLabel__I)
                  00003f38    00000033                                 : Text.oem4f (.text:xdc_runtime_Text_printVisFxn__I)
                  00003f6b    00000001     --HOLE-- [fill = 0]
                  00003f6c    00000032     ArgumentArray.obj (.text:_ZNSt3__212__tuple_implINS_15__tuple_indicesIJLj0ELj1EEEEJNS_12basic_stringIcNS_11char_traitsIcEENS_9allocatorIcEEEER8ArgumentEEC1IJLj0ELj1EEJS8_SA_EJEJEJRS8_SA_EEENS1_IJXT_EEEENS_13__tuple_typesIJDpT0_EEENS1_IJXT1_EEEENSF_IJDpT2_EEEDpOT3_)
                  00003f9e    00000002     --HOLE-- [fill = 0]
                  00003fa0    00000032     sysbios.aem4f : BIOS.obj (.text:ti_sysbios_hal_Hwi_initStack)
                  00003fd2    00000030     ArgumentArray.obj (.text:_ZNSt3__29allocatorINS_5tupleIJNS_12basic_stringIcNS_11char_traitsIcEENS0_IcEEEER8ArgumentEEEE9constructIS9_JS9_EEEvPT_DpOT0_)
                  00004002    00000002     --HOLE-- [fill = 0]
                  00004004    00000030     empty_pem4f.oem4f (.text:ti_sysbios_BIOS_atExitFunc__I)
                  00004034    00000004     --HOLE-- [fill = 0]
                  00004038    00000030     sysbios.aem4f : BIOS.obj (.text:ti_sysbios_family_arm_lm4_Timer_stop__E)
                  00004068    00000030                   : BIOS.obj (.text:ti_sysbios_family_arm_m3_TaskSupport_start__E)
                  00004098    00000030     empty_pem4f.oem4f (.text:ti_sysbios_gates_GateHwi_Object__create__S)
                  000040c8    00000030     empty_pem4f.oem4f (.text:ti_sysbios_gates_GateMutex_Object__create__S)
                  000040f8    00000030     empty_pem4f.oem4f (.text:ti_sysbios_heaps_HeapMem_Object__create__S)
                  00004128    00000030     empty_pem4f.oem4f (.text:ti_sysbios_knl_Semaphore_construct)
                  00004158    00000030     sysbios.aem4f : BIOS.obj (.text:ti_sysbios_knl_Semaphore_pendTimeout__I)
                  00004188    00000030                   : BIOS.obj (.text:ti_sysbios_knl_Task_unblockI__E)
                  000041b8    00000030     ti.targets.arm.rtsarm.aem4f : SysMin.oem4f (.text:xdc_runtime_SysMin_abort__E)
                  000041e8    00000030                                 : System.oem4f (.text:xdc_runtime_System_processAtExit__E)
                  00004218    0000002e     ArgumentArray.obj (.text:_ZNSt3__213__vector_baseINS_5tupleIJNS_12basic_stringIcNS_11char_traitsIcEENS_9allocatorIcEEEER8ArgumentEEENS5_ISA_EEED1Ev)
                  00004246    0000002e     ArgumentArray.obj (.text:_ZNSt3__214__split_bufferINS_5tupleIJNS_12basic_stringIcNS_11char_traitsIcEENS_9allocatorIcEEEER8ArgumentEEERNS5_ISA_EEED1Ev)
                  00004274    0000002e     empty_pem4f.oem4f (.text:malloc)
                  000042a2    00000002     --HOLE-- [fill = 0]
                  000042a4    0000002c     empty_pem4f.oem4f (.text:ti_sysbios_knl_Clock_doTick__I)
                  000042d0    0000002c     empty_pem4f.oem4f (.text:ti_sysbios_knl_Queue_construct)
                  000042fc    00000004     --HOLE-- [fill = 0]
                  00004300    0000002c     sysbios.aem4f : BIOS.obj (.text:ti_sysbios_knl_Task_restore__E)
                  0000432c    0000002c     ti.targets.arm.rtsarm.aem4f : Text.oem4f (.text:xdc_runtime_Text_cordText__E)
                  00004358    0000002a     ArgumentArray.obj (.text:_ZNSt3__217__compressed_pairIPNS_5tupleIJNS_12basic_stringIcNS_11char_traitsIcEENS_9allocatorIcEEEER8ArgumentEEERNS5_ISA_EEEC1IDnSD_EEOT_OT0_)
                  00004382    0000002a     ArgumentArray.obj (.text:_ZNSt3__24swapIPNS_5tupleIJNS_12basic_stringIcNS_11char_traitsIcEENS_9allocatorIcEEEER8ArgumentEEEEENS_9enable_ifIXaasr3std3__221is_move_constructibleIT_EE5valuesr3std3__218is_move_assignableISD_EE5valueEvE4typeERSD_SG_)
                  000043ac    0000002a     ti.targets.arm.rtsarm.aem4f : System.oem4f (.text:xdc_runtime_System_putchar__I)
                  000043d6    00000028     ArgumentArray.obj (.text:_ZNSt3__213__vector_baseINS_5tupleIJNS_12basic_stringIcNS_11char_traitsIcEENS_9allocatorIcEEEER8ArgumentEEENS5_ISA_EEEC1Ev)
                  000043fe    00000002     --HOLE-- [fill = 0]
                  00004400    00000028     ArgumentArray.obj (.text:_ZNSt3__29allocatorINS_5tupleIJNS_12basic_stringIcNS_11char_traitsIcEENS0_IcEEEER8ArgumentEEEE8allocateEjPKv)
                  00004428    00000028     sysbios.aem4f : BIOS.obj (.text:ti_sysbios_knl_Swi_Module_startup__E)
                  00004450    00000026                   : m3_Hwi_asm.obj (.text:ti_sysbios_family_arm_m3_Hwi_pendSV__I)
                  00004476    00000026     ti.targets.arm.rtsarm.aem4f : System.oem4f (.text:xdc_runtime_System_avprintf__E)
                  0000449c    00000024     ArgumentArray.obj (.text:_ZNKSt3__26vectorINS_5tupleIJNS_12basic_stringIcNS_11char_traitsIcEENS_9allocatorIcEEEER8ArgumentEEENS5_ISA_EEE8max_sizeEv)
                  000044c0    00000024     rtsv7M4_T_le_v4SPD16_eabi.lib : string.cpp.obj (.text:_ZNSt3__212basic_stringIcNS_11char_traitsIcEENS_9allocatorIcEEEC1EOS5_)
                  000044e4    00000024     ArgumentArray.obj (.text:_ZNSt3__216allocator_traitsINS_9allocatorINS_5tupleIJNS_12basic_stringIcNS_11char_traitsIcEENS1_IcEEEER8ArgumentEEEEEE11__constructISA_JSA_EEEvNS_17integral_constantIbLb1EEERSB_PT_DpOT0_)
                  00004508    00000024     ArgumentArray.obj (.text:_ZNSt3__216allocator_traitsINS_9allocatorINS_5tupleIJNS_12basic_stringIcNS_11char_traitsIcEENS1_IcEEEER8ArgumentEEEEEE9constructISA_JSA_EEEvRSB_PT_DpOT0_)
                  0000452c    00000024     empty_pem4f.oem4f (.text:ti_sysbios_BIOS_errorRaiseHook__I)
                  00004550    00000024     empty_pem4f.oem4f (.text:ti_sysbios_BIOS_registerRTSLock__I)
                  00004574    00000024     empty_pem4f.oem4f (.text:ti_sysbios_BIOS_removeRTSLock__I)
                  00004598    00000024     empty_pem4f.oem4f (.text:ti_sysbios_BIOS_startFunc__I)
                  000045bc    00000024     empty_pem4f.oem4f (.text:ti_sysbios_gates_GateMutex_Object__delete__S)
                  000045e0    00000024     sysbios.aem4f : BIOS.obj (.text:ti_sysbios_knl_Clock_Module_startup__E)
                  00004604    00000004     --HOLE-- [fill = 0]
                  00004608    00000024                   : BIOS.obj (.text:ti_sysbios_knl_Task_restoreHwi__E)
                  0000462c    00000024     ti.targets.arm.rtsarm.aem4f : System.oem4f (.text:xdc_runtime_System_vprintf__E)
                  00004650    00000022     rtsv7M4_T_le_v4SPD16_eabi.lib : new.cpp.obj (.text:_Znwj)
                  00004672    00000006     --HOLE-- [fill = 0]
                  00004678    00000022     sysbios.aem4f : BIOS.obj (.text:ti_sysbios_family_arm_lm4_Timer_write__I)
                  0000469a    00000022     empty_pem4f.oem4f (.text:xdc_runtime_SysMin_output__I)
                  000046bc    00000020     ArgumentArray.obj (.text:_ZN13ArgumentArray10getByIndexEtP8Argument)
                  000046dc    00000020     rtsv7M4_T_le_v4SPD16_eabi.lib : string.cpp.obj (.text:_ZNSt3__212basic_stringIcNS_11char_traitsIcEENS_9allocatorIcEEED1Ev)
                  000046fc    00000020     empty_pem4f.oem4f (.text:ti_sysbios_BIOS_rtsLock__I)
                  0000471c    00000020     sysbios.aem4f : m3_Hwi_asm.obj (.text:ti_sysbios_family_arm_m3_Hwi_excHandlerAsm__I)
                  0000473c    00000004     --HOLE-- [fill = 0]
                  00004740    00000020                   : BIOS.obj (.text:ti_sysbios_family_arm_m3_Hwi_excHandler__I)
                  00004760    00000020     empty_pem4f.oem4f (.text:ti_sysbios_gates_GateHwi_Object__delete__S)
                  00004780    00000020     empty_pem4f.oem4f (.text:ti_sysbios_heaps_HeapMem_Object__delete__S)
                  000047a0    00000020     sysbios.aem4f : BIOS.obj (.text:ti_sysbios_knl_Idle_run__E)
                  000047c0    00000020     empty_pem4f.oem4f (.text:ti_sysbios_knl_Semaphore_Object__destruct__S)
                  000047e0    00000020     ti.targets.arm.rtsarm.aem4f : Registry.oem4f (.text:xdc_runtime_Registry_findById__E)
                  00004800    00000020                                 : SysMin.oem4f (.text:xdc_runtime_SysMin_Module_startup__E)
                  00004820    0000001e     ArgumentArray.obj (.text:_ZNKSt3__26__lessIjjEclERKjS3_)
                  0000483e    0000001e     rtsv7M4_T_le_v4SPD16_eabi.lib : string.cpp.obj (.text:_ZNSt3__212basic_stringIcNS_11char_traitsIcEENS_9allocatorIcEEEC1EPKc)
                  0000485c    0000001e     ArgumentArray.obj (.text:_ZNSt3__217__compressed_pairIPNS_5tupleIJNS_12basic_stringIcNS_11char_traitsIcEENS_9allocatorIcEEEER8ArgumentEEENS5_ISA_EEEC1IDnLb1EEEOT_)
                  0000487a    0000001e     ArgumentArray.obj (.text:_ZNSt3__23maxIjNS_6__lessIjjEEEERKT_S5_S5_T0_)
                  00004898    0000001e     ArgumentArray.obj (.text:_ZNSt3__23minIjNS_6__lessIjjEEEERKT_S5_S5_T0_)
                  000048b6    0000001e     sysbios.aem4f : m3_Hwi_asm_switch.obj (.text:ti_sysbios_family_xxx_Hwi_switchAndRunFunc)
                  000048d4    0000001c     ArgumentArray.obj (.text:_ZN13ArgumentArrayC1Ev)
                  000048f0    0000001c     main.obj (.text:_ZNSt3__211char_traitsIcE4copyEPcPKcj)
                  0000490c    00000004     --HOLE-- [fill = 0]
                  00004910    0000001c     sysbios.aem4f : BIOS.obj (.text:ti_sysbios_gates_GateMutex_Instance_init__E)
                  0000492c    0000001c     empty_pem4f.oem4f (.text:ti_sysbios_knl_Queue_Object__destruct__S)
                  00004948    0000001c     sysbios.aem4f : BIOS.obj (.text:ti_sysbios_knl_Task_enter__I)
                  00004964    0000001c     ti.targets.arm.rtsarm.aem4f : Error.oem4f (.text:xdc_runtime_Error_raiseX__E)
                  00004980    0000001c                                 : Memory.oem4f (.text:xdc_runtime_Memory_valloc__E)
                  0000499c    0000001c                                 : SysMin.oem4f (.text:xdc_runtime_SysMin_exit__E)
                  000049b8    0000001c                                 : System.oem4f (.text:xdc_runtime_System_abort__E)
                  000049d4    0000001a     ArgumentArray.obj (.text:_ZNSt3__212__tuple_implINS_15__tuple_indicesIJLj0ELj1EEEEJNS_12basic_stringIcNS_11char_traitsIcEENS_9allocatorIcEEEER8ArgumentEEC1EOSB_)
                  000049ee    0000001a     empty_pem4f.oem4f (.text:free)
                  00004a08    0000001a     empty_pem4f.oem4f (.text:ti_sysbios_family_arm_m3_Hwi_Handle__label__S)
                  00004a22    0000001a     empty_pem4f.oem4f (.text:ti_sysbios_gates_GateHwi_Handle__label__S)
                  00004a3c    0000001a     empty_pem4f.oem4f (.text:ti_sysbios_gates_GateMutex_Handle__label__S)
                  00004a56    0000001a     empty_pem4f.oem4f (.text:ti_sysbios_heaps_HeapMem_Handle__label__S)
                  00004a70    0000001a     empty_pem4f.oem4f (.text:ti_sysbios_knl_Swi_Handle__label__S)
                  00004a8a    0000001a     empty_pem4f.oem4f (.text:ti_sysbios_knl_Task_Handle__label__S)
                  00004aa4    0000001a     empty_pem4f.oem4f (.text:xdc_runtime_System_aprintf__E)
                  00004abe    0000001a     empty_pem4f.oem4f (.text:xdc_runtime_System_printf__E)
                  00004ad8    00000018     ArgumentArray.obj (.text:_ZNSt3__212__tuple_leafILj0ENS_12basic_stringIcNS_11char_traitsIcEENS_9allocatorIcEEEELb0EEC1IRS6_vEEOT_)
                  00004af0    00000018     rtsv7M4_T_le_v4SPD16_eabi.lib : args_main.c.obj (.text:_args_main)
                  00004b08    00000018     empty_pem4f.oem4f (.text:ti_sysbios_BIOS_rtsUnlock__I)
                  00004b20    00000018     empty_pem4f.oem4f (.text:ti_sysbios_family_arm_lm4_Timer_Module__startupDone__F)
                  00004b38    00000018     empty_pem4f.oem4f (.text:ti_sysbios_family_arm_m3_Hwi_Module__startupDone__F)
                  00004b50    00000018     sysbios.aem4f : m3_TaskSupport_asm.obj (.text:ti_sysbios_family_arm_m3_TaskSupport_swap__E)
                  00004b68    00000018                   : BIOS.obj (.text:ti_sysbios_gates_GateMutex_leave__E)
                  00004b80    00000018     ti.targets.arm.rtsarm.aem4f : Error.oem4f (.text:xdc_runtime_Error_check__E)
                  00004b98    00000018                                 : System.oem4f (.text:xdc_runtime_System_exit__E)
                  00004bb0    00000018                                 : Text.oem4f (.text:xdc_runtime_Text_ropeText__E)
                  00004bc8    00000016     ArgumentArray.obj (.text:_ZNKSt3__213__vector_baseINS_5tupleIJNS_12basic_stringIcNS_11char_traitsIcEENS_9allocatorIcEEEER8ArgumentEEENS5_ISA_EEE8capacityEv)
                  00004bde    00000016     ArgumentArray.obj (.text:_ZNKSt3__214__split_bufferINS_5tupleIJNS_12basic_stringIcNS_11char_traitsIcEENS_9allocatorIcEEEER8ArgumentEEERNS5_ISA_EEE8capacityEv)
                  00004bf4    00000016     ArgumentArray.obj (.text:_ZNKSt3__26vectorINS_5tupleIJNS_12basic_stringIcNS_11char_traitsIcEENS_9allocatorIcEEEER8ArgumentEEENS5_ISA_EEE4sizeEv)
                  00004c0a    00000016     ArgumentArray.obj (.text:_ZNSt3__222__compressed_pair_elemIPNS_5tupleIJNS_12basic_stringIcNS_11char_traitsIcEENS_9allocatorIcEEEER8ArgumentEEELi0ELb0EEC1IDnvEEOT_)
                  00004c20    00000016     ArgumentArray.obj (.text:_ZNSt3__26vectorINS_5tupleIJNS_12basic_stringIcNS_11char_traitsIcEENS_9allocatorIcEEEER8ArgumentEEENS5_ISA_EEEixEj)
                  00004c36    00000016     empty_pem4f.oem4f (.text:ti_sysbios_BIOS_exitFunc__I)
                  00004c4c    00000014     ArgumentArray.obj (.text:_ZN13ArgumentArrayD0Ev)
                  00004c60    00000014     main.obj (.text:_ZNSt3__211char_traitsIcE6assignERcRKc)
                  00004c74    00000014     ArgumentArray.obj (.text:_ZNSt3__212__tuple_leafILj1ER8ArgumentLb0EEC1IS2_vEEOT_)
                  00004c88    00000014     ArgumentArray.obj (.text:_ZNSt3__214__split_bufferINS_5tupleIJNS_12basic_stringIcNS_11char_traitsIcEENS_9allocatorIcEEEER8ArgumentEEERNS5_ISA_EEE17__destruct_at_endEPSA_)
                  00004c9c    00000014     ArgumentArray.obj (.text:_ZNSt3__216allocator_traitsINS_9allocatorINS_5tupleIJNS_12basic_stringIcNS_11char_traitsIcEENS1_IcEEEER8ArgumentEEEEEE10deallocateERSB_PSA_j)
                  00004cb0    00000014     ArgumentArray.obj (.text:_ZNSt3__216allocator_traitsINS_9allocatorINS_5tupleIJNS_12basic_stringIcNS_11char_traitsIcEENS1_IcEEEER8ArgumentEEEEEE7destroyISA_EEvRSB_PT_)
                  00004cc4    00000014     ArgumentArray.obj (.text:_ZNSt3__216allocator_traitsINS_9allocatorINS_5tupleIJNS_12basic_stringIcNS_11char_traitsIcEENS1_IcEEEER8ArgumentEEEEEE9__destroyISA_EEvNS_17integral_constantIbLb1EEERSB_PT_)
                  00004cd8    00000014     ArgumentArray.obj (.text:_ZNSt3__222__compressed_pair_elemIRNS_9allocatorINS_5tupleIJNS_12basic_stringIcNS_11char_traitsIcEENS1_IcEEEER8ArgumentEEEEELi1ELb0EEC1ISC_vEEOT_)
                  00004cec    00000014     ArgumentArray.obj (.text:_ZNSt3__23maxIjEERKT_S3_S3_)
                  00004d00    00000014     ArgumentArray.obj (.text:_ZNSt3__23minIjEERKT_S3_S3_)
                  00004d14    00000014     rtsv7M4_T_le_v4SPD16_eabi.lib : strlen.c.obj (.text:strlen)
                  00004d28    00000014     empty_pem4f.oem4f (.text:ti_sysbios_family_arm_m3_Hwi_Object__get__S)
                  00004d3c    00000004     --HOLE-- [fill = 0]
                  00004d40    00000014     sysbios.aem4f : BIOS.obj (.text:ti_sysbios_family_arm_m3_Hwi_switchFromBootStack__E)
                  00004d54    00000014     empty_pem4f.oem4f (.text:ti_sysbios_heaps_HeapMem_Object__get__S)
                  00004d68    00000014     empty_pem4f.oem4f (.text:ti_sysbios_knl_Swi_Object__get__S)
                  00004d7c    00000012     ArgumentArray.obj (.text:_ZNSt3__212__tuple_leafILj0ENS_12basic_stringIcNS_11char_traitsIcEENS_9allocatorIcEEEELb0EEC1EOS7_)
                  00004d8e    00000012     ArgumentArray.obj (.text:_ZNSt3__216allocator_traitsINS_9allocatorINS_5tupleIJNS_12basic_stringIcNS_11char_traitsIcEENS1_IcEEEER8ArgumentEEEEEE8allocateERSB_j)
                  00004da0    00000012     main.obj (.text:_ZNSt3__222__compressed_pair_elemINS_12basic_stringIcNS_11char_traitsIcEENS_9allocatorIcEEE5__repELi0ELb0EEC1Ev)
                  00004db2    00000012     ArgumentArray.obj (.text:_ZNSt3__25tupleIJNS_12basic_stringIcNS_11char_traitsIcEENS_9allocatorIcEEEER8ArgumentEEC1EOS9_)
                  00004dc4    00000004     --HOLE-- [fill = 0]
                  00004dc8    00000012     sysbios.aem4f : BIOS.obj (.text:ti_sysbios_hal_Hwi_Module_startup__E)
                  00004dda    00000012     empty_pem4f.oem4f (.text:xdc_runtime_Startup_exec__I)
                  00004dec    00000010     ArgumentArray.obj (.text:_ZN13ArgumentArrayD1Ev)
                  00004dfc    00000010     ArgumentArray.obj (.text:_ZNKSt3__26vectorINS_5tupleIJNS_12basic_stringIcNS_11char_traitsIcEENS_9allocatorIcEEEER8ArgumentEEENS5_ISA_EEE31__annotate_contiguous_containerEPKvSE_SE_SE_)
                  00004e0c    00000010     ArgumentArray.obj (.text:_ZNSt3__212__tuple_leafILj0ENS_12basic_stringIcNS_11char_traitsIcEENS_9allocatorIcEEEELb0EEC2EOS7_)
                  00004e1c    00000010     ArgumentArray.obj (.text:_ZNSt3__212__tuple_leafILj0ENS_12basic_stringIcNS_11char_traitsIcEENS_9allocatorIcEEEELb0EEC2IRS6_vEEOT_)
                  00004e2c    00000010     ArgumentArray.obj (.text:_ZNSt3__212__tuple_leafILj1ER8ArgumentLb0EEC2IS2_vEEOT_)
                  00004e3c    00000010     ArgumentArray.obj (.text:_ZNSt3__213__vector_baseINS_5tupleIJNS_12basic_stringIcNS_11char_traitsIcEENS_9allocatorIcEEEER8ArgumentEEENS5_ISA_EEE5clearEv)
                  00004e4c    00000010     ArgumentArray.obj (.text:_ZNSt3__214__split_bufferINS_5tupleIJNS_12basic_stringIcNS_11char_traitsIcEENS_9allocatorIcEEEER8ArgumentEEERNS5_ISA_EEE5clearEv)
                  00004e5c    00000010     ArgumentArray.obj (.text:_ZNSt3__216allocator_traitsINS_9allocatorINS_5tupleIJNS_12basic_stringIcNS_11char_traitsIcEENS1_IcEEEER8ArgumentEEEEEE10__max_sizeENS_17integral_constantIbLb1EEERKSB_)
                  00004e6c    00000010     ArgumentArray.obj (.text:_ZNSt3__216allocator_traitsINS_9allocatorINS_5tupleIJNS_12basic_stringIcNS_11char_traitsIcEENS1_IcEEEER8ArgumentEEEEEE8max_sizeERKSB_)
                  00004e7c    00000010     ArgumentArray.obj (.text:_ZNSt3__222__compressed_pair_elemIPNS_5tupleIJNS_12basic_stringIcNS_11char_traitsIcEENS_9allocatorIcEEEER8ArgumentEEELi0ELb0EEC2IDnvEEOT_)
                  00004e8c    00000010     ArgumentArray.obj (.text:_ZNSt3__222__compressed_pair_elemIRNS_9allocatorINS_5tupleIJNS_12basic_stringIcNS_11char_traitsIcEENS1_IcEEEER8ArgumentEEEEELi1ELb0EEC2ISC_vEEOT_)
                  00004e9c    00000010     ArgumentArray.obj (.text:_ZNSt3__26vectorINS_5tupleIJNS_12basic_stringIcNS_11char_traitsIcEENS_9allocatorIcEEEER8ArgumentEEENS5_ISA_EEE24__RAII_IncreaseAnnotatorC1ERKSC_j)
                  00004eac    00000010     ArgumentArray.obj (.text:_ZNSt3__29allocatorINS_5tupleIJNS_12basic_stringIcNS_11char_traitsIcEENS0_IcEEEER8ArgumentEEEE10deallocateEPS9_j)
                  00004ebc    00000004     --HOLE-- [fill = 0]
                  00004ec0    00000010     sysbios.aem4f : BIOS.obj (.text:ti_sysbios_BIOS_setThreadType__E)
                  00004ed0    00000010                   : m3_TaskSupport_asm.obj (.text:ti_sysbios_family_arm_m3_TaskSupport_glue)
                  00004ee0    00000010                   : BIOS.obj (.text:ti_sysbios_gates_GateMutex_Instance_finalize__E)
                  00004ef0    00000010                   : BIOS.obj (.text:ti_sysbios_knl_Semaphore_Instance_finalize__E)
                  00004f00    00000010                   : BIOS.obj (.text:ti_sysbios_knl_Swi_disable__E)
                  00004f10    00000010     empty_pem4f.oem4f (.text:ti_sysbios_knl_Task_Object__get__S)
                  00004f20    00000010     sysbios.aem4f : BIOS.obj (.text:ti_sysbios_knl_Task_disable__E)
                  00004f30    00000010     ti.targets.arm.rtsarm.aem4f : Gate.oem4f (.text:xdc_runtime_Gate_leaveSystem__E)
                  00004f40    00000010                                 : Memory.oem4f (.text:xdc_runtime_Memory_free__E)
                  00004f50    00000010                                 : SysMin.oem4f (.text:xdc_runtime_SysMin_ready__E)
                  00004f60    00000010                                 : System.oem4f (.text:xdc_runtime_System_vsnprintf__E)
                  00004f70    00000010     empty_pem4f.oem4f (.text:xdc_runtime_Text_visitRope__I)
                  00004f80    0000000e     rtsv7M4_T_le_v4SPD16_eabi.lib : typeinfo.c.obj (.text:_ZN10__cxxabiv117__class_type_infoD0Ev)
                  00004f8e    0000000e                                   : typeinfo.c.obj (.text:_ZN10__cxxabiv120__si_class_type_infoD0Ev)
                  00004f9c    0000000e     Argument.obj (.text:_ZN8ArgumentC1ERKS_)
                  00004faa    0000000e     ArgumentArray.obj (.text:_ZNKSt3__213__vector_baseINS_5tupleIJNS_12basic_stringIcNS_11char_traitsIcEENS_9allocatorIcEEEER8ArgumentEEENS5_ISA_EEE7__allocEv)
                  00004fb8    0000000e     ArgumentArray.obj (.text:_ZNKSt3__213__vector_baseINS_5tupleIJNS_12basic_stringIcNS_11char_traitsIcEENS_9allocatorIcEEEER8ArgumentEEENS5_ISA_EEE9__end_capEv)
                  00004fc6    0000000e     ArgumentArray.obj (.text:_ZNKSt3__214__split_bufferINS_5tupleIJNS_12basic_stringIcNS_11char_traitsIcEENS_9allocatorIcEEEER8ArgumentEEERNS5_ISA_EEE9__end_capEv)
                  00004fd4    0000000e     ArgumentArray.obj (.text:_ZNKSt3__26vectorINS_5tupleIJNS_12basic_stringIcNS_11char_traitsIcEENS_9allocatorIcEEEER8ArgumentEEENS5_ISA_EEE4dataEv)
                  00004fe2    0000000e     ArgumentArray.obj (.text:_ZNKSt3__29allocatorINS_5tupleIJNS_12basic_stringIcNS_11char_traitsIcEENS0_IcEEEER8ArgumentEEEE8max_sizeEv)
                  00004ff0    0000000e     ArgumentArray.obj (.text:_ZNSt3__212__tuple_implINS_15__tuple_indicesIJLj0ELj1EEEEJNS_12basic_stringIcNS_11char_traitsIcEENS_9allocatorIcEEEER8ArgumentEED1Ev)
                  00004ffe    0000000e     ArgumentArray.obj (.text:_ZNSt3__212__tuple_leafILj0ENS_12basic_stringIcNS_11char_traitsIcEENS_9allocatorIcEEEELb0EED1Ev)
                  0000500c    0000000e     ArgumentArray.obj (.text:_ZNSt3__212__tuple_leafILj1ER8ArgumentLb0EE3getEv)
                  0000501a    0000000e     ArgumentArray.obj (.text:_ZNSt3__213__vector_baseINS_5tupleIJNS_12basic_stringIcNS_11char_traitsIcEENS_9allocatorIcEEEER8ArgumentEEENS5_ISA_EEE7__allocEv)
                  00005028    0000000e     ArgumentArray.obj (.text:_ZNSt3__213__vector_baseINS_5tupleIJNS_12basic_stringIcNS_11char_traitsIcEENS_9allocatorIcEEEER8ArgumentEEENS5_ISA_EEE9__end_capEv)
                  00005036    0000000e     ArgumentArray.obj (.text:_ZNSt3__214__split_bufferINS_5tupleIJNS_12basic_stringIcNS_11char_traitsIcEENS_9allocatorIcEEEER8ArgumentEEERNS5_ISA_EEE7__allocEv)
                  00005044    0000000e     ArgumentArray.obj (.text:_ZNSt3__214__split_bufferINS_5tupleIJNS_12basic_stringIcNS_11char_traitsIcEENS_9allocatorIcEEEER8ArgumentEEERNS5_ISA_EEE9__end_capEv)
                  00005052    0000000e     ArgumentArray.obj (.text:_ZNSt3__217__compressed_pairIPNS_5tupleIJNS_12basic_stringIcNS_11char_traitsIcEENS_9allocatorIcEEEER8ArgumentEEERNS5_ISA_EEE6secondEv)
                  00005060    0000000e     ArgumentArray.obj (.text:_ZNSt3__222__compressed_pair_elemINS_9allocatorINS_5tupleIJNS_12basic_stringIcNS_11char_traitsIcEENS1_IcEEEER8ArgumentEEEEELi1ELb1EEC1Ev)
                  0000506e    0000000e     ArgumentArray.obj (.text:_ZNSt3__222__compressed_pair_elemIRNS_9allocatorINS_5tupleIJNS_12basic_stringIcNS_11char_traitsIcEENS1_IcEEEER8ArgumentEEEEELi1ELb0EE5__getEv)
                  0000507c    0000000e     ArgumentArray.obj (.text:_ZNSt3__23getILj1EJNS_12basic_stringIcNS_11char_traitsIcEENS_9allocatorIcEEEER8ArgumentEEERNS_13tuple_elementIXT_ENS_5tupleIJDpT0_EEEE4typeERSD_)
                  0000508a    0000000e     ArgumentArray.obj (.text:_ZNSt3__25tupleIJNS_12basic_stringIcNS_11char_traitsIcEENS_9allocatorIcEEEER8ArgumentEED1Ev)
                  00005098    0000000e     ArgumentArray.obj (.text:_ZNSt3__26vectorINS_5tupleIJNS_12basic_stringIcNS_11char_traitsIcEENS_9allocatorIcEEEER8ArgumentEEENS5_ISA_EEEC1Ev)
                  000050a6    0000000e     ArgumentArray.obj (.text:_ZNSt3__26vectorINS_5tupleIJNS_12basic_stringIcNS_11char_traitsIcEENS_9allocatorIcEEEER8ArgumentEEENS5_ISA_EEED1Ev)
                  000050b4    0000000e     ArgumentArray.obj (.text:_ZNSt3__29allocatorINS_5tupleIJNS_12basic_stringIcNS_11char_traitsIcEENS0_IcEEEER8ArgumentEEEE7destroyEPS9_)
                  000050c2    0000000e     ArgumentArray.obj (.text:_ZnwjPv)
                  000050d0    0000000e     rtsv7M4_T_le_v4SPD16_eabi.lib : copy_decompress_none.c.obj (.text:decompress:none:__TI_decompress_none)
                  000050de    00000002     --HOLE-- [fill = 0]
                  000050e0    0000000e     sysbios.aem4f : BIOS.obj (.text:ti_sysbios_knl_Idle_loop__E)
                  000050ee    00000002     --HOLE-- [fill = 0]
                  000050f0    0000000e                   : BIOS.obj (.text:ti_sysbios_knl_Queue_empty__E)
                  000050fe    00000002     --HOLE-- [fill = 0]
                  00005100    0000000c     empty_pem4f.oem4f (.text:.bootCodeSection:ti_catalog_arm_cortexm4_tiva_ce_Boot_init__I)
                  0000510c    0000000c     Argument.obj (.text:_ZN8ArgumentC1Ev)
                  00005118    0000000c     Argument.obj (.text:_ZN8ArgumentD1Ev)
                  00005124    0000000c     ArgumentArray.obj (.text:_ZNKSt3__217__compressed_pairIPNS_5tupleIJNS_12basic_stringIcNS_11char_traitsIcEENS_9allocatorIcEEEER8ArgumentEEENS5_ISA_EEE5firstEv)
                  00005130    0000000c     ArgumentArray.obj (.text:_ZNKSt3__217__compressed_pairIPNS_5tupleIJNS_12basic_stringIcNS_11char_traitsIcEENS_9allocatorIcEEEER8ArgumentEEENS5_ISA_EEE6secondEv)
                  0000513c    0000000c     ArgumentArray.obj (.text:_ZNKSt3__217__compressed_pairIPNS_5tupleIJNS_12basic_stringIcNS_11char_traitsIcEENS_9allocatorIcEEEER8ArgumentEEERNS5_ISA_EEE5firstEv)
                  00005148    0000000c     rtsv7M4_T_le_v4SPD16_eabi.lib : vector.cpp.obj (.text:_ZNKSt3__220__vector_base_commonILb1EE20__throw_length_errorEv)
                  00005154    0000000c                                   : string.cpp.obj (.text:_ZNKSt3__221__basic_string_commonILb1EE20__throw_length_errorEv)
                  00005160    0000000c     main.obj (.text:_ZNKSt3__222__compressed_pair_elemINS_12basic_stringIcNS_11char_traitsIcEENS_9allocatorIcEEE5__repELi0ELb0EE5__getEv)
                  0000516c    0000000c     ArgumentArray.obj (.text:_ZNKSt3__222__compressed_pair_elemINS_9allocatorINS_5tupleIJNS_12basic_stringIcNS_11char_traitsIcEENS1_IcEEEER8ArgumentEEEEELi1ELb1EE5__getEv)
                  00005178    0000000c     ArgumentArray.obj (.text:_ZNKSt3__222__compressed_pair_elemIPNS_5tupleIJNS_12basic_stringIcNS_11char_traitsIcEENS_9allocatorIcEEEER8ArgumentEEELi0ELb0EE5__getEv)
                  00005184    0000000c     ArgumentArray.obj (.text:_ZNKSt3__26vectorINS_5tupleIJNS_12basic_stringIcNS_11char_traitsIcEENS_9allocatorIcEEEER8ArgumentEEENS5_ISA_EEE8capacityEv)
                  00005190    0000000c     main.obj (.text:_ZNSt3__210__allocateEj)
                  0000519c    0000000c     main.obj (.text:_ZNSt3__211char_traitsIcE6lengthEPKc)
                  000051a8    0000000c     ArgumentArray.obj (.text:_ZNSt3__212__tuple_leafILj0ENS_12basic_stringIcNS_11char_traitsIcEENS_9allocatorIcEEEELb0EED2Ev)
                  000051b4    0000000c     ArgumentArray.obj (.text:_ZNSt3__213__vector_baseINS_5tupleIJNS_12basic_stringIcNS_11char_traitsIcEENS_9allocatorIcEEEER8ArgumentEEENS5_ISA_EEEC2Ev)
                  000051c0    0000000c     ArgumentArray.obj (.text:_ZNSt3__213__vector_baseINS_5tupleIJNS_12basic_stringIcNS_11char_traitsIcEENS_9allocatorIcEEEER8ArgumentEEENS5_ISA_EEED2Ev)
                  000051cc    0000000c     ArgumentArray.obj (.text:_ZNSt3__216__to_raw_pointerINS_5tupleIJNS_12basic_stringIcNS_11char_traitsIcEENS_9allocatorIcEEEER8ArgumentEEEEEPT_SC_)
                  000051d8    0000000c     ArgumentArray.obj (.text:_ZNSt3__216move_if_noexceptINS_5tupleIJNS_12basic_stringIcNS_11char_traitsIcEENS_9allocatorIcEEEER8ArgumentEEEEENS_11conditionalIXaantsr3std3__229is_nothrow_move_constructibleIT_EE5valuesr3std3__221is_copy_constructibleISC_EE5valueERKSC_OSC_E4typeERSC_)
                  000051e4    0000000c     ArgumentArray.obj (.text:_ZNSt3__217__compressed_pairIPNS_5tupleIJNS_12basic_stringIcNS_11char_traitsIcEENS_9allocatorIcEEEER8ArgumentEEENS5_ISA_EEE5firstEv)
                  000051f0    0000000c     ArgumentArray.obj (.text:_ZNSt3__217__compressed_pairIPNS_5tupleIJNS_12basic_stringIcNS_11char_traitsIcEENS_9allocatorIcEEEER8ArgumentEEENS5_ISA_EEE6secondEv)
                  000051fc    0000000c     ArgumentArray.obj (.text:_ZNSt3__217__compressed_pairIPNS_5tupleIJNS_12basic_stringIcNS_11char_traitsIcEENS_9allocatorIcEEEER8ArgumentEEERNS5_ISA_EEE5firstEv)
                  00005208    0000000c     main.obj (.text:_ZNSt3__219__libcpp_deallocateEPv)
                  00005214    0000000c     main.obj (.text:_ZNSt3__222__compressed_pair_elemINS_12basic_stringIcNS_11char_traitsIcEENS_9allocatorIcEEE5__repELi0ELb0EE5__getEv)
                  00005220    0000000c     main.obj (.text:_ZNSt3__222__compressed_pair_elemINS_12basic_stringIcNS_11char_traitsIcEENS_9allocatorIcEEE5__repELi0ELb0EEC2Ev)
                  0000522c    0000000c     ArgumentArray.obj (.text:_ZNSt3__222__compressed_pair_elemINS_9allocatorINS_5tupleIJNS_12basic_stringIcNS_11char_traitsIcEENS1_IcEEEER8ArgumentEEEEELi1ELb1EE5__getEv)
                  00005238    0000000c     ArgumentArray.obj (.text:_ZNSt3__222__compressed_pair_elemINS_9allocatorINS_5tupleIJNS_12basic_stringIcNS_11char_traitsIcEENS1_IcEEEER8ArgumentEEEEELi1ELb1EEC2Ev)
                  00005244    0000000c     ArgumentArray.obj (.text:_ZNSt3__222__compressed_pair_elemIPNS_5tupleIJNS_12basic_stringIcNS_11char_traitsIcEENS_9allocatorIcEEEER8ArgumentEEELi0ELb0EE5__getEv)
                  00005250    0000000c     ArgumentArray.obj (.text:_ZNSt3__24moveIRNS_5tupleIJNS_12basic_stringIcNS_11char_traitsIcEENS_9allocatorIcEEEER8ArgumentEEEEEONS_16remove_referenceIT_E4typeEOSD_)
                  0000525c    0000000c     ArgumentArray.obj (.text:_ZNSt3__24moveIRPNS_5tupleIJNS_12basic_stringIcNS_11char_traitsIcEENS_9allocatorIcEEEER8ArgumentEEEEEONS_16remove_referenceIT_E4typeEOSE_)
                  00005268    0000000c     ArgumentArray.obj (.text:_ZNSt3__27forwardIDnEEOT_RNS_16remove_referenceIS1_E4typeE)
                  00005274    0000000c     ArgumentArray.obj (.text:_ZNSt3__27forwardINS_5tupleIJNS_12basic_stringIcNS_11char_traitsIcEENS_9allocatorIcEEEER8ArgumentEEEEEOT_RNS_16remove_referenceISB_E4typeE)
                  00005280    0000000c     ArgumentArray.obj (.text:_ZNSt3__27forwardIR8ArgumentEEOT_RNS_16remove_referenceIS3_E4typeE)
                  0000528c    0000000c     ArgumentArray.obj (.text:_ZNSt3__27forwardIRNS_12basic_stringIcNS_11char_traitsIcEENS_9allocatorIcEEEEEEOT_RNS_16remove_referenceIS8_E4typeE)
                  00005298    0000000c     ArgumentArray.obj (.text:_ZNSt3__27forwardIRNS_9allocatorINS_5tupleIJNS_12basic_stringIcNS_11char_traitsIcEENS1_IcEEEER8ArgumentEEEEEEEOT_RNS_16remove_referenceISD_E4typeE)
                  000052a4    0000000c     ArgumentArray.obj (.text:_ZNSt3__29allocatorINS_5tupleIJNS_12basic_stringIcNS_11char_traitsIcEENS0_IcEEEER8ArgumentEEEEC1Ev)
                  000052b0    0000000c     ArgumentArray.obj (.text:_ZNSt3__29allocatorINS_5tupleIJNS_12basic_stringIcNS_11char_traitsIcEENS0_IcEEEER8ArgumentEEEEC2Ev)
                  000052bc    0000000c     rtsv7M4_T_le_v4SPD16_eabi.lib : new.cpp.obj (.text:_ZSt15get_new_handlerv)
                  000052c8    0000000c                                   : _lock.c.obj (.text:_register_lock)
                  000052d4    0000000c                                   : _lock.c.obj (.text:_register_unlock)
                  000052e0    0000000c                                   : copy_zero_init.c.obj (.text:decompress:ZI:__TI_zero_init)
                  000052ec    00000004     --HOLE-- [fill = 0]
                  000052f0    0000000c     sysbios.aem4f : BIOS.obj (.text:ti_sysbios_family_arm_lm4_Timer_getMaxTicks__E)
                  000052fc    00000004     --HOLE-- [fill = 0]
                  00005300    0000000c                   : BIOS.obj (.text:ti_sysbios_family_arm_m3_TaskSupport_checkStack__E)
                  0000530c    00000004     --HOLE-- [fill = 0]
                  00005310    0000000c                   : BIOS.obj (.text:ti_sysbios_gates_GateHwi_enter__E)
                  0000531c    0000000c     empty_pem4f.oem4f (.text:ti_sysbios_knl_Queue_Object__get__S)
                  00005328    0000000c     ti.targets.arm.rtsarm.aem4f : Error.oem4f (.text:xdc_runtime_Error_init__E)
                  00005334    0000000c                                 : Gate.oem4f (.text:xdc_runtime_Gate_enterSystem__E)
                  00005340    0000000c                                 : Memory.oem4f (.text:xdc_runtime_Memory_calloc__E)
                  0000534c    0000000c                                 : Memory.oem4f (.text:xdc_runtime_Memory_getMaxDefaultTypeAlign__E)
                  00005358    0000000a     main.obj (.text:_ZNSt3__220__throw_length_errorEPKc)
                  00005362    0000000a     ArgumentArray.obj (.text:_ZNSt3__26vectorINS_5tupleIJNS_12basic_stringIcNS_11char_traitsIcEENS_9allocatorIcEEEER8ArgumentEEENS5_ISA_EEE24__RAII_IncreaseAnnotator6__doneEv)
                  0000536c    0000000a     ArgumentArray.obj (.text:_ZNSt3__26vectorINS_5tupleIJNS_12basic_stringIcNS_11char_traitsIcEENS_9allocatorIcEEEER8ArgumentEEENS5_ISA_EEE26__invalidate_all_iteratorsEv)
                  00005376    0000000a     empty_pem4f.oem4f (.text:xdc_runtime_IHeap_alloc)
                  00005380    0000000a     empty_pem4f.oem4f (.text:xdc_runtime_IHeap_free)
                  0000538a    00000008     rtsv7M4_T_le_v4SPD16_eabi.lib : new.cpp.obj (.text:_ZdlPv)
                  00005392    00000008     sysbios.aem4f : BIOS.obj (.text:ti_sysbios_family_arm_lm4_Timer_masterDisable__I)
                  0000539a    00000006     --HOLE-- [fill = 0]
                  000053a0    00000008                   : BIOS.obj (.text:ti_sysbios_family_arm_m3_Hwi_doSwiRestore__I)
                  000053a8    00000008                   : BIOS.obj (.text:ti_sysbios_family_arm_m3_Hwi_startup__E)
                  000053b0    00000006                   : BIOS.obj (.text:ti_sysbios_family_arm_m3_Hwi_doTaskRestore__I)
                  000053b6    00000002     --HOLE-- [fill = 0]
                  000053b8    00000006                   : BIOS.obj (.text:ti_sysbios_gates_GateHwi_leave__E)
                  000053be    00000002     --HOLE-- [fill = 0]
                  000053c0    00000006                   : BIOS.obj (.text:ti_sysbios_heaps_HeapMem_isBlocking__E)
                  000053c6    00000002     --HOLE-- [fill = 0]
                  000053c8    00000006                   : BIOS.obj (.text:ti_sysbios_knl_Queue_Instance_init__E)
                  000053ce    00000002     --HOLE-- [fill = 0]
                  000053d0    00000006                   : BIOS.obj (.text:ti_sysbios_knl_Swi_startup__E)
                  000053d6    00000002     --HOLE-- [fill = 0]
                  000053d8    00000004                   : BIOS.obj (.text:ti_sysbios_gates_GateHwi_query__E)
                  000053dc    00000004     --HOLE-- [fill = 0]
                  000053e0    00000004                   : BIOS.obj (.text:ti_sysbios_gates_GateMutex_query__E)
                  000053e4    00000004     --HOLE-- [fill = 0]
                  000053e8    00000004                   : BIOS.obj (.text:ti_sysbios_knl_Task_startup__E)
                  000053ec    00000004     --HOLE-- [fill = 0]
                  000053f0    00000002                   : BIOS.obj (.text:ti_sysbios_gates_GateHwi_Instance_init__E)
                  000053f2    00000006     --HOLE-- [fill = 0]
                  000053f8    00000002                   : BIOS.obj (.text:ti_sysbios_knl_Clock_logTick__E)

.const     0    000053fc    00001e40     
                  000053fc    00001861     empty_pem4f.oem4f (.const:xdc_runtime_Text_charTab__A)
                  00006c5d    00000001     empty_pem4f.oem4f (.const:xdc_runtime_Error_policy__C)
                  00006c5e    000000bc     empty_pem4f.oem4f (.const:xdc_runtime_Text_nodeTab__A)
                  00006d1a    00000002     empty_pem4f.oem4f (.const:ti_catalog_arm_cortexm4_tiva_ce_Boot_Module__id__C)
                  00006d1c    00000048     empty_pem4f.oem4f (.const:.string)
                  00006d64    00000044     ArgumentArray.obj (.const:.string:_ZZNSt3__29allocatorINS_5tupleIJNS_12basic_stringIcNS_11char_traitsIcEENS0_IcEEEER8ArgumentEEEE8allocateEjPKvEs)
                  00006da8    00000030     rtsv7M4_T_le_v4SPD16_eabi.lib : string.cpp.obj (.const:$O1$$)
                  00006dd8    00000028     empty_pem4f.oem4f (.const:ti_sysbios_heaps_HeapMem_Module__FXNS__C)
                  00006e00    00000025     rtsv7M4_T_le_v4SPD16_eabi.lib : typeinfo.c.obj (.const:.typeinfo:_ZTSN10__cxxabiv120__si_class_type_infoE)
                  00006e25    00000001     --HOLE-- [fill = 0]
                  00006e26    00000002     empty_pem4f.oem4f (.const:ti_sysbios_family_arm_m3_Hwi_Module__id__C)
                  00006e28    00000024     empty_pem4f.oem4f (.const:ti_sysbios_gates_GateHwi_Module__FXNS__C)
                  00006e4c    00000024     empty_pem4f.oem4f (.const:ti_sysbios_gates_GateMutex_Module__FXNS__C)
                  00006e70    00000024     empty_pem4f.oem4f (.const:ti_sysbios_heaps_HeapMem_Object__PARAMS__C)
                  00006e94    00000024     empty_pem4f.oem4f (.const:ti_sysbios_knl_Semaphore_Object__PARAMS__C)
                  00006eb8    00000022     rtsv7M4_T_le_v4SPD16_eabi.lib : typeinfo.c.obj (.const:.typeinfo:_ZTSN10__cxxabiv117__class_type_infoE)
                  00006eda    00000002     empty_pem4f.oem4f (.const:ti_sysbios_gates_GateMutex_Module__id__C)
                  00006edc    00000020     empty_pem4f.oem4f (.const:ti_sysbios_gates_GateHwi_Object__DESC__C)
                  00006efc    00000020     empty_pem4f.oem4f (.const:ti_sysbios_gates_GateMutex_Object__DESC__C)
                  00006f1c    00000020     empty_pem4f.oem4f (.const:ti_sysbios_heaps_HeapMem_Object__DESC__C)
                  00006f3c    00000020     empty_pem4f.oem4f (.const:ti_sysbios_knl_Queue_Object__DESC__C)
                  00006f5c    00000020     empty_pem4f.oem4f (.const:ti_sysbios_knl_Semaphore_Object__DESC__C)
                  00006f7c    00000020     empty_pem4f.oem4f (.const:xdc_runtime_Startup_sfxnTab__A)
                  00006f9c    00000018     empty_pem4f.oem4f (.const:ti_sysbios_gates_GateHwi_Object__PARAMS__C)
                  00006fb4    00000018     empty_pem4f.oem4f (.const:ti_sysbios_gates_GateMutex_Object__PARAMS__C)
                  00006fcc    00000018     empty_pem4f.oem4f (.const:ti_sysbios_knl_Queue_Object__PARAMS__C)
                  00006fe4    00000014     empty_pem4f.oem4f (.const:xdc_runtime_Startup_firstFxns__A)
                  00006ff8    00000010     ArgumentArray.obj (.const:.typeinfo:_ZTS13ArgumentArray)
                  00007008    00000010     ArgumentArray.obj (.const:_ZTV13ArgumentArray)
                  00007018    00000010     rtsv7M4_T_le_v4SPD16_eabi.lib : typeinfo.c.obj (.const:_ZTVN10__cxxabiv117__class_type_infoE)
                  00007028    00000010                                   : typeinfo.c.obj (.const:_ZTVN10__cxxabiv120__si_class_type_infoE)
                  00007038    00000010     empty_pem4f.oem4f (.const:xdc_runtime_Startup_sfxnRts__A)
                  00007048    0000000d     rtsv7M4_T_le_v4SPD16_eabi.lib : string.cpp.obj (.const:.string:_ZZNKSt3__221__basic_string_commonILb1EE20__throw_length_errorEvEs)
                  00007055    0000000d                                   : stdlib_typeinfo.cpp.obj (.const:.typeinfo:_ZTSSt9type_info)
                  00007062    00000002     empty_pem4f.oem4f (.const:ti_sysbios_hal_Hwi_Module__id__C)
                  00007064    0000000c     rtsv7M4_T_le_v4SPD16_eabi.lib : typeinfo.c.obj (.const:.typeinfo:_ZTIN10__cxxabiv117__class_type_infoE)
                  00007070    0000000c                                   : typeinfo.c.obj (.const:.typeinfo:_ZTIN10__cxxabiv120__si_class_type_infoE)
                  0000707c    00000008     ArgumentArray.obj (.const:.typeinfo:_ZTI13ArgumentArray)
                  00007084    00000008     rtsv7M4_T_le_v4SPD16_eabi.lib : stdlib_typeinfo.cpp.obj (.const:.typeinfo:_ZTISt9type_info)
                  0000708c    00000008     empty_pem4f.oem4f (.const:ti_sysbios_family_arm_m3_Hwi_excHookFuncs__A)
                  00007094    00000008     empty_pem4f.oem4f (.const:ti_sysbios_knl_Idle_funcList__C)
                  0000709c    00000008     empty_pem4f.oem4f (.const:xdc_runtime_Startup_firstFxns__C)
                  000070a4    00000008     empty_pem4f.oem4f (.const:xdc_runtime_Startup_lastFxns__C)
                  000070ac    00000007     rtsv7M4_T_le_v4SPD16_eabi.lib : vector.cpp.obj (.const:.string:_ZZNKSt3__220__vector_base_commonILb1EE20__throw_length_errorEvEs)
                  000070b3    00000001     --HOLE-- [fill = 0]
                  000070b4    00000004     empty_pem4f.oem4f (.const:ti_catalog_arm_cortexm4_tiva_ce_Boot_A_mustUseEnhancedClockMode__C)
                  000070b8    00000004     empty_pem4f.oem4f (.const:ti_catalog_arm_cortexm4_tiva_ce_Boot_Module__diagsEnabled__C)
                  000070bc    00000004     empty_pem4f.oem4f (.const:ti_catalog_arm_cortexm4_tiva_ce_Boot_Module__diagsIncluded__C)
                  000070c0    00000004     empty_pem4f.oem4f (.const:ti_catalog_arm_cortexm4_tiva_ce_Boot_Module__diagsMask__C)
                  000070c4    00000004     empty_pem4f.oem4f (.const:ti_sysbios_family_arm_lm4_Timer_enableFunc__C)
                  000070c8    00000004     empty_pem4f.oem4f (.const:ti_sysbios_family_arm_lm4_Timer_numTimerDevices__C)
                  000070cc    00000004     empty_pem4f.oem4f (.const:ti_sysbios_family_arm_lm4_Timer_startupNeeded__C)
                  000070d0    00000004     empty_pem4f.oem4f (.const:ti_sysbios_family_arm_m3_Hwi_E_NMI__C)
                  000070d4    00000004     empty_pem4f.oem4f (.const:ti_sysbios_family_arm_m3_Hwi_E_busFault__C)
                  000070d8    00000004     empty_pem4f.oem4f (.const:ti_sysbios_family_arm_m3_Hwi_E_debugMon__C)
                  000070dc    00000004     empty_pem4f.oem4f (.const:ti_sysbios_family_arm_m3_Hwi_E_hardFault__C)
                  000070e0    00000004     empty_pem4f.oem4f (.const:ti_sysbios_family_arm_m3_Hwi_E_memFault__C)
                  000070e4    00000004     empty_pem4f.oem4f (.const:ti_sysbios_family_arm_m3_Hwi_E_noIsr__C)
                  000070e8    00000004     empty_pem4f.oem4f (.const:ti_sysbios_family_arm_m3_Hwi_E_reserved__C)
                  000070ec    00000004     empty_pem4f.oem4f (.const:ti_sysbios_family_arm_m3_Hwi_E_svCall__C)
                  000070f0    00000004     empty_pem4f.oem4f (.const:ti_sysbios_family_arm_m3_Hwi_E_usageFault__C)
                  000070f4    00000004     empty_pem4f.oem4f (.const:ti_sysbios_family_arm_m3_Hwi_NUM_INTERRUPTS__C)
                  000070f8    00000004     empty_pem4f.oem4f (.const:ti_sysbios_family_arm_m3_Hwi_Object__count__C)
                  000070fc    00000004     empty_pem4f.oem4f (.const:ti_sysbios_family_arm_m3_Hwi_ccr__C)
                  00007100    00000004     empty_pem4f.oem4f (.const:ti_sysbios_family_arm_m3_Hwi_excHandlerFunc__C)
                  00007104    00000004     empty_pem4f.oem4f (.const:ti_sysbios_family_arm_m3_Hwi_excHookFuncs__C)
                  00007108    00000004     empty_pem4f.oem4f (.const:ti_sysbios_family_arm_m3_Hwi_nullIsrFunc__C)
                  0000710c    00000004     empty_pem4f.oem4f (.const:ti_sysbios_family_arm_m3_Hwi_priGroup__C)
                  00007110    00000004     empty_pem4f.oem4f (.const:ti_sysbios_gates_GateMutex_A_badContext__C)
                  00007114    00000004     empty_pem4f.oem4f (.const:ti_sysbios_gates_GateMutex_Instance_State_sem__O)
                  00007118    00000004     empty_pem4f.oem4f (.const:ti_sysbios_gates_GateMutex_Module__diagsEnabled__C)
                  0000711c    00000004     empty_pem4f.oem4f (.const:ti_sysbios_gates_GateMutex_Module__diagsIncluded__C)
                  00007120    00000004     empty_pem4f.oem4f (.const:ti_sysbios_gates_GateMutex_Module__diagsMask__C)
                  00007124    00000004     empty_pem4f.oem4f (.const:ti_sysbios_hal_Hwi_E_stackOverflow__C)
                  00007128    00000004     empty_pem4f.oem4f (.const:ti_sysbios_heaps_HeapMem_A_align__C)
                  0000712c    00000004     empty_pem4f.oem4f (.const:ti_sysbios_heaps_HeapMem_A_heapSize__C)
                  00007130    00000004     empty_pem4f.oem4f (.const:ti_sysbios_heaps_HeapMem_A_invalidFree__C)
                  00007134    00000004     empty_pem4f.oem4f (.const:ti_sysbios_heaps_HeapMem_A_zeroBlock__C)
                  00007138    00000004     empty_pem4f.oem4f (.const:ti_sysbios_heaps_HeapMem_E_memory__C)
                  0000713c    00000004     empty_pem4f.oem4f (.const:ti_sysbios_heaps_HeapMem_Module__diagsEnabled__C)
                  00007140    00000004     empty_pem4f.oem4f (.const:ti_sysbios_heaps_HeapMem_Module__diagsIncluded__C)
                  00007144    00000004     empty_pem4f.oem4f (.const:ti_sysbios_heaps_HeapMem_Module__diagsMask__C)
                  00007148    00000004     empty_pem4f.oem4f (.const:ti_sysbios_heaps_HeapMem_Module__gateObj__C)
                  0000714c    00000004     empty_pem4f.oem4f (.const:ti_sysbios_heaps_HeapMem_Object__count__C)
                  00007150    00000004     empty_pem4f.oem4f (.const:ti_sysbios_heaps_HeapMem_reqAlign__C)
                  00007154    00000004     empty_pem4f.oem4f (.const:ti_sysbios_knl_Clock_Module_State_clockQ__O)
                  00007158    00000004     empty_pem4f.oem4f (.const:ti_sysbios_knl_Idle_funcList__A)
                  0000715c    00000004     empty_pem4f.oem4f (.const:ti_sysbios_knl_Semaphore_A_badContext__C)
                  00007160    00000004     empty_pem4f.oem4f (.const:ti_sysbios_knl_Semaphore_A_noEvents__C)
                  00007164    00000004     empty_pem4f.oem4f (.const:ti_sysbios_knl_Semaphore_A_overflow__C)
                  00007168    00000004     empty_pem4f.oem4f (.const:ti_sysbios_knl_Semaphore_A_pendTaskDisabled__C)
                  0000716c    00000004     empty_pem4f.oem4f (.const:ti_sysbios_knl_Semaphore_Instance_State_pendQ__O)
                  00007170    00000004     empty_pem4f.oem4f (.const:ti_sysbios_knl_Semaphore_Module__diagsEnabled__C)
                  00007174    00000004     empty_pem4f.oem4f (.const:ti_sysbios_knl_Semaphore_Module__diagsIncluded__C)
                  00007178    00000004     empty_pem4f.oem4f (.const:ti_sysbios_knl_Semaphore_Module__diagsMask__C)
                  0000717c    00000004     empty_pem4f.oem4f (.const:ti_sysbios_knl_Swi_Object__count__C)
                  00007180    00000004     empty_pem4f.oem4f (.const:ti_sysbios_knl_Task_E_spOutOfBounds__C)
                  00007184    00000004     empty_pem4f.oem4f (.const:ti_sysbios_knl_Task_E_stackOverflow__C)
                  00007188    00000004     empty_pem4f.oem4f (.const:ti_sysbios_knl_Task_Module_State_inactiveQ__O)
                  0000718c    00000004     empty_pem4f.oem4f (.const:ti_sysbios_knl_Task_Object__count__C)
                  00007190    00000004     empty_pem4f.oem4f (.const:ti_sysbios_knl_Task_allBlockedFunc__C)
                  00007194    00000004     empty_pem4f.oem4f (.const:ti_sysbios_knl_Task_numConstructedTasks__C)
                  00007198    00000004     empty_pem4f.oem4f (.const:xdc_runtime_Assert_E_assertFailed__C)
                  0000719c    00000004     empty_pem4f.oem4f (.const:xdc_runtime_Core_A_initializedParams__C)
                  000071a0    00000004     empty_pem4f.oem4f (.const:xdc_runtime_Core_Module__diagsEnabled__C)
                  000071a4    00000004     empty_pem4f.oem4f (.const:xdc_runtime_Core_Module__diagsIncluded__C)
                  000071a8    00000004     empty_pem4f.oem4f (.const:xdc_runtime_Core_Module__diagsMask__C)
                  000071ac    00000004     empty_pem4f.oem4f (.const:xdc_runtime_Error_E_memory__C)
                  000071b0    00000004     empty_pem4f.oem4f (.const:xdc_runtime_Error_Module__diagsEnabled__C)
                  000071b4    00000004     empty_pem4f.oem4f (.const:xdc_runtime_Error_Module__diagsIncluded__C)
                  000071b8    00000004     empty_pem4f.oem4f (.const:xdc_runtime_Error_Module__diagsMask__C)
                  000071bc    00000004     empty_pem4f.oem4f (.const:xdc_runtime_Error_Module__loggerFxn8__C)
                  000071c0    00000004     empty_pem4f.oem4f (.const:xdc_runtime_Error_Module__loggerObj__C)
                  000071c4    00000004     empty_pem4f.oem4f (.const:xdc_runtime_Error_policyFxn__C)
                  000071c8    00000004     empty_pem4f.oem4f (.const:xdc_runtime_Error_raiseHook__C)
                  000071cc    00000004     empty_pem4f.oem4f (.const:xdc_runtime_IGateProvider_Interface__BASE__C)
                  000071d0    00000004     empty_pem4f.oem4f (.const:xdc_runtime_IHeap_Interface__BASE__C)
                  000071d4    00000004     empty_pem4f.oem4f (.const:xdc_runtime_IModule_Interface__BASE__C)
                  000071d8    00000004     empty_pem4f.oem4f (.const:xdc_runtime_Log_L_error__C)
                  000071dc    00000004     empty_pem4f.oem4f (.const:xdc_runtime_Memory_defaultHeapInstance__C)
                  000071e0    00000004     empty_pem4f.oem4f (.const:xdc_runtime_Startup_execImpl__C)
                  000071e4    00000004     empty_pem4f.oem4f (.const:xdc_runtime_Startup_maxPasses__C)
                  000071e8    00000004     empty_pem4f.oem4f (.const:xdc_runtime_Startup_sfxnRts__C)
                  000071ec    00000004     empty_pem4f.oem4f (.const:xdc_runtime_Startup_sfxnTab__C)
                  000071f0    00000004     empty_pem4f.oem4f (.const:xdc_runtime_SysMin_bufSize__C)
                  000071f4    00000004     empty_pem4f.oem4f (.const:xdc_runtime_SysMin_outputFunc__C)
                  000071f8    00000004     empty_pem4f.oem4f (.const:xdc_runtime_System_Module__gateObj__C)
                  000071fc    00000004     empty_pem4f.oem4f (.const:xdc_runtime_System_abortFxn__C)
                  00007200    00000004     empty_pem4f.oem4f (.const:xdc_runtime_System_exitFxn__C)
                  00007204    00000004     empty_pem4f.oem4f (.const:xdc_runtime_System_extendFxn__C)
                  00007208    00000004     empty_pem4f.oem4f (.const:xdc_runtime_System_maxAtexitHandlers__C)
                  0000720c    00000004     empty_pem4f.oem4f (.const:xdc_runtime_Text_charTab__C)
                  00007210    00000004     empty_pem4f.oem4f (.const:xdc_runtime_Text_nameEmpty__C)
                  00007214    00000004     empty_pem4f.oem4f (.const:xdc_runtime_Text_nameStatic__C)
                  00007218    00000004     empty_pem4f.oem4f (.const:xdc_runtime_Text_nameUnknown__C)
                  0000721c    00000004     empty_pem4f.oem4f (.const:xdc_runtime_Text_nodeTab__C)
                  00007220    00000004     empty_pem4f.oem4f (.const:xdc_runtime_Text_visitRopeFxn__C)
                  00007224    00000002     empty_pem4f.oem4f (.const:ti_sysbios_heaps_HeapMem_Module__id__C)
                  00007226    00000002     empty_pem4f.oem4f (.const:ti_sysbios_knl_Semaphore_Module__id__C)
                  00007228    00000002     empty_pem4f.oem4f (.const:ti_sysbios_knl_Task_Module__id__C)
                  0000722a    00000002     empty_pem4f.oem4f (.const:xdc_runtime_Core_Module__id__C)
                  0000722c    00000002     empty_pem4f.oem4f (.const:xdc_runtime_Error_Module__loggerDefined__C)
                  0000722e    00000002     empty_pem4f.oem4f (.const:xdc_runtime_Error_maxDepth__C)
                  00007230    00000002     empty_pem4f.oem4f (.const:xdc_runtime_Memory_Module__id__C)
                  00007232    00000002     empty_pem4f.oem4f (.const:xdc_runtime_SysMin_flushAtExit__C)
                  00007234    00000002     empty_pem4f.oem4f (.const:xdc_runtime_Text_charCnt__C)
                  00007236    00000002     empty_pem4f.oem4f (.const:xdc_runtime_Text_isLoaded__C)
                  00007238    00000002     empty_pem4f.oem4f (.const:xdc_runtime_Text_registryModsLastId__C)
                  0000723a    00000002     empty_pem4f.oem4f (.const:xdc_runtime_Text_unnamedModsLastId__C)

.cinit     0    00007240    000001e8     
                  00007240    000001b0     (.cinit..data.load) [load image, compression = lzss]
                  000073f0    0000000c     (__TI_handler_table)
                  000073fc    00000004     --HOLE-- [fill = 0]
                  00007400    00000008     (.cinit..bss.load) [load image, compression = zero_init]
                  00007408    00000008     (.cinit..vecs.load) [load image, compression = zero_init]
                  00007410    00000018     (__TI_cinit_table)

.init_array 
*          0    00000000    00000000     UNINITIALIZED

.resetVecs 
*          0    00000000    0000003c     
                  00000000    0000003c     empty_pem4f.oem4f (.resetVecs)

.bss       0    20000360    00000b0c     UNINITIALIZED
                  20000360    00000400     (.common:ti_sysbios_heaps_HeapMem_Instance_State_0_buf__A)
                  20000760    00000360     (.common:ti_sysbios_family_arm_m3_Hwi_dispatchTable)
                  20000ac0    00000200     empty_pem4f.oem4f (.bss:taskStackSection)
                  20000cc0    00000120     rtsv7M4_T_le_v4SPD16_eabi.lib : trgmsg.c.obj (.bss:_CIOBUF_)
                  20000de0    00000080     (.common:xdc_runtime_SysMin_Module_State_0_outbuf__A)
                  20000e60    00000008     (.common:parmbuf)
                  20000e68    00000004                                   : new.cpp.obj (.bss)

.data      0    20000e6c    000003d4     UNINITIALIZED
                  20000e6c    00000080     empty_pem4f.oem4f (.data:ti_sysbios_knl_Swi_Module_State_0_readyQ__A)
                  20000eec    00000080     empty_pem4f.oem4f (.data:ti_sysbios_knl_Task_Module_State_0_readyQ__A)
                  20000f6c    0000004c     empty_pem4f.oem4f (.data:ti_sysbios_knl_Task_Object__table__V)
                  20000fb8    00000044     empty_pem4f.oem4f (.data:ti_sysbios_knl_Task_Module__state__V)
                  20000ffc    00000040     empty_pem4f.oem4f (.data:ti_sysbios_family_arm_lm4_Timer_Object__table__V)
                  2000103c    00000038     empty_pem4f.oem4f (.data:ti_sysbios_gates_GateMutex_Object__table__V)
                  20001074    00000034     empty_pem4f.oem4f (.data:ti_sysbios_family_arm_m3_Hwi_Module__state__V)
                  200010a8    00000030     empty_pem4f.oem4f (.data:ti_sysbios_family_arm_lm4_Timer_Module_State_0_device__A)
                  200010d8    00000030     empty_pem4f.oem4f (.data:ti_sysbios_knl_Swi_Object__table__V)
                  20001108    0000002c     empty_pem4f.oem4f (.data:ti_sysbios_knl_Clock_Module__state__V)
                  20001134    00000024     empty_pem4f.oem4f (.data:ti_sysbios_BIOS_Module__state__V)
                  20001158    0000001c     empty_pem4f.oem4f (.data:ti_sysbios_knl_Swi_Module__state__V)
                  20001174    00000018     empty_pem4f.oem4f (.data:ti_sysbios_family_arm_lm4_Timer_Module_State_0_handles__A)
                  2000118c    00000018     empty_pem4f.oem4f (.data:ti_sysbios_family_arm_m3_Hwi_Object__table__V)
                  200011a4    00000018     empty_pem4f.oem4f (.data:ti_sysbios_heaps_HeapMem_Object__table__V)
                  200011bc    0000000c     empty_pem4f.oem4f (.data:ti_sysbios_family_arm_lm4_Timer_Module__state__V)
                  200011c8    0000000c     empty_pem4f.oem4f (.data:xdc_runtime_SysMin_Module__state__V)
                  200011d4    00000008     rtsv7M4_T_le_v4SPD16_eabi.lib : _lock.c.obj (.data:$O1$$)
                  200011dc    00000008     empty_pem4f.oem4f (.data:ti_sysbios_gates_GateHwi_Module__root__V)
                  200011e4    00000008     empty_pem4f.oem4f (.data:ti_sysbios_gates_GateMutex_Module__root__V)
                  200011ec    00000008     empty_pem4f.oem4f (.data:ti_sysbios_heaps_HeapMem_Module__root__V)
                  200011f4    00000008     empty_pem4f.oem4f (.data:ti_sysbios_knl_Queue_Module__root__V)
                  200011fc    00000008     empty_pem4f.oem4f (.data:ti_sysbios_knl_Semaphore_Module__root__V)
                  20001204    00000008     empty_pem4f.oem4f (.data:xdc_runtime_Registry_Module__state__V)
                  2000120c    00000008     empty_pem4f.oem4f (.data:xdc_runtime_Startup_Module__state__V)
                  20001214    00000008     empty_pem4f.oem4f (.data:xdc_runtime_System_Module_State_0_atexitHandlers__A)
                  2000121c    00000008     empty_pem4f.oem4f (.data:xdc_runtime_System_Module__state__V)
                  20001224    00000004     rtsv7M4_T_le_v4SPD16_eabi.lib : stkdepth_vars.c.obj (.data)
                  20001228    00000004     empty_pem4f.oem4f (.data:ti_sysbios_family_arm_m3_Hwi_Module_State_0_excContext__A)
                  2000122c    00000004     empty_pem4f.oem4f (.data:ti_sysbios_family_arm_m3_Hwi_Module_State_0_excStack__A)
                  20001230    00000004     empty_pem4f.oem4f (.data:ti_sysbios_gates_GateHwi_Object__table__V)
                  20001234    00000004     empty_pem4f.oem4f (.data:ti_sysbios_knl_Task_Module_State_0_idleTask__A)
                  20001238    00000004     empty_pem4f.oem4f (.data:xdc_runtime_Memory_Module__state__V)
                  2000123c    00000002     empty_pem4f.oem4f (.data:ti_sysbios_family_arm_m3_Hwi_Module_State_0_excActive__A)
                  2000123e    00000002     empty_pem4f.oem4f (.data:xdc_runtime_Error_Module__state__V)

.stack     0    20001240    00000300     UNINITIALIZED
                  20001240    00000300     --HOLE--

.bootVecs 
*          0    00000000    00000008     DSECT
                  00000000    00000008     boot.aem4f : boot.oem4f (.bootVecs)

.vecs      0    20000000    00000360     UNINITIALIZED
                  20000000    00000360     empty_pem4f.oem4f (.vecs)

xdc.meta   0    00000000    000000f1     COPY SECTION
                  00000000    000000f1     empty_pem4f.oem4f (xdc.meta)

__llvm_prf_cnts 
*          0    20000000    00000000     UNINITIALIZED

MODULE SUMMARY

       Module                       code    ro data   rw data
       ------                       ----    -------   -------
    .\
       main.obj                     242     0         0      
    +--+----------------------------+-------+---------+---------+
       Total:                       242     0         0      
                                                             
    .\Args\
       ArgumentArray.obj            2824    108       0      
       Argument.obj                 38      0         0      
    +--+----------------------------+-------+---------+---------+
       Total:                       2862    108       0      
                                                             
    C:\Users\jmotp\workspace_v11\test_test\Debug__opt_for_speed__1\configPkg\package\cfg\
       empty_pem4f.oem4f            1518    7478      4360   
    +--+----------------------------+-------+---------+---------+
       Total:                       1518    7478      4360   
                                                             
    C:\Users\jmotp\workspace_v11\test_test\src\sysbios\sysbios.aem4f
       BIOS.obj                     10144   0         0      
       m3_Hwi_asm.obj               314     0         0      
       m3_TaskSupport_asm.obj       180     0         0      
       m3_Hwi_asm_switch.obj        118     0         0      
    +--+----------------------------+-------+---------+---------+
       Total:                       10756   0         0      
                                                             
    C:\ti\ccs1120\ccs\tools\compiler\ti-cgt-arm_20.2.6.LTS\lib\rtsv7M4_T_le_v4SPD16_eabi.lib
       trgmsg.c.obj                 108     0         288    
       string.cpp.obj               308     61        0      
       typeinfo.c.obj               36      127       0      
       memcpy_t2.asm.obj            156     0         0      
       memset_t2.asm.obj            122     0         0      
       copy_decompress_lzss.c.obj   104     0         0      
[...]
0000721c  xdc_runtime_Text_nodeTab__C                                                                                                                                                                                                                                 
00007220  xdc_runtime_Text_visitRopeFxn__C                                                                                                                                                                                                                            
00007224  ti_sysbios_heaps_HeapMem_Module__id__C                                                                                                                                                                                                                      
00007226  ti_sysbios_knl_Semaphore_Module__id__C                                                                                                                                                                                                                      
00007228  ti_sysbios_knl_Task_Module__id__C                                                                                                                                                                                                                           
0000722a  xdc_runtime_Core_Module__id__C                                                                                                                                                                                                                              
0000722c  xdc_runtime_Error_Module__loggerDefined__C                                                                                                                                                                                                                  
0000722e  xdc_runtime_Error_maxDepth__C                                                                                                                                                                                                                               
00007230  xdc_runtime_Memory_Module__id__C                                                                                                                                                                                                                            
00007232  xdc_runtime_SysMin_flushAtExit__C                                                                                                                                                                                                                           
00007234  xdc_runtime_Text_charCnt__C                                                                                                                                                                                                                                 
00007236  xdc_runtime_Text_isLoaded__C                                                                                                                                                                                                                                
00007238  xdc_runtime_Text_registryModsLastId__C                                                                                                                                                                                                                      
0000723a  xdc_runtime_Text_unnamedModsLastId__C                                                                                                                                                                                                                       
00007240  __TI_static_base__                                                                                                                                                                                                                                          
000073f0  __TI_Handler_Table_Base                                                                                                                                                                                                                                     
000073fc  __TI_Handler_Table_Limit                                                                                                                                                                                                                                    
00007410  __TI_CINIT_Base                                                                                                                                                                                                                                             
00007428  __TI_CINIT_Limit                                                                                                                                                                                                                                            
20000000  __start___llvm_prf_cnts                                                                                                                                                                                                                                     
20000000  __stop___llvm_prf_cnts                                                                                                                                                                                                                                      
20000000  ti_sysbios_family_arm_m3_Hwi_ramVectors                                                                                                                                                                                                                     
20000360  ti_sysbios_heaps_HeapMem_Instance_State_0_buf__A                                                                                                                                                                                                            
20000760  ti_sysbios_family_arm_m3_Hwi_dispatchTable                                                                                                                                                                                                                  
20000ac0  ti_sysbios_knl_Task_Instance_State_0_stack__A                                                                                                                                                                                                               
20000cc0  __CIOBUF_                                                                                                                                                                                                                                                   
20000de0  xdc_runtime_SysMin_Module_State_0_outbuf__A                                                                                                                                                                                                                 
20000e60  parmbuf                                                                                                                                                                                                                                                     
20000e6c  ti_sysbios_knl_Swi_Module_State_0_readyQ__A                                                                                                                                                                                                                 
20000eec  ti_sysbios_knl_Task_Module_State_0_readyQ__A                                                                                                                                                                                                                
20000f6c  ti_sysbios_knl_Task_Object__table__V                                                                                                                                                                                                                        
20000fb8  ti_sysbios_knl_Task_Module__state__V                                                                                                                                                                                                                        
20000ffc  ti_sysbios_family_arm_lm4_Timer_Object__table__V                                                                                                                                                                                                            
2000103c  ti_sysbios_gates_GateMutex_Object__table__V                                                                                                                                                                                                                 
20001074  ti_sysbios_family_arm_m3_Hwi_Module__state__V                                                                                                                                                                                                               
200010a8  ti_sysbios_family_arm_lm4_Timer_Module_State_0_device__A                                                                                                                                                                                                    
200010d8  ti_sysbios_knl_Swi_Object__table__V                                                                                                                                                                                                                         
20001108  ti_sysbios_knl_Clock_Module__state__V                                                                                                                                                                                                                       
20001134  ti_sysbios_BIOS_Module__state__V                                                                                                                                                                                                                            
20001158  ti_sysbios_knl_Swi_Module__state__V                                                                                                                                                                                                                         
20001174  ti_sysbios_family_arm_lm4_Timer_Module_State_0_handles__A                                                                                                                                                                                                   
2000118c  ti_sysbios_family_arm_m3_Hwi_Object__table__V                                                                                                                                                                                                               
200011a4  ti_sysbios_heaps_HeapMem_Object__table__V                                                                                                                                                                                                                   
200011bc  ti_sysbios_family_arm_lm4_Timer_Module__state__V                                                                                                                                                                                                            
200011c8  xdc_runtime_SysMin_Module__state__V                                                                                                                                                                                                                         
200011d4  _lock                                                                                                                                                                                                                                                       
200011d8  _unlock                                                                                                                                                                                                                                                     
200011dc  ti_sysbios_gates_GateHwi_Module__root__V                                                                                                                                                                                                                    
200011e4  ti_sysbios_gates_GateMutex_Module__root__V                                                                                                                                                                                                                  
200011ec  ti_sysbios_heaps_HeapMem_Module__root__V                                                                                                                                                                                                                    
200011f4  ti_sysbios_knl_Queue_Module__root__V                                                                                                                                                                                                                        
200011fc  ti_sysbios_knl_Semaphore_Module__root__V                                                                                                                                                                                                                    
20001204  xdc_runtime_Registry_Module__state__V                                                                                                                                                                                                                       
2000120c  xdc_runtime_Startup_Module__state__V                                                                                                                                                                                                                        
20001214  xdc_runtime_System_Module_State_0_atexitHandlers__A                                                                                                                                                                                                         
2000121c  xdc_runtime_System_Module__state__V                                                                                                                                                                                                                         
20001224  main_func_sp                                                                                                                                                                                                                                                
20001228  ti_sysbios_family_arm_m3_Hwi_Module_State_0_excContext__A                                                                                                                                                                                                   
2000122c  ti_sysbios_family_arm_m3_Hwi_Module_State_0_excStack__A                                                                                                                                                                                                     
20001230  ti_sysbios_gates_GateHwi_Object__table__V                                                                                                                                                                                                                   
20001234  ti_sysbios_knl_Task_Module_State_0_idleTask__A                                                                                                                                                                                                              
20001238  xdc_runtime_Memory_Module__state__V                                                                                                                                                                                                                         
2000123c  ti_sysbios_family_arm_m3_Hwi_Module_State_0_excActive__A                                                                                                                                                                                                    
2000123e  xdc_runtime_Error_Module__state__V                                                                                                                                                                                                                          
20001240  __stack                                                                                                                                                                                                                                                     
20001540  __STACK_END                                                                                                                                                                                                                                                 
e000e000  ti_sysbios_family_arm_m3_Hwi_nvic                                                                                                                                                                                                                           
ffffffff  __TI_pprof_out_hndl                                                                                                                                                                                                                                         
ffffffff  __TI_prof_data_size                                                                                                                                                                                                                                         
ffffffff  __TI_prof_data_start                                                                                                                                                                                                                                        
ffffffff  __binit__                                                                                                                                                                                                                                                   
ffffffff  __c_args__                                                                                                                                                                                                                                                  
ffffffff  binit                                                                                                                                                                                                                                                       
UNDEFED   SHT$$INIT_ARRAY$$Base                                                                                                                                                                                                                                       
UNDEFED   SHT$$INIT_ARRAY$$Limit                                                                                                                                                                                                                                      

[653 symbols]
