******************************************************************************
                  TI ARM Linker PC v20.2.6                     
******************************************************************************
>> Linked Tue May 31 16:14:05 2022

OUTPUT FILE NAME:   <test_test.out>
ENTRY POINT SYMBOL: "_c_int00"  address: 000034a9


MEMORY CONFIGURATION

         name            origin    length      used     unused   attr    fill
----------------------  --------  ---------  --------  --------  ----  --------
  FLASH                 00000000   00040000  00007896  0003876a  R  X
  SRAM                  20000000   00008000  00001540  00006ac0  RW X


SEGMENT ALLOCATION MAP

run origin  load origin   length   init length attrs members
----------  ----------- ---------- ----------- ----- -------
00000000    00000000    000078a0   000078a0    r-x
  00000000    00000000    0000003c   0000003c    r-- .resetVecs
  00000040    00000040    00005832   00005832    r-x .text
  00005874    00005874    00001e40   00001e40    r-- .const
  000076b8    000076b8    000001e8   000001e8    r-- .cinit
20000000    20000000    00001540   00000000    rw-
  20000000    20000000    00000360   00000000    rw- .vecs
  20000360    20000360    00000b0c   00000000    rw- .bss
  20000e6c    20000e6c    000003d4   00000000    rw- .data
  20001240    20001240    00000300   00000000    rw- .stack


SECTION ALLOCATION MAP

 output                                  attributes/
section   page    origin      length       input sections
--------  ----  ----------  ----------   ----------------
.text      0    00000040    00005832     
                  00000040    00000430     sysbios.aem4f : BIOS.obj (.text:ti_sysbios_family_arm_m3_Hwi_excDumpRegs__I)
                  00000470    0000034c     ti.targets.arm.rtsarm.aem4f : System.oem4f (.text:xdc_runtime_System_doPrint__I)
                  000007bc    00000004     rtsv7M4_T_le_v4SPD16_eabi.lib : typeinfo.c.obj (.text:_ZN10__cxxabiv117__class_type_infoD1Ev)
                  000007c0    000002d0     sysbios.aem4f : BIOS.obj (.text:ti_sysbios_knl_Semaphore_pend__E)
                  00000a90    0000026c                   : BIOS.obj (.text:ti_sysbios_heaps_HeapMem_free__E)
                  00000cfc    00000004     rtsv7M4_T_le_v4SPD16_eabi.lib : typeinfo.c.obj (.text:_ZN10__cxxabiv120__si_class_type_infoD1Ev)
                  00000d00    00000250     sysbios.aem4f : BIOS.obj (.text:ti_sysbios_heaps_HeapMem_alloc__E)
                  00000f50    000001f4                   : BIOS.obj (.text:ti_sysbios_family_arm_m3_Hwi_excHandlerMax__I)
                  00001144    00000004     rtsv7M4_T_le_v4SPD16_eabi.lib : string.cpp.obj (.text:_ZNSt3__222__compressed_pair_elemINS_9allocatorIcEELi1ELb1EEC2IS2_vEEOT_)
                  00001148    00000196     empty_pem4f.oem4f (.text:xdc_runtime_System_printfExtend__I)
                  000012de    00000002     rtsv7M4_T_le_v4SPD16_eabi.lib : vector.cpp.obj (.text:_ZNSt3__220__vector_base_commonILb1EEC2Ev)
                  000012e0    00000174     sysbios.aem4f : BIOS.obj (.text:ti_sysbios_family_arm_m3_Hwi_excBusFault__I)
                  00001454    00000004     rtsv7M4_T_le_v4SPD16_eabi.lib : new.cpp.obj (.text:_ZdlPvj)
                  00001458    00000164     sysbios.aem4f : BIOS.obj (.text:ti_sysbios_family_arm_m3_Hwi_excUsageFault__I)
                  000015bc    00000004     rtsv7M4_T_le_v4SPD16_eabi.lib : exit.c.obj (.text:abort:abort)
                  000015c0    00000148     sysbios.aem4f : BIOS.obj (.text:ti_sysbios_family_arm_m3_Hwi_excMemFault__I)
                  00001708    0000013c                   : BIOS.obj (.text:ti_sysbios_heaps_HeapMem_Instance_init__E)
                  00001844    00000004                   : BIOS.obj (.text:ti_sysbios_family_arm_lm4_Timer_masterEnable__I)
                  00001848    00000134                   : BIOS.obj (.text:ti_sysbios_family_arm_lm4_Timer_start__E)
                  0000197c    00000118     ti.targets.arm.rtsarm.aem4f : Error.oem4f (.text:xdc_runtime_Error_policyDefault__E)
                  00001a94    00000100     Boot.aem4f : Boot_sysctl.oem4f (.text:ti_catalog_arm_cortexm4_tiva_ce_Boot_sysCtlClockSetI__I)
                  00001b94    00000100     ti.targets.arm.rtsarm.aem4f : Core-mem.oem4f (.text:xdc_runtime_Core_createObject__I)
                  00001c94    000000f8                                 : Startup.oem4f (.text:xdc_runtime_Startup_startMods__I)
                  00001d8c    000000f4     sysbios.aem4f : m3_Hwi_asm.obj (.text:ti_sysbios_family_arm_m3_Hwi_dispatch__I)
                  00001e80    000000ec                   : BIOS.obj (.text:ti_sysbios_knl_Semaphore_post__E)
                  00001f6c    000000cc     ti.targets.arm.rtsarm.aem4f : Core-smem.oem4f (.text:xdc_runtime_Core_constructObject__I)
                  00002038    000000bc     sysbios.aem4f : BIOS.obj (.text:ti_sysbios_family_arm_m3_Hwi_excDebugMon__I)
                  000020f4    00000004     ti.targets.arm.rtsarm.aem4f : Error.oem4f (.text:xdc_runtime_Error_getSite__E)
                  000020f8    000000bc     sysbios.aem4f : BIOS.obj (.text:ti_sysbios_family_arm_m3_Hwi_excHardFault__I)
                  000021b4    00000004     ti.targets.arm.rtsarm.aem4f : System.oem4f (.text:xdc_runtime_System_aprintf_va__F)
                  000021b8    000000b4     sysbios.aem4f : BIOS.obj (.text:ti_sysbios_gates_GateMutex_enter__E)
                  0000226c    00000004     ti.targets.arm.rtsarm.aem4f : System.oem4f (.text:xdc_runtime_System_printf_va__F)
                  00002270    000000b4     sysbios.aem4f : BIOS.obj (.text:ti_sysbios_knl_Task_checkStacks__E)
                  00002324    00000002     rtsv7M4_T_le_v4SPD16_eabi.lib : string.cpp.obj (.text:_ZNSt3__222__compressed_pair_elemINS_9allocatorIcEELi1ELb1EEC1IS2_vEEOT_)
                  00002326    00000002                                   : stdlib_typeinfo.cpp.obj (.text:_ZNSt9type_infoD1Ev)
                  00002328    000000ac     sysbios.aem4f : BIOS.obj (.text:ti_sysbios_family_arm_lm4_Timer_enableTiva__I)
                  000023d4    00000002     rtsv7M4_T_le_v4SPD16_eabi.lib : _lock.c.obj (.text:_nop)
                  000023d6    00000002                                   : div0.asm.obj (.text)
                  000023d8    000000a8     sysbios.aem4f : BIOS.obj (.text:ti_sysbios_family_arm_lm4_Timer_enableTimers__I)
                  00002480    000000a8                   : BIOS.obj (.text:ti_sysbios_knl_Task_postInit__I)
                  00002528    000000a0     auto_init.aem4f : auto_init.oem4f (.text)
                  000025c8    000000a0     ti.targets.arm.rtsarm.aem4f : Text.oem4f (.text:xdc_runtime_Text_putMod__E)
                  00002668    0000009c     rtsv7M4_T_le_v4SPD16_eabi.lib : memcpy_t2.asm.obj (.text)
                  00002704    00000004     --HOLE-- [fill = 0]
                  00002708    0000009c     sysbios.aem4f : BIOS.obj (.text:ti_sysbios_knl_Semaphore_Instance_init__E)
                  000027a4    0000009a     ti.targets.arm.rtsarm.aem4f : Text.oem4f (.text:xdc_runtime_Text_putSite__E)
                  0000283e    00000002     --HOLE-- [fill = 0]
                  00002840    00000098     Boot.aem4f : Boot.oem4f (.text:ti_catalog_arm_cortexm4_tiva_ce_Boot_sysCtlClockSet__E)
                  000028d8    00000094     sysbios.aem4f : BIOS.obj (.text:ti_sysbios_family_arm_m3_Hwi_initNVIC__E)
                  0000296c    0000008c                   : m3_TaskSupport_asm.obj (.text:ti_sysbios_family_arm_m3_TaskSupport_buildTaskStack)
                  000029f8    00000084                   : BIOS.obj (.text:ti_sysbios_family_arm_m3_Hwi_postInit__I)
                  00002a7c    0000007a     rtsv7M4_T_le_v4SPD16_eabi.lib : memset_t2.asm.obj (.text)
                  00002af6    00000074                                   : string.cpp.obj (.text:_ZNSt3__212basic_stringIcNS_11char_traitsIcEENS_9allocatorIcEEE6__initEPKcj)
                  00002b6a    00000006     Boot.aem4f : Boot_sysctl.oem4f (.text:ti_catalog_arm_cortexm4_tiva_ce_Boot_sysCtlDelayI__I)
                  00002b70    00000072     ArgumentArray.obj (.text:_ZNSt3__26vectorINS_5tupleIJNS_12basic_stringIcNS_11char_traitsIcEENS_9allocatorIcEEEER8ArgumentEEENS5_ISA_EEE26__swap_out_circular_bufferERNS_14__split_bufferISA_RSB_EE)
                  00002be2    00000006     ti.targets.arm.rtsarm.aem4f : System.oem4f (.text:xdc_runtime_System_Module_startup__E)
                  00002be8    00000070     sysbios.aem4f : BIOS.obj (.text:ti_sysbios_knl_Clock_workFunc__E)
                  00002c58    00000070                   : BIOS.obj (.text:ti_sysbios_knl_Task_exit__E)
                  00002cc8    0000006d     ti.targets.arm.rtsarm.aem4f : System.oem4f (.text:xdc_runtime_System_formatNum__I)
                  00002d35    00000003     --HOLE-- [fill = 0]
                  00002d38    0000006c     sysbios.aem4f : BIOS.obj (.text:ti_sysbios_knl_Swi_restoreHwi__E)
                  00002da4    0000006c     ti.targets.arm.rtsarm.aem4f : Error.oem4f (.text:xdc_runtime_Error_print__E)
                  00002e10    0000006c                                 : Memory.oem4f (.text:xdc_runtime_Memory_alloc__E)
                  00002e7c    00000004     --HOLE-- [fill = 0]
                  00002e80    0000006a     ArgumentArray.obj (.text:_ZNSt3__26vectorINS_5tupleIJNS_12basic_stringIcNS_11char_traitsIcEENS_9allocatorIcEEEER8ArgumentEEENS5_ISA_EEE9push_backEOSA_)
                  00002eea    00000068     rtsv7M4_T_le_v4SPD16_eabi.lib : copy_decompress_lzss.c.obj (.text:decompress:lzss:__TI_decompress_lzss)
                  00002f52    00000066     ti.targets.arm.rtsarm.aem4f : Core-mem.oem4f (.text:xdc_runtime_Core_deleteObject__I)
                  00002fb8    00000064     ArgumentArray.obj (.text:_ZNSt3__26vectorINS_5tupleIJNS_12basic_stringIcNS_11char_traitsIcEENS_9allocatorIcEEEER8ArgumentEEENS5_ISA_EEE21__push_back_slow_pathISA_EEvOT_)
                  0000301c    00000004     --HOLE-- [fill = 0]
                  00003020    00000064     sysbios.aem4f : BIOS.obj (.text:ti_sysbios_family_arm_lm4_Timer_Module_startup__E)
                  00003084    00000004     --HOLE-- [fill = 0]
                  00003088    00000064                   : BIOS.obj (.text:ti_sysbios_family_arm_m3_Hwi_dispatchC__I)
                  000030ec    00000004     --HOLE-- [fill = 0]
                  000030f0    00000060     ArgumentArray.obj (.text:_ZNSt3__214__split_bufferINS_5tupleIJNS_12basic_stringIcNS_11char_traitsIcEENS_9allocatorIcEEEER8ArgumentEEERNS5_ISA_EEEC1EjjSC_)
                  00003150    00000060     sysbios.aem4f : BIOS.obj (.text:ti_sysbios_family_arm_lm4_Timer_isrStub__E)
                  000031b0    00000060                   : BIOS.obj (.text:ti_sysbios_knl_Task_schedule__I)
                  00003210    0000005e     main.obj (.text:main)
                  0000326e    00000002     --HOLE-- [fill = 0]
                  00003270    0000005c     ArgumentArray.obj (.text:_ZNKSt3__26vectorINS_5tupleIJNS_12basic_stringIcNS_11char_traitsIcEENS_9allocatorIcEEEER8ArgumentEEENS5_ISA_EEE17__annotate_deleteEv)
                  000032cc    00000004     --HOLE-- [fill = 0]
                  000032d0    0000005c     sysbios.aem4f : BIOS.obj (.text:ti_sysbios_knl_Swi_run__I)
                  0000332c    00000004     --HOLE-- [fill = 0]
                  00003330    0000005c                   : BIOS.obj (.text:ti_sysbios_knl_Swi_schedule__I)
                  0000338c    00000004     --HOLE-- [fill = 0]
                  00003390    0000005c                   : BIOS.obj (.text:ti_sysbios_knl_Task_Module_startup__E)
                  000033ec    00000004     --HOLE-- [fill = 0]
                  000033f0    0000005c                   : BIOS.obj (.text:ti_sysbios_knl_Task_startCore__E)
                  0000344c    0000005b     ti.targets.arm.rtsarm.aem4f : Text.oem4f (.text:xdc_runtime_Text_putLab__E)
                  000034a7    00000001     --HOLE-- [fill = 0]
                  000034a8    00000058     boot.aem4f : boot.oem4f (.text)
                  00003500    00000058     rtsv7M4_T_le_v4SPD16_eabi.lib : hostwrite.c.obj (.text:HOSTwrite)
                  00003558    00000058     ArgumentArray.obj (.text:_ZNKSt3__26vectorINS_5tupleIJNS_12basic_stringIcNS_11char_traitsIcEENS_9allocatorIcEEEER8ArgumentEEENS5_ISA_EEE14__annotate_newEj)
                  000035b0    00000058     sysbios.aem4f : m3_Hwi_asm_switch.obj (.text:ti_sysbios_family_arm_m3_Hwi_initStacks__E)
                  00003608    00000054     ti.targets.arm.rtsarm.aem4f : Assert.oem4f (.text:xdc_runtime_Assert_raise__I)
                  0000365c    00000004     --HOLE-- [fill = 0]
                  00003660    00000050     sysbios.aem4f : BIOS.obj (.text:ti_sysbios_family_arm_m3_Hwi_Module_startup__E)
                  000036b0    00000050     ti.targets.arm.rtsarm.aem4f : Startup.oem4f (.text:xdc_runtime_Startup_exec__E)
                  00003700    00000050                                 : Text.oem4f (.text:xdc_runtime_Text_visitRope2__I)
                  00003750    0000004c     ArgumentArray.obj (.text:_ZNKSt3__26vectorINS_5tupleIJNS_12basic_stringIcNS_11char_traitsIcEENS_9allocatorIcEEEER8ArgumentEEENS5_ISA_EEE11__recommendEj)
                  0000379c    0000004c     rtsv7M4_T_le_v4SPD16_eabi.lib : string.cpp.obj (.text:_ZNSt3__212basic_stringIcNS_11char_traitsIcEENS_9allocatorIcEEEC1ERKS5_)
                  000037e8    0000004c     ArgumentArray.obj (.text:_ZNSt3__216allocator_traitsINS_9allocatorINS_5tupleIJNS_12basic_stringIcNS_11char_traitsIcEENS1_IcEEEER8ArgumentEEEEEE20__construct_backwardIPSA_EEvRSB_T_SG_RSG_)
                  00003834    0000004c     rtsv7M4_T_le_v4SPD16_eabi.lib : cpy_tbl.c.obj (.text:copy_in)
                  00003880    0000004c     sysbios.aem4f : BIOS.obj (.text:ti_sysbios_heaps_HeapMem_getStats__E)
                  000038cc    00000004     --HOLE-- [fill = 0]
                  000038d0    0000004c                   : BIOS.obj (.text:ti_sysbios_knl_Swi_runLoop__I)
                  0000391c    00000004     --HOLE-- [fill = 0]
                  00003920    0000004c                   : BIOS.obj (.text:ti_sysbios_knl_Task_allBlockedFunction__I)
                  0000396c    00000004     --HOLE-- [fill = 0]
                  00003970    00000048                   : BIOS.obj (.text:ti_sysbios_family_arm_m3_Hwi_disableInterrupt__E)
                  000039b8    00000048                   : BIOS.obj (.text:ti_sysbios_family_arm_m3_Hwi_enableInterrupt__E)
                  00003a00    00000048                   : BIOS.obj (.text:ti_sysbios_family_arm_m3_Hwi_excReserved__I)
                  00003a48    00000046     ti.targets.arm.rtsarm.aem4f : Core-params.oem4f (.text:xdc_runtime_Core_assignParams__I)
                  00003a8e    00000002     --HOLE-- [fill = 0]
                  00003a90    00000044     ArgumentArray.obj (.text:_ZNSt3__213__vector_baseINS_5tupleIJNS_12basic_stringIcNS_11char_traitsIcEENS_9allocatorIcEEEER8ArgumentEEENS5_ISA_EEE17__destruct_at_endEPSA_)
                  00003ad4    00000004     --HOLE-- [fill = 0]
                  00003ad8    00000044     sysbios.aem4f : BIOS.obj (.text:ti_sysbios_family_arm_m3_Hwi_getStackInfo__E)
                  00003b1c    00000004     --HOLE-- [fill = 0]
                  00003b20    00000044                   : BIOS.obj (.text:ti_sysbios_knl_Swi_post__E)
                  00003b64    00000044     ti.targets.arm.rtsarm.aem4f : Error.oem4f (.text:xdc_runtime_Error_setX__E)
                  00003ba8    00000044                                 : SysMin.oem4f (.text:xdc_runtime_SysMin_flush__E)
                  00003bec    00000044                                 : Text.oem4f (.text:xdc_runtime_Text_xprintf__I)
                  00003c30    00000042     ArgumentArray.obj (.text:_ZNSt3__214__split_bufferINS_5tupleIJNS_12basic_stringIcNS_11char_traitsIcEENS_9allocatorIcEEEER8ArgumentEEERNS5_ISA_EEE17__destruct_at_endEPSA_NS_17integral_constantIbLb0EEE)
                  00003c72    00000040     rtsv7M4_T_le_v4SPD16_eabi.lib : u_divt2.asm.obj (.text)
                  00003cb2    00000006     --HOLE-- [fill = 0]
                  00003cb8    00000040     sysbios.aem4f : BIOS.obj (.text:ti_sysbios_family_arm_lm4_Timer_startup__E)
                  00003cf8    0000003e     ArgumentArray.obj (.text:_ZNSt3__25tupleIJNS_12basic_stringIcNS_11char_traitsIcEENS_9allocatorIcEEEER8ArgumentEEC1IJRS6_S8_ELb0ELb0EEEDpOT_)
                  00003d36    00000002     --HOLE-- [fill = 0]
                  00003d38    0000003c     sysbios.aem4f : BIOS.obj (.text:ti_sysbios_family_arm_m3_Hwi_excSvCall__I)
                  00003d74    00000004     --HOLE-- [fill = 0]
                  00003d78    0000003c                   : BIOS.obj (.text:ti_sysbios_heaps_HeapMem_init__I)
                  00003db4    00000004     --HOLE-- [fill = 0]
                  00003db8    0000003c                   : BIOS.obj (.text:ti_sysbios_knl_Swi_restore__E)
                  00003df4    00000004     --HOLE-- [fill = 0]
                  00003df8    0000003a     ArgumentArray.obj (.text:_ZN13ArgumentArray9putByNameENSt3__212basic_stringIcNS0_11char_traitsIcEENS0_9allocatorIcEEEE8Argument)
                  00003e32    00000006     --HOLE-- [fill = 0]
                  00003e38    00000038     ArgumentArray.obj (.text:_ZNSt3__212__tuple_implINS_15__tuple_indicesIJLj0ELj1EEEEJNS_12basic_stringIcNS_11char_traitsIcEENS_9allocatorIcEEEER8ArgumentEEC1IJLj0ELj1EEJS8_SA_EJEJEJRS8_SA_EEENS1_IJXT_EEEENS_13__tuple_typesIJDpT0_EEENS1_IJXT1_EEEENSF_IJDpT2_EEEDpOT3_)
                  00003e70    00000038     rtsv7M4_T_le_v4SPD16_eabi.lib : trgmsg.c.obj (.text:__TI_writemsg)
                  00003ea8    00000038     sysbios.aem4f : BIOS.obj (.text:ti_sysbios_family_arm_m3_Hwi_excNoIsr__I)
                  00003ee0    00000038                   : BIOS.obj (.text:ti_sysbios_knl_Task_processVitalTaskFlag__I)
                  00003f18    00000038     ti.targets.arm.rtsarm.aem4f : SysMin.oem4f (.text:xdc_runtime_SysMin_putch__E)
                  00003f50    00000038                                 : System.oem4f (.text:xdc_runtime_System_atexit__E)
                  00003f88    00000034     ArgumentArray.obj (.text:_ZNSt3__213__vector_baseINS_5tupleIJNS_12basic_stringIcNS_11char_traitsIcEENS_9allocatorIcEEEER8ArgumentEEENS5_ISA_EEED1Ev)
                  00003fbc    00000004     --HOLE-- [fill = 0]
                  00003fc0    00000034     ArgumentArray.obj (.text:_ZNSt3__214__split_bufferINS_5tupleIJNS_12basic_stringIcNS_11char_traitsIcEENS_9allocatorIcEEEER8ArgumentEEERNS5_ISA_EEED1Ev)
                  00003ff4    00000034     rtsv7M4_T_le_v4SPD16_eabi.lib : trgmsg.c.obj (.text:__TI_readmsg)
                  00004028    00000034     sysbios.aem4f : BIOS.obj (.text:ti_sysbios_family_arm_m3_Hwi_excNmi__I)
                  0000405c    00000004     --HOLE-- [fill = 0]
                  00004060    00000034                   : BIOS.obj (.text:ti_sysbios_hal_Hwi_checkStack)
                  00004094    00000034     ti.targets.arm.rtsarm.aem4f : Core-label.oem4f (.text:xdc_runtime_Core_assignLabel__I)
                  000040c8    00000033                                 : Text.oem4f (.text:xdc_runtime_Text_printVisFxn__I)
                  000040fb    00000005     --HOLE-- [fill = 0]
                  00004100    00000032     empty_pem4f.oem4f (.text:ti_sysbios_BIOS_atExitFunc__I)
                  00004132    00000006     --HOLE-- [fill = 0]
                  00004138    00000032     empty_pem4f.oem4f (.text:ti_sysbios_gates_GateHwi_Object__create__S)
                  0000416a    00000006     --HOLE-- [fill = 0]
                  00004170    00000032     empty_pem4f.oem4f (.text:ti_sysbios_gates_GateMutex_Object__create__S)
                  000041a2    00000006     --HOLE-- [fill = 0]
                  000041a8    00000032     sysbios.aem4f : BIOS.obj (.text:ti_sysbios_hal_Hwi_initStack)
                  000041da    00000006     --HOLE-- [fill = 0]
                  000041e0    00000032     empty_pem4f.oem4f (.text:ti_sysbios_heaps_HeapMem_Object__create__S)
                  00004212    00000006     --HOLE-- [fill = 0]
                  00004218    00000032     empty_pem4f.oem4f (.text:ti_sysbios_knl_Semaphore_construct)
                  0000424a    00000006     --HOLE-- [fill = 0]
                  00004250    00000030     ArgumentArray.obj (.text:_ZNSt3__217__compressed_pairIPNS_5tupleIJNS_12basic_stringIcNS_11char_traitsIcEENS_9allocatorIcEEEER8ArgumentEEERNS5_ISA_EEEC1IDnSD_EEOT_OT0_)
                  00004280    00000030     ArgumentArray.obj (.text:_ZNSt3__24swapIPNS_5tupleIJNS_12basic_stringIcNS_11char_traitsIcEENS_9allocatorIcEEEER8ArgumentEEEEENS_9enable_ifIXaasr3std3__221is_move_constructibleIT_EE5valuesr3std3__218is_move_assignableISD_EE5valueEvE4typeERSD_SG_)
                  000042b0    00000030     ArgumentArray.obj (.text:_ZNSt3__29allocatorINS_5tupleIJNS_12basic_stringIcNS_11char_traitsIcEENS0_IcEEEER8ArgumentEEEE8allocateEjPKv)
                  000042e0    00000030     ArgumentArray.obj (.text:_ZNSt3__29allocatorINS_5tupleIJNS_12basic_stringIcNS_11char_traitsIcEENS0_IcEEEER8ArgumentEEEE9constructIS9_JS9_EEEvPT_DpOT0_)
                  00004310    00000030     sysbios.aem4f : BIOS.obj (.text:ti_sysbios_family_arm_lm4_Timer_stop__E)
                  00004340    00000030                   : BIOS.obj (.text:ti_sysbios_family_arm_m3_TaskSupport_start__E)
                  00004370    00000030                   : BIOS.obj (.text:ti_sysbios_knl_Semaphore_pendTimeout__I)
                  000043a0    00000030                   : BIOS.obj (.text:ti_sysbios_knl_Task_unblockI__E)
                  000043d0    00000030     ti.targets.arm.rtsarm.aem4f : SysMin.oem4f (.text:xdc_runtime_SysMin_abort__E)
                  00004400    00000030                                 : System.oem4f (.text:xdc_runtime_System_processAtExit__E)
                  00004430    0000002e     ArgumentArray.obj (.text:_ZNSt3__213__vector_baseINS_5tupleIJNS_12basic_stringIcNS_11char_traitsIcEENS_9allocatorIcEEEER8ArgumentEEENS5_ISA_EEEC1Ev)
                  0000445e    00000002     --HOLE-- [fill = 0]
                  00004460    0000002e     empty_pem4f.oem4f (.text:malloc)
                  0000448e    00000002     --HOLE-- [fill = 0]
                  00004490    0000002e     empty_pem4f.oem4f (.text:ti_sysbios_knl_Queue_construct)
                  000044be    00000002     --HOLE-- [fill = 0]
                  000044c0    0000002c     empty_pem4f.oem4f (.text:ti_sysbios_knl_Clock_doTick__I)
                  000044ec    00000004     --HOLE-- [fill = 0]
                  000044f0    0000002c     sysbios.aem4f : BIOS.obj (.text:ti_sysbios_knl_Task_restore__E)
                  0000451c    0000002c     ti.targets.arm.rtsarm.aem4f : Text.oem4f (.text:xdc_runtime_Text_cordText__E)
                  00004548    0000002a     ArgumentArray.obj (.text:_ZNKSt3__26vectorINS_5tupleIJNS_12basic_stringIcNS_11char_traitsIcEENS_9allocatorIcEEEER8ArgumentEEENS5_ISA_EEE8max_sizeEv)
                  00004572    0000002a     ti.targets.arm.rtsarm.aem4f : System.oem4f (.text:xdc_runtime_System_putchar__I)
                  0000459c    00000004     --HOLE-- [fill = 0]
                  000045a0    00000028     empty_pem4f.oem4f (.text:ti_sysbios_BIOS_registerRTSLock__I)
                  000045c8    00000028     sysbios.aem4f : BIOS.obj (.text:ti_sysbios_knl_Swi_Module_startup__E)
                  000045f0    00000026     ArgumentArray.obj (.text:_ZN13ArgumentArray10getByIndexEtP8Argument)
                  00004616    00000002     --HOLE-- [fill = 0]
                  00004618    00000026     main.obj (.text:_ZNSt3__211char_traitsIcE4copyEPcPKcj)
                  0000463e    00000026     sysbios.aem4f : m3_Hwi_asm.obj (.text:ti_sysbios_family_arm_m3_Hwi_pendSV__I)
                  00004664    00000004     --HOLE-- [fill = 0]
                  00004668    00000026     empty_pem4f.oem4f (.text:ti_sysbios_gates_GateMutex_Object__delete__S)
                  0000468e    00000026     ti.targets.arm.rtsarm.aem4f : System.oem4f (.text:xdc_runtime_System_avprintf__E)
                  000046b4    00000024     rtsv7M4_T_le_v4SPD16_eabi.lib : string.cpp.obj (.text:_ZNSt3__212basic_stringIcNS_11char_traitsIcEENS_9allocatorIcEEEC1EOS5_)
                  000046d8    00000024     ArgumentArray.obj (.text:_ZNSt3__216allocator_traitsINS_9allocatorINS_5tupleIJNS_12basic_stringIcNS_11char_traitsIcEENS1_IcEEEER8ArgumentEEEEEE11__constructISA_JSA_EEEvNS_17integral_constantIbLb1EEERSB_PT_DpOT0_)
                  000046fc    00000004     --HOLE-- [fill = 0]
                  00004700    00000024     ArgumentArray.obj (.text:_ZNSt3__216allocator_traitsINS_9allocatorINS_5tupleIJNS_12basic_stringIcNS_11char_traitsIcEENS1_IcEEEER8ArgumentEEEEEE9constructISA_JSA_EEEvRSB_PT_DpOT0_)
                  00004724    00000004     --HOLE-- [fill = 0]
                  00004728    00000024     ArgumentArray.obj (.text:_ZNSt3__217__compressed_pairIPNS_5tupleIJNS_12basic_stringIcNS_11char_traitsIcEENS_9allocatorIcEEEER8ArgumentEEENS5_ISA_EEEC1IDnLb1EEEOT_)
                  0000474c    00000004     --HOLE-- [fill = 0]
                  00004750    00000024     ArgumentArray.obj (.text:_ZNSt3__23maxIjNS_6__lessIjjEEEERKT_S5_S5_T0_)
                  00004774    00000004     --HOLE-- [fill = 0]
                  00004778    00000024     ArgumentArray.obj (.text:_ZNSt3__23minIjNS_6__lessIjjEEEERKT_S5_S5_T0_)
                  0000479c    00000004     --HOLE-- [fill = 0]
                  000047a0    00000024     empty_pem4f.oem4f (.text:ti_sysbios_BIOS_removeRTSLock__I)
                  000047c4    00000004     --HOLE-- [fill = 0]
                  000047c8    00000024     empty_pem4f.oem4f (.text:ti_sysbios_BIOS_startFunc__I)
                  000047ec    00000004     --HOLE-- [fill = 0]
                  000047f0    00000024     sysbios.aem4f : BIOS.obj (.text:ti_sysbios_knl_Clock_Module_startup__E)
                  00004814    00000004     --HOLE-- [fill = 0]
                  00004818    00000024                   : BIOS.obj (.text:ti_sysbios_knl_Task_restoreHwi__E)
                  0000483c    00000024     ti.targets.arm.rtsarm.aem4f : System.oem4f (.text:xdc_runtime_System_vprintf__E)
                  00004860    00000022     rtsv7M4_T_le_v4SPD16_eabi.lib : new.cpp.obj (.text:_Znwj)
                  00004882    00000006     --HOLE-- [fill = 0]
                  00004888    00000022     empty_pem4f.oem4f (.text:ti_sysbios_BIOS_errorRaiseHook__I)
                  000048aa    00000006     --HOLE-- [fill = 0]
                  000048b0    00000022     empty_pem4f.oem4f (.text:ti_sysbios_BIOS_rtsLock__I)
                  000048d2    00000006     --HOLE-- [fill = 0]
                  000048d8    00000022     sysbios.aem4f : BIOS.obj (.text:ti_sysbios_family_arm_lm4_Timer_write__I)
                  000048fa    00000006     --HOLE-- [fill = 0]
                  00004900    00000022     empty_pem4f.oem4f (.text:ti_sysbios_family_arm_m3_Hwi_Object__get__S)
                  00004922    00000006     --HOLE-- [fill = 0]
                  00004928    00000022     empty_pem4f.oem4f (.text:ti_sysbios_heaps_HeapMem_Object__get__S)
                  0000494a    00000006     --HOLE-- [fill = 0]
                  00004950    00000022     empty_pem4f.oem4f (.text:ti_sysbios_knl_Semaphore_Object__destruct__S)
                  00004972    00000006     --HOLE-- [fill = 0]
                  00004978    00000022     empty_pem4f.oem4f (.text:ti_sysbios_knl_Swi_Object__get__S)
                  0000499a    00000006     --HOLE-- [fill = 0]
                  000049a0    00000022     empty_pem4f.oem4f (.text:xdc_runtime_SysMin_output__I)
                  000049c2    00000006     --HOLE-- [fill = 0]
                  000049c8    00000020     ArgumentArray.obj (.text:_ZNSt3__212__tuple_implINS_15__tuple_indicesIJLj0ELj1EEEEJNS_12basic_stringIcNS_11char_traitsIcEENS_9allocatorIcEEEER8ArgumentEEC1EOSB_)
                  000049e8    00000020     rtsv7M4_T_le_v4SPD16_eabi.lib : string.cpp.obj (.text:_ZNSt3__212basic_stringIcNS_11char_traitsIcEENS_9allocatorIcEEED1Ev)
                  00004a08    00000020     sysbios.aem4f : m3_Hwi_asm.obj (.text:ti_sysbios_family_arm_m3_Hwi_excHandlerAsm__I)
                  00004a28    00000020                   : BIOS.obj (.text:ti_sysbios_family_arm_m3_Hwi_excHandler__I)
                  00004a48    00000020     empty_pem4f.oem4f (.text:ti_sysbios_gates_GateHwi_Object__delete__S)
                  00004a68    00000020     empty_pem4f.oem4f (.text:ti_sysbios_heaps_HeapMem_Object__delete__S)
                  00004a88    00000020     sysbios.aem4f : BIOS.obj (.text:ti_sysbios_knl_Idle_run__E)
                  00004aa8    00000020     ti.targets.arm.rtsarm.aem4f : Registry.oem4f (.text:xdc_runtime_Registry_findById__E)
                  00004ac8    00000020                                 : SysMin.oem4f (.text:xdc_runtime_SysMin_Module_startup__E)
                  00004ae8    0000001e     ArgumentArray.obj (.text:_ZNKSt3__26__lessIjjEclERKjS3_)
                  00004b06    00000002     --HOLE-- [fill = 0]
                  00004b08    0000001e     ArgumentArray.obj (.text:_ZNSt3__212__tuple_leafILj0ENS_12basic_stringIcNS_11char_traitsIcEENS_9allocatorIcEEEELb0EEC1IRS6_vEEOT_)
                  00004b26    0000001e     rtsv7M4_T_le_v4SPD16_eabi.lib : string.cpp.obj (.text:_ZNSt3__212basic_stringIcNS_11char_traitsIcEENS_9allocatorIcEEEC1EPKc)
                  00004b44    0000001e     sysbios.aem4f : m3_Hwi_asm_switch.obj (.text:ti_sysbios_family_xxx_Hwi_switchAndRunFunc)
                  00004b62    00000006     --HOLE-- [fill = 0]
                  00004b68    0000001c     ArgumentArray.obj (.text:_ZN13ArgumentArrayC1Ev)
                  00004b84    00000004     --HOLE-- [fill = 0]
                  00004b88    0000001c     ArgumentArray.obj (.text:_ZNSt3__222__compressed_pair_elemIPNS_5tupleIJNS_12basic_stringIcNS_11char_traitsIcEENS_9allocatorIcEEEER8ArgumentEEELi0ELb0EEC1IDnvEEOT_)
                  00004ba4    00000004     --HOLE-- [fill = 0]
                  00004ba8    0000001c     sysbios.aem4f : BIOS.obj (.text:ti_sysbios_gates_GateMutex_Instance_init__E)
                  00004bc4    00000004     --HOLE-- [fill = 0]
                  00004bc8    0000001c     empty_pem4f.oem4f (.text:ti_sysbios_knl_Queue_Object__destruct__S)
                  00004be4    00000004     --HOLE-- [fill = 0]
                  00004be8    0000001c     empty_pem4f.oem4f (.text:ti_sysbios_knl_Task_Object__get__S)
                  00004c04    00000004     --HOLE-- [fill = 0]
                  00004c08    0000001c     sysbios.aem4f : BIOS.obj (.text:ti_sysbios_knl_Task_enter__I)
                  00004c24    0000001c     ti.targets.arm.rtsarm.aem4f : Error.oem4f (.text:xdc_runtime_Error_raiseX__E)
                  00004c40    0000001c                                 : Memory.oem4f (.text:xdc_runtime_Memory_valloc__E)
                  00004c5c    0000001c                                 : SysMin.oem4f (.text:xdc_runtime_SysMin_exit__E)
                  00004c78    0000001c                                 : System.oem4f (.text:xdc_runtime_System_abort__E)
                  00004c94    00000004     --HOLE-- [fill = 0]
                  00004c98    0000001a     ArgumentArray.obj (.text:_ZNSt3__212__tuple_leafILj1ER8ArgumentLb0EEC1IS2_vEEOT_)
                  00004cb2    00000006     --HOLE-- [fill = 0]
                  00004cb8    0000001a     ArgumentArray.obj (.text:_ZNSt3__214__split_bufferINS_5tupleIJNS_12basic_stringIcNS_11char_traitsIcEENS_9allocatorIcEEEER8ArgumentEEERNS5_ISA_EEE17__destruct_at_endEPSA_)
                  00004cd2    00000006     --HOLE-- [fill = 0]
                  00004cd8    0000001a     ArgumentArray.obj (.text:_ZNSt3__216allocator_traitsINS_9allocatorINS_5tupleIJNS_12basic_stringIcNS_11char_traitsIcEENS1_IcEEEER8ArgumentEEEEEE10deallocateERSB_PSA_j)
                  00004cf2    00000006     --HOLE-- [fill = 0]
                  00004cf8    0000001a     ArgumentArray.obj (.text:_ZNSt3__216allocator_traitsINS_9allocatorINS_5tupleIJNS_12basic_stringIcNS_11char_traitsIcEENS1_IcEEEER8ArgumentEEEEEE7destroyISA_EEvRSB_PT_)
                  00004d12    00000006     --HOLE-- [fill = 0]
                  00004d18    0000001a     ArgumentArray.obj (.text:_ZNSt3__216allocator_traitsINS_9allocatorINS_5tupleIJNS_12basic_stringIcNS_11char_traitsIcEENS1_IcEEEER8ArgumentEEEEEE9__destroyISA_EEvNS_17integral_constantIbLb1EEERSB_PT_)
                  00004d32    00000006     --HOLE-- [fill = 0]
                  00004d38    0000001a     ArgumentArray.obj (.text:_ZNSt3__222__compressed_pair_elemIRNS_9allocatorINS_5tupleIJNS_12basic_stringIcNS_11char_traitsIcEENS1_IcEEEER8ArgumentEEEEELi1ELb0EEC1ISC_vEEOT_)
                  00004d52    00000006     --HOLE-- [fill = 0]
                  00004d58    0000001a     ArgumentArray.obj (.text:_ZNSt3__23maxIjEERKT_S3_S3_)
                  00004d72    00000006     --HOLE-- [fill = 0]
                  00004d78    0000001a     ArgumentArray.obj (.text:_ZNSt3__23minIjEERKT_S3_S3_)
                  00004d92    00000006     --HOLE-- [fill = 0]
                  00004d98    0000001a     empty_pem4f.oem4f (.text:free)
                  00004db2    00000006     --HOLE-- [fill = 0]
                  00004db8    0000001a     empty_pem4f.oem4f (.text:ti_sysbios_BIOS_rtsUnlock__I)
                  00004dd2    00000006     --HOLE-- [fill = 0]
                  00004dd8    0000001a     empty_pem4f.oem4f (.text:ti_sysbios_family_arm_m3_Hwi_Handle__label__S)
                  00004df2    00000006     --HOLE-- [fill = 0]
                  00004df8    0000001a     empty_pem4f.oem4f (.text:ti_sysbios_gates_GateHwi_Handle__label__S)
                  00004e12    00000006     --HOLE-- [fill = 0]
                  00004e18    0000001a     empty_pem4f.oem4f (.text:ti_sysbios_gates_GateMutex_Handle__label__S)
                  00004e32    00000006     --HOLE-- [fill = 0]
                  00004e38    0000001a     empty_pem4f.oem4f (.text:ti_sysbios_heaps_HeapMem_Handle__label__S)
                  00004e52    00000006     --HOLE-- [fill = 0]
                  00004e58    0000001a     empty_pem4f.oem4f (.text:ti_sysbios_knl_Swi_Handle__label__S)
                  00004e72    00000006     --HOLE-- [fill = 0]
                  00004e78    0000001a     empty_pem4f.oem4f (.text:ti_sysbios_knl_Task_Handle__label__S)
                  00004e92    00000006     --HOLE-- [fill = 0]
                  00004e98    0000001a     empty_pem4f.oem4f (.text:xdc_runtime_System_aprintf__E)
                  00004eb2    00000006     --HOLE-- [fill = 0]
                  00004eb8    0000001a     empty_pem4f.oem4f (.text:xdc_runtime_System_printf__E)
                  00004ed2    00000006     --HOLE-- [fill = 0]
                  00004ed8    00000018     ArgumentArray.obj (.text:_ZNSt3__212__tuple_leafILj0ENS_12basic_stringIcNS_11char_traitsIcEENS_9allocatorIcEEEELb0EEC1EOS7_)
                  00004ef0    00000018     ArgumentArray.obj (.text:_ZNSt3__216allocator_traitsINS_9allocatorINS_5tupleIJNS_12basic_stringIcNS_11char_traitsIcEENS1_IcEEEER8ArgumentEEEEEE8allocateERSB_j)
                  00004f08    00000018     ArgumentArray.obj (.text:_ZNSt3__25tupleIJNS_12basic_stringIcNS_11char_traitsIcEENS_9allocatorIcEEEER8ArgumentEEC1EOS9_)
                  00004f20    00000018     rtsv7M4_T_le_v4SPD16_eabi.lib : args_main.c.obj (.text:_args_main)
                  00004f38    00000018     empty_pem4f.oem4f (.text:ti_sysbios_family_arm_lm4_Timer_Module__startupDone__F)
                  00004f50    00000018     empty_pem4f.oem4f (.text:ti_sysbios_family_arm_m3_Hwi_Module__startupDone__F)
                  00004f68    00000018     sysbios.aem4f : m3_TaskSupport_asm.obj (.text:ti_sysbios_family_arm_m3_TaskSupport_swap__E)
                  00004f80    00000018                   : BIOS.obj (.text:ti_sysbios_gates_GateMutex_leave__E)
                  00004f98    00000018     ti.targets.arm.rtsarm.aem4f : Error.oem4f (.text:xdc_runtime_Error_check__E)
                  00004fb0    00000018                                 : System.oem4f (.text:xdc_runtime_System_exit__E)
                  00004fc8    00000018                                 : Text.oem4f (.text:xdc_runtime_Text_ropeText__E)
                  00004fe0    00000016     ArgumentArray.obj (.text:_ZNKSt3__213__vector_baseINS_5tupleIJNS_12basic_stringIcNS_11char_traitsIcEENS_9allocatorIcEEEER8ArgumentEEENS5_ISA_EEE8capacityEv)
                  00004ff6    00000002     --HOLE-- [fill = 0]
                  00004ff8    00000016     ArgumentArray.obj (.text:_ZNKSt3__214__split_bufferINS_5tupleIJNS_12basic_stringIcNS_11char_traitsIcEENS_9allocatorIcEEEER8ArgumentEEERNS5_ISA_EEE8capacityEv)
                  0000500e    00000002     --HOLE-- [fill = 0]
                  00005010    00000016     ArgumentArray.obj (.text:_ZNKSt3__26vectorINS_5tupleIJNS_12basic_stringIcNS_11char_traitsIcEENS_9allocatorIcEEEER8ArgumentEEENS5_ISA_EEE4sizeEv)
                  00005026    00000002     --HOLE-- [fill = 0]
                  00005028    00000016     ArgumentArray.obj (.text:_ZNSt3__212__tuple_leafILj0ENS_12basic_stringIcNS_11char_traitsIcEENS_9allocatorIcEEEELb0EEC2EOS7_)
                  0000503e    00000002     --HOLE-- [fill = 0]
                  00005040    00000016     ArgumentArray.obj (.text:_ZNSt3__212__tuple_leafILj0ENS_12basic_stringIcNS_11char_traitsIcEENS_9allocatorIcEEEELb0EEC2IRS6_vEEOT_)
                  00005056    00000002     --HOLE-- [fill = 0]
                  00005058    00000016     ArgumentArray.obj (.text:_ZNSt3__212__tuple_leafILj1ER8ArgumentLb0EEC2IS2_vEEOT_)
                  0000506e    00000002     --HOLE-- [fill = 0]
                  00005070    00000016     ArgumentArray.obj (.text:_ZNSt3__216allocator_traitsINS_9allocatorINS_5tupleIJNS_12basic_stringIcNS_11char_traitsIcEENS1_IcEEEER8ArgumentEEEEEE10__max_sizeENS_17integral_constantIbLb1EEERKSB_)
                  00005086    00000002     --HOLE-- [fill = 0]
                  00005088    00000016     ArgumentArray.obj (.text:_ZNSt3__216allocator_traitsINS_9allocatorINS_5tupleIJNS_12basic_stringIcNS_11char_traitsIcEENS1_IcEEEER8ArgumentEEEEEE8max_sizeERKSB_)
                  0000509e    00000002     --HOLE-- [fill = 0]
                  000050a0    00000016     ArgumentArray.obj (.text:_ZNSt3__222__compressed_pair_elemIPNS_5tupleIJNS_12basic_stringIcNS_11char_traitsIcEENS_9allocatorIcEEEER8ArgumentEEELi0ELb0EEC2IDnvEEOT_)
                  000050b6    00000002     --HOLE-- [fill = 0]
                  000050b8    00000016     ArgumentArray.obj (.text:_ZNSt3__222__compressed_pair_elemIRNS_9allocatorINS_5tupleIJNS_12basic_stringIcNS_11char_traitsIcEENS1_IcEEEER8ArgumentEEEEELi1ELb0EEC2ISC_vEEOT_)
                  000050ce    00000002     --HOLE-- [fill = 0]
                  000050d0    00000016     ArgumentArray.obj (.text:_ZNSt3__26vectorINS_5tupleIJNS_12basic_stringIcNS_11char_traitsIcEENS_9allocatorIcEEEER8ArgumentEEENS5_ISA_EEEixEj)
                  000050e6    00000002     --HOLE-- [fill = 0]
                  000050e8    00000016     ArgumentArray.obj (.text:_ZNSt3__29allocatorINS_5tupleIJNS_12basic_stringIcNS_11char_traitsIcEENS0_IcEEEER8ArgumentEEEE10deallocateEPS9_j)
                  000050fe    00000002     --HOLE-- [fill = 0]
                  00005100    00000016     empty_pem4f.oem4f (.text:ti_sysbios_BIOS_exitFunc__I)
                  00005116    00000002     --HOLE-- [fill = 0]
                  00005118    00000014     ArgumentArray.obj (.text:_ZN13ArgumentArrayD0Ev)
                  0000512c    00000004     --HOLE-- [fill = 0]
                  00005130    00000014     main.obj (.text:_ZNSt3__211char_traitsIcE6assignERcRKc)
                  00005144    00000004     --HOLE-- [fill = 0]
                  00005148    00000014     ArgumentArray.obj (.text:_ZNSt3__29allocatorINS_5tupleIJNS_12basic_stringIcNS_11char_traitsIcEENS0_IcEEEER8ArgumentEEEE7destroyEPS9_)
                  0000515c    00000014     rtsv7M4_T_le_v4SPD16_eabi.lib : strlen.c.obj (.text:strlen)
                  00005170    00000014     sysbios.aem4f : BIOS.obj (.text:ti_sysbios_family_arm_m3_Hwi_switchFromBootStack__E)
                  00005184    00000004     --HOLE-- [fill = 0]
                  00005188    00000012     main.obj (.text:_ZNSt3__222__compressed_pair_elemINS_12basic_stringIcNS_11char_traitsIcEENS_9allocatorIcEEE5__repELi0ELb0EEC1Ev)
                  0000519a    00000006     --HOLE-- [fill = 0]
                  000051a0    00000012     sysbios.aem4f : BIOS.obj (.text:ti_sysbios_hal_Hwi_Module_startup__E)
                  000051b2    00000006     --HOLE-- [fill = 0]
                  000051b8    00000012     empty_pem4f.oem4f (.text:xdc_runtime_Startup_exec__I)
                  000051ca    00000006     --HOLE-- [fill = 0]
                  000051d0    00000010     ArgumentArray.obj (.text:_ZN13ArgumentArrayD1Ev)
                  000051e0    00000010     ArgumentArray.obj (.text:_ZNKSt3__26vectorINS_5tupleIJNS_12basic_stringIcNS_11char_traitsIcEENS_9allocatorIcEEEER8ArgumentEEENS5_ISA_EEE31__annotate_contiguous_containerEPKvSE_SE_SE_)
                  000051f0    00000010     ArgumentArray.obj (.text:_ZNSt3__213__vector_baseINS_5tupleIJNS_12basic_stringIcNS_11char_traitsIcEENS_9allocatorIcEEEER8ArgumentEEENS5_ISA_EEE5clearEv)
                  00005200    00000010     ArgumentArray.obj (.text:_ZNSt3__214__split_bufferINS_5tupleIJNS_12basic_stringIcNS_11char_traitsIcEENS_9allocatorIcEEEER8ArgumentEEERNS5_ISA_EEE5clearEv)
                  00005210    00000010     ArgumentArray.obj (.text:_ZNSt3__26vectorINS_5tupleIJNS_12basic_stringIcNS_11char_traitsIcEENS_9allocatorIcEEEER8ArgumentEEENS5_ISA_EEE24__RAII_IncreaseAnnotatorC1ERKSC_j)
                  00005220    00000010     sysbios.aem4f : BIOS.obj (.text:ti_sysbios_BIOS_setThreadType__E)
                  00005230    00000010                   : m3_TaskSupport_asm.obj (.text:ti_sysbios_family_arm_m3_TaskSupport_glue)
                  00005240    00000010                   : BIOS.obj (.text:ti_sysbios_gates_GateMutex_Instance_finalize__E)
                  00005250    00000010                   : BIOS.obj (.text:ti_sysbios_knl_Semaphore_Instance_finalize__E)
                  00005260    00000010                   : BIOS.obj (.text:ti_sysbios_knl_Swi_disable__E)
                  00005270    00000010                   : BIOS.obj (.text:ti_sysbios_knl_Task_disable__E)
                  00005280    00000010     ti.targets.arm.rtsarm.aem4f : Gate.oem4f (.text:xdc_runtime_Gate_leaveSystem__E)
                  00005290    00000010                                 : Memory.oem4f (.text:xdc_runtime_Memory_free__E)
                  000052a0    00000010                                 : SysMin.oem4f (.text:xdc_runtime_SysMin_ready__E)
                  000052b0    00000010                                 : System.oem4f (.text:xdc_runtime_System_vsnprintf__E)
                  000052c0    00000010     empty_pem4f.oem4f (.text:xdc_runtime_Text_visitRope__I)
                  000052d0    0000000e     rtsv7M4_T_le_v4SPD16_eabi.lib : typeinfo.c.obj (.text:_ZN10__cxxabiv117__class_type_infoD0Ev)
                  000052de    0000000e                                   : typeinfo.c.obj (.text:_ZN10__cxxabiv120__si_class_type_infoD0Ev)
                  000052ec    00000004     --HOLE-- [fill = 0]
                  000052f0    0000000e     Argument.obj (.text:_ZN8ArgumentC1ERKS_)
                  000052fe    00000002     --HOLE-- [fill = 0]
                  00005300    0000000e     ArgumentArray.obj (.text:_ZNKSt3__213__vector_baseINS_5tupleIJNS_12basic_stringIcNS_11char_traitsIcEENS_9allocatorIcEEEER8ArgumentEEENS5_ISA_EEE7__allocEv)
                  0000530e    00000002     --HOLE-- [fill = 0]
                  00005310    0000000e     ArgumentArray.obj (.text:_ZNKSt3__213__vector_baseINS_5tupleIJNS_12basic_stringIcNS_11char_traitsIcEENS_9allocatorIcEEEER8ArgumentEEENS5_ISA_EEE9__end_capEv)
                  0000531e    00000002     --HOLE-- [fill = 0]
                  00005320    0000000e     ArgumentArray.obj (.text:_ZNKSt3__214__split_bufferINS_5tupleIJNS_12basic_stringIcNS_11char_traitsIcEENS_9allocatorIcEEEER8ArgumentEEERNS5_ISA_EEE9__end_capEv)
                  0000532e    00000002     --HOLE-- [fill = 0]
                  00005330    0000000e     ArgumentArray.obj (.text:_ZNKSt3__26vectorINS_5tupleIJNS_12basic_stringIcNS_11char_traitsIcEENS_9allocatorIcEEEER8ArgumentEEENS5_ISA_EEE4dataEv)
                  0000533e    00000002     --HOLE-- [fill = 0]
                  00005340    0000000e     ArgumentArray.obj (.text:_ZNKSt3__29allocatorINS_5tupleIJNS_12basic_stringIcNS_11char_traitsIcEENS0_IcEEEER8ArgumentEEEE8max_sizeEv)
                  0000534e    00000002     --HOLE-- [fill = 0]
                  00005350    0000000e     ArgumentArray.obj (.text:_ZNSt3__212__tuple_implINS_15__tuple_indicesIJLj0ELj1EEEEJNS_12basic_stringIcNS_11char_traitsIcEENS_9allocatorIcEEEER8ArgumentEED1Ev)
                  0000535e    00000002     --HOLE-- [fill = 0]
                  00005360    0000000e     ArgumentArray.obj (.text:_ZNSt3__212__tuple_leafILj0ENS_12basic_stringIcNS_11char_traitsIcEENS_9allocatorIcEEEELb0EED1Ev)
                  0000536e    00000002     --HOLE-- [fill = 0]
                  00005370    0000000e     ArgumentArray.obj (.text:_ZNSt3__212__tuple_leafILj1ER8ArgumentLb0EE3getEv)
                  0000537e    00000002     --HOLE-- [fill = 0]
                  00005380    0000000e     ArgumentArray.obj (.text:_ZNSt3__213__vector_baseINS_5tupleIJNS_12basic_stringIcNS_11char_traitsIcEENS_9allocatorIcEEEER8ArgumentEEENS5_ISA_EEE7__allocEv)
                  0000538e    00000002     --HOLE-- [fill = 0]
                  00005390    0000000e     ArgumentArray.obj (.text:_ZNSt3__213__vector_baseINS_5tupleIJNS_12basic_stringIcNS_11char_traitsIcEENS_9allocatorIcEEEER8ArgumentEEENS5_ISA_EEE9__end_capEv)
                  0000539e    00000002     --HOLE-- [fill = 0]
                  000053a0    0000000e     ArgumentArray.obj (.text:_ZNSt3__214__split_bufferINS_5tupleIJNS_12basic_stringIcNS_11char_traitsIcEENS_9allocatorIcEEEER8ArgumentEEERNS5_ISA_EEE7__allocEv)
                  000053ae    00000002     --HOLE-- [fill = 0]
                  000053b0    0000000e     ArgumentArray.obj (.text:_ZNSt3__214__split_bufferINS_5tupleIJNS_12basic_stringIcNS_11char_traitsIcEENS_9allocatorIcEEEER8ArgumentEEERNS5_ISA_EEE9__end_capEv)
                  000053be    00000002     --HOLE-- [fill = 0]
                  000053c0    0000000e     ArgumentArray.obj (.text:_ZNSt3__217__compressed_pairIPNS_5tupleIJNS_12basic_stringIcNS_11char_traitsIcEENS_9allocatorIcEEEER8ArgumentEEERNS5_ISA_EEE6secondEv)
                  000053ce    00000002     --HOLE-- [fill = 0]
                  000053d0    0000000e     ArgumentArray.obj (.text:_ZNSt3__222__compressed_pair_elemINS_9allocatorINS_5tupleIJNS_12basic_stringIcNS_11char_traitsIcEENS1_IcEEEER8ArgumentEEEEELi1ELb1EEC1Ev)
                  000053de    00000002     --HOLE-- [fill = 0]
                  000053e0    0000000e     ArgumentArray.obj (.text:_ZNSt3__222__compressed_pair_elemIRNS_9allocatorINS_5tupleIJNS_12basic_stringIcNS_11char_traitsIcEENS1_IcEEEER8ArgumentEEEEELi1ELb0EE5__getEv)
                  000053ee    00000002     --HOLE-- [fill = 0]
                  000053f0    0000000e     ArgumentArray.obj (.text:_ZNSt3__23getILj1EJNS_12basic_stringIcNS_11char_traitsIcEENS_9allocatorIcEEEER8ArgumentEEERNS_13tuple_elementIXT_ENS_5tupleIJDpT0_EEEE4typeERSD_)
                  000053fe    00000002     --HOLE-- [fill = 0]
                  00005400    0000000e     ArgumentArray.obj (.text:_ZNSt3__25tupleIJNS_12basic_stringIcNS_11char_traitsIcEENS_9allocatorIcEEEER8ArgumentEED1Ev)
                  0000540e    00000002     --HOLE-- [fill = 0]
                  00005410    0000000e     ArgumentArray.obj (.text:_ZNSt3__26vectorINS_5tupleIJNS_12basic_stringIcNS_11char_traitsIcEENS_9allocatorIcEEEER8ArgumentEEENS5_ISA_EEEC1Ev)
                  0000541e    00000002     --HOLE-- [fill = 0]
                  00005420    0000000e     ArgumentArray.obj (.text:_ZNSt3__26vectorINS_5tupleIJNS_12basic_stringIcNS_11char_traitsIcEENS_9allocatorIcEEEER8ArgumentEEENS5_ISA_EEED1Ev)
                  0000542e    00000002     --HOLE-- [fill = 0]
                  00005430    0000000e     ArgumentArray.obj (.text:_ZnwjPv)
                  0000543e    0000000e     rtsv7M4_T_le_v4SPD16_eabi.lib : copy_decompress_none.c.obj (.text:decompress:none:__TI_decompress_none)
                  0000544c    00000004     --HOLE-- [fill = 0]
                  00005450    0000000e     sysbios.aem4f : BIOS.obj (.text:ti_sysbios_knl_Idle_loop__E)
                  0000545e    00000002     --HOLE-- [fill = 0]
                  00005460    0000000e                   : BIOS.obj (.text:ti_sysbios_knl_Queue_empty__E)
                  0000546e    00000002     --HOLE-- [fill = 0]
                  00005470    0000000c     empty_pem4f.oem4f (.text:.bootCodeSection:ti_catalog_arm_cortexm4_tiva_ce_Boot_init__I)
                  0000547c    00000004     --HOLE-- [fill = 0]
                  00005480    0000000c     Argument.obj (.text:_ZN8ArgumentC1Ev)
                  0000548c    00000004     --HOLE-- [fill = 0]
                  00005490    0000000c     Argument.obj (.text:_ZN8ArgumentD1Ev)
                  0000549c    00000004     --HOLE-- [fill = 0]
                  000054a0    0000000c     ArgumentArray.obj (.text:_ZNKSt3__217__compressed_pairIPNS_5tupleIJNS_12basic_stringIcNS_11char_traitsIcEENS_9allocatorIcEEEER8ArgumentEEENS5_ISA_EEE5firstEv)
                  000054ac    00000004     --HOLE-- [fill = 0]
                  000054b0    0000000c     ArgumentArray.obj (.text:_ZNKSt3__217__compressed_pairIPNS_5tupleIJNS_12basic_stringIcNS_11char_traitsIcEENS_9allocatorIcEEEER8ArgumentEEENS5_ISA_EEE6secondEv)
                  000054bc    00000004     --HOLE-- [fill = 0]
                  000054c0    0000000c     ArgumentArray.obj (.text:_ZNKSt3__217__compressed_pairIPNS_5tupleIJNS_12basic_stringIcNS_11char_traitsIcEENS_9allocatorIcEEEER8ArgumentEEERNS5_ISA_EEE5firstEv)
                  000054cc    0000000c     rtsv7M4_T_le_v4SPD16_eabi.lib : vector.cpp.obj (.text:_ZNKSt3__220__vector_base_commonILb1EE20__throw_length_errorEv)
                  000054d8    0000000c                                   : string.cpp.obj (.text:_ZNKSt3__221__basic_string_commonILb1EE20__throw_length_errorEv)
                  000054e4    00000004     --HOLE-- [fill = 0]
                  000054e8    0000000c     main.obj (.text:_ZNKSt3__222__compressed_pair_elemINS_12basic_stringIcNS_11char_traitsIcEENS_9allocatorIcEEE5__repELi0ELb0EE5__getEv)
                  000054f4    00000004     --HOLE-- [fill = 0]
                  000054f8    0000000c     ArgumentArray.obj (.text:_ZNKSt3__222__compressed_pair_elemINS_9allocatorINS_5tupleIJNS_12basic_stringIcNS_11char_traitsIcEENS1_IcEEEER8ArgumentEEEEELi1ELb1EE5__getEv)
                  00005504    00000004     --HOLE-- [fill = 0]
                  00005508    0000000c     ArgumentArray.obj (.text:_ZNKSt3__222__compressed_pair_elemIPNS_5tupleIJNS_12basic_stringIcNS_11char_traitsIcEENS_9allocatorIcEEEER8ArgumentEEELi0ELb0EE5__getEv)
                  00005514    00000004     --HOLE-- [fill = 0]
                  00005518    0000000c     ArgumentArray.obj (.text:_ZNKSt3__26vectorINS_5tupleIJNS_12basic_stringIcNS_11char_traitsIcEENS_9allocatorIcEEEER8ArgumentEEENS5_ISA_EEE8capacityEv)
                  00005524    00000004     --HOLE-- [fill = 0]
                  00005528    0000000c     main.obj (.text:_ZNSt3__210__allocateEj)
                  00005534    00000004     --HOLE-- [fill = 0]
                  00005538    0000000c     main.obj (.text:_ZNSt3__211char_traitsIcE6lengthEPKc)
                  00005544    00000004     --HOLE-- [fill = 0]
                  00005548    0000000c     ArgumentArray.obj (.text:_ZNSt3__212__tuple_leafILj0ENS_12basic_stringIcNS_11char_traitsIcEENS_9allocatorIcEEEELb0EED2Ev)
                  00005554    00000004     --HOLE-- [fill = 0]
                  00005558    0000000c     ArgumentArray.obj (.text:_ZNSt3__213__vector_baseINS_5tupleIJNS_12basic_stringIcNS_11char_traitsIcEENS_9allocatorIcEEEER8ArgumentEEENS5_ISA_EEEC2Ev)
                  00005564    00000004     --HOLE-- [fill = 0]
                  00005568    0000000c     ArgumentArray.obj (.text:_ZNSt3__213__vector_baseINS_5tupleIJNS_12basic_stringIcNS_11char_traitsIcEENS_9allocatorIcEEEER8ArgumentEEENS5_ISA_EEED2Ev)
                  00005574    00000004     --HOLE-- [fill = 0]
                  00005578    0000000c     ArgumentArray.obj (.text:_ZNSt3__216__to_raw_pointerINS_5tupleIJNS_12basic_stringIcNS_11char_traitsIcEENS_9allocatorIcEEEER8ArgumentEEEEEPT_SC_)
                  00005584    00000004     --HOLE-- [fill = 0]
                  00005588    0000000c     ArgumentArray.obj (.text:_ZNSt3__216move_if_noexceptINS_5tupleIJNS_12basic_stringIcNS_11char_traitsIcEENS_9allocatorIcEEEER8ArgumentEEEEENS_11conditionalIXaantsr3std3__229is_nothrow_move_constructibleIT_EE5valuesr3std3__221is_copy_constructibleISC_EE5valueERKSC_OSC_E4typeERSC_)
                  00005594    00000004     --HOLE-- [fill = 0]
                  00005598    0000000c     ArgumentArray.obj (.text:_ZNSt3__217__compressed_pairIPNS_5tupleIJNS_12basic_stringIcNS_11char_traitsIcEENS_9allocatorIcEEEER8ArgumentEEENS5_ISA_EEE5firstEv)
                  000055a4    00000004     --HOLE-- [fill = 0]
                  000055a8    0000000c     ArgumentArray.obj (.text:_ZNSt3__217__compressed_pairIPNS_5tupleIJNS_12basic_stringIcNS_11char_traitsIcEENS_9allocatorIcEEEER8ArgumentEEENS5_ISA_EEE6secondEv)
                  000055b4    00000004     --HOLE-- [fill = 0]
                  000055b8    0000000c     ArgumentArray.obj (.text:_ZNSt3__217__compressed_pairIPNS_5tupleIJNS_12basic_stringIcNS_11char_traitsIcEENS_9allocatorIcEEEER8ArgumentEEERNS5_ISA_EEE5firstEv)
                  000055c4    00000004     --HOLE-- [fill = 0]
                  000055c8    0000000c     main.obj (.text:_ZNSt3__219__libcpp_deallocateEPv)
                  000055d4    00000004     --HOLE-- [fill = 0]
                  000055d8    0000000c     main.obj (.text:_ZNSt3__222__compressed_pair_elemINS_12basic_stringIcNS_11char_traitsIcEENS_9allocatorIcEEE5__repELi0ELb0EE5__getEv)
                  000055e4    00000004     --HOLE-- [fill = 0]
                  000055e8    0000000c     main.obj (.text:_ZNSt3__222__compressed_pair_elemINS_12basic_stringIcNS_11char_traitsIcEENS_9allocatorIcEEE5__repELi0ELb0EEC2Ev)
                  000055f4    00000004     --HOLE-- [fill = 0]
                  000055f8    0000000c     ArgumentArray.obj (.text:_ZNSt3__222__compressed_pair_elemINS_9allocatorINS_5tupleIJNS_12basic_stringIcNS_11char_traitsIcEENS1_IcEEEER8ArgumentEEEEELi1ELb1EE5__getEv)
                  00005604    00000004     --HOLE-- [fill = 0]
                  00005608    0000000c     ArgumentArray.obj (.text:_ZNSt3__222__compressed_pair_elemINS_9allocatorINS_5tupleIJNS_12basic_stringIcNS_11char_traitsIcEENS1_IcEEEER8ArgumentEEEEELi1ELb1EEC2Ev)
                  00005614    00000004     --HOLE-- [fill = 0]
                  00005618    0000000c     ArgumentArray.obj (.text:_ZNSt3__222__compressed_pair_elemIPNS_5tupleIJNS_12basic_stringIcNS_11char_traitsIcEENS_9allocatorIcEEEER8ArgumentEEELi0ELb0EE5__getEv)
                  00005624    00000004     --HOLE-- [fill = 0]
                  00005628    0000000c     ArgumentArray.obj (.text:_ZNSt3__24moveIRNS_5tupleIJNS_12basic_stringIcNS_11char_traitsIcEENS_9allocatorIcEEEER8ArgumentEEEEEONS_16remove_referenceIT_E4typeEOSD_)
                  00005634    00000004     --HOLE-- [fill = 0]
                  00005638    0000000c     ArgumentArray.obj (.text:_ZNSt3__24moveIRPNS_5tupleIJNS_12basic_stringIcNS_11char_traitsIcEENS_9allocatorIcEEEER8ArgumentEEEEEONS_16remove_referenceIT_E4typeEOSE_)
                  00005644    00000004     --HOLE-- [fill = 0]
                  00005648    0000000c     ArgumentArray.obj (.text:_ZNSt3__27forwardIDnEEOT_RNS_16remove_referenceIS1_E4typeE)
                  00005654    00000004     --HOLE-- [fill = 0]
                  00005658    0000000c     ArgumentArray.obj (.text:_ZNSt3__27forwardINS_5tupleIJNS_12basic_stringIcNS_11char_traitsIcEENS_9allocatorIcEEEER8ArgumentEEEEEOT_RNS_16remove_referenceISB_E4typeE)
                  00005664    00000004     --HOLE-- [fill = 0]
                  00005668    0000000c     ArgumentArray.obj (.text:_ZNSt3__27forwardIR8ArgumentEEOT_RNS_16remove_referenceIS3_E4typeE)
                  00005674    00000004     --HOLE-- [fill = 0]
                  00005678    0000000c     ArgumentArray.obj (.text:_ZNSt3__27forwardIRNS_12basic_stringIcNS_11char_traitsIcEENS_9allocatorIcEEEEEEOT_RNS_16remove_referenceIS8_E4typeE)
                  00005684    00000004     --HOLE-- [fill = 0]
                  00005688    0000000c     ArgumentArray.obj (.text:_ZNSt3__27forwardIRNS_9allocatorINS_5tupleIJNS_12basic_stringIcNS_11char_traitsIcEENS1_IcEEEER8ArgumentEEEEEEEOT_RNS_16remove_referenceISD_E4typeE)
                  00005694    00000004     --HOLE-- [fill = 0]
                  00005698    0000000c     ArgumentArray.obj (.text:_ZNSt3__29allocatorINS_5tupleIJNS_12basic_stringIcNS_11char_traitsIcEENS0_IcEEEER8ArgumentEEEEC1Ev)
                  000056a4    00000004     --HOLE-- [fill = 0]
                  000056a8    0000000c     ArgumentArray.obj (.text:_ZNSt3__29allocatorINS_5tupleIJNS_12basic_stringIcNS_11char_traitsIcEENS0_IcEEEER8ArgumentEEEEC2Ev)
                  000056b4    0000000c     rtsv7M4_T_le_v4SPD16_eabi.lib : new.cpp.obj (.text:_ZSt15get_new_handlerv)
                  000056c0    0000000c                                   : _lock.c.obj (.text:_register_lock)
                  000056cc    0000000c                                   : _lock.c.obj (.text:_register_unlock)
                  000056d8    0000000c                                   : copy_zero_init.c.obj (.text:decompress:ZI:__TI_zero_init)
                  000056e4    00000004     --HOLE-- [fill = 0]
                  000056e8    0000000c     sysbios.aem4f : BIOS.obj (.text:ti_sysbios_family_arm_lm4_Timer_getMaxTicks__E)
                  000056f4    00000004     --HOLE-- [fill = 0]
                  000056f8    0000000c                   : BIOS.obj (.text:ti_sysbios_family_arm_m3_TaskSupport_checkStack__E)
                  00005704    00000004     --HOLE-- [fill = 0]
                  00005708    0000000c                   : BIOS.obj (.text:ti_sysbios_gates_GateHwi_enter__E)
                  00005714    00000004     --HOLE-- [fill = 0]
                  00005718    0000000c     empty_pem4f.oem4f (.text:ti_sysbios_knl_Queue_Object__get__S)
                  00005724    0000000c     ti.targets.arm.rtsarm.aem4f : Error.oem4f (.text:xdc_runtime_Error_init__E)
                  00005730    0000000c                                 : Gate.oem4f (.text:xdc_runtime_Gate_enterSystem__E)
                  0000573c    0000000c                                 : Memory.oem4f (.text:xdc_runtime_Memory_calloc__E)
                  00005748    0000000c                                 : Memory.oem4f (.text:xdc_runtime_Memory_getMaxDefaultTypeAlign__E)
                  00005754    00000004     --HOLE-- [fill = 0]
                  00005758    0000000a     main.obj (.text:_ZNSt3__220__throw_length_errorEPKc)
                  00005762    00000006     --HOLE-- [fill = 0]
                  00005768    0000000a     ArgumentArray.obj (.text:_ZNSt3__26vectorINS_5tupleIJNS_12basic_stringIcNS_11char_traitsIcEENS_9allocatorIcEEEER8ArgumentEEENS5_ISA_EEE24__RAII_IncreaseAnnotator6__doneEv)
                  00005772    00000006     --HOLE-- [fill = 0]
                  00005778    0000000a     ArgumentArray.obj (.text:_ZNSt3__26vectorINS_5tupleIJNS_12basic_stringIcNS_11char_traitsIcEENS_9allocatorIcEEEER8ArgumentEEENS5_ISA_EEE26__invalidate_all_iteratorsEv)
                  00005782    00000006     --HOLE-- [fill = 0]
                  00005788    0000000a     empty_pem4f.oem4f (.text:xdc_runtime_IHeap_alloc)
                  00005792    00000006     --HOLE-- [fill = 0]
                  00005798    0000000a     empty_pem4f.oem4f (.text:xdc_runtime_IHeap_free)
                  000057a2    00000008     rtsv7M4_T_le_v4SPD16_eabi.lib : new.cpp.obj (.text:_ZdlPv)
                  000057aa    00000008     sysbios.aem4f : BIOS.obj (.text:ti_sysbios_family_arm_lm4_Timer_masterDisable__I)
                  000057b2    00000006     --HOLE-- [fill = 0]
                  000057b8    00000008                   : BIOS.obj (.text:ti_sysbios_family_arm_m3_Hwi_doSwiRestore__I)
                  000057c0    00000008                   : BIOS.obj (.text:ti_sysbios_family_arm_m3_Hwi_startup__E)
                  000057c8    00000006                   : BIOS.obj (.text:ti_sysbios_family_arm_m3_Hwi_doTaskRestore__I)
                  000057ce    00000002     --HOLE-- [fill = 0]
                  000057d0    00000006                   : BIOS.obj (.text:ti_sysbios_gates_GateHwi_leave__E)
                  000057d6    00000002     --HOLE-- [fill = 0]
                  000057d8    00000006                   : BIOS.obj (.text:ti_sysbios_heaps_HeapMem_isBlocking__E)
                  000057de    00000002     --HOLE-- [fill = 0]
                  000057e0    00000006                   : BIOS.obj (.text:ti_sysbios_knl_Queue_Instance_init__E)
                  000057e6    00000002     --HOLE-- [fill = 0]
                  000057e8    00000006                   : BIOS.obj (.text:ti_sysbios_knl_Swi_startup__E)
                  000057ee    00000002     --HOLE-- [fill = 0]
                  000057f0    00000004     empty_pem4f.oem4f (.text:ti_sysbios_BIOS_RtsGateProxy_enter__E)
                  000057f4    00000004     --HOLE-- [fill = 0]
                  000057f8    00000004     empty_pem4f.oem4f (.text:ti_sysbios_BIOS_RtsGateProxy_leave__E)
                  000057fc    00000004     --HOLE-- [fill = 0]
                  00005800    00000004     empty_pem4f.oem4f (.text:ti_sysbios_family_arm_m3_TaskSupport_Module__startupDone__S)
                  00005804    00000004     --HOLE-- [fill = 0]
                  00005808    00000004     sysbios.aem4f : BIOS.obj (.text:ti_sysbios_gates_GateHwi_query__E)
                  0000580c    00000004     --HOLE-- [fill = 0]
                  00005810    00000004                   : BIOS.obj (.text:ti_sysbios_gates_GateMutex_query__E)
                  00005814    00000004     --HOLE-- [fill = 0]
                  00005818    00000004     empty_pem4f.oem4f (.text:ti_sysbios_heaps_HeapMem_Module_GateProxy_enter__E)
                  0000581c    00000004     --HOLE-- [fill = 0]
                  00005820    00000004     empty_pem4f.oem4f (.text:ti_sysbios_heaps_HeapMem_Module_GateProxy_leave__E)
                  00005824    00000004     --HOLE-- [fill = 0]
                  00005828    00000004     empty_pem4f.oem4f (.text:ti_sysbios_knl_Clock_TimerProxy_getMaxTicks__E)
                  0000582c    00000004     --HOLE-- [fill = 0]
                  00005830    00000004     empty_pem4f.oem4f (.text:ti_sysbios_knl_Queue_destruct)
                  00005834    00000004     --HOLE-- [fill = 0]
                  00005838    00000004     empty_pem4f.oem4f (.text:ti_sysbios_knl_Semaphore_destruct)
                  0000583c    00000004     --HOLE-- [fill = 0]
                  00005840    00000004     sysbios.aem4f : BIOS.obj (.text:ti_sysbios_knl_Task_startup__E)
                  00005844    00000004     --HOLE-- [fill = 0]
                  00005848    00000004     empty_pem4f.oem4f (.text:xdc_runtime_System_Module_GateProxy_enter__E)
                  0000584c    00000004     --HOLE-- [fill = 0]
                  00005850    00000004     empty_pem4f.oem4f (.text:xdc_runtime_System_Module_GateProxy_leave__E)
                  00005854    00000004     --HOLE-- [fill = 0]
                  00005858    00000002     empty_pem4f.oem4f (.text:ti_sysbios_BIOS_nullFunc__I)
                  0000585a    00000006     --HOLE-- [fill = 0]
                  00005860    00000002     sysbios.aem4f : BIOS.obj (.text:ti_sysbios_gates_GateHwi_Instance_init__E)
                  00005862    00000006     --HOLE-- [fill = 0]
                  00005868    00000002                   : BIOS.obj (.text:ti_sysbios_knl_Clock_logTick__E)
                  0000586a    00000006     --HOLE-- [fill = 0]
                  00005870    00000002     empty_pem4f.oem4f (.text:xdc_runtime_Startup_reset__I)

.const     0    00005874    00001e40     
                  00005874    00001861     empty_pem4f.oem4f (.const:xdc_runtime_Text_charTab__A)
                  000070d5    00000001     empty_pem4f.oem4f (.const:xdc_runtime_Error_policy__C)
                  000070d6    000000bc     empty_pem4f.oem4f (.const:xdc_runtime_Text_nodeTab__A)
                  00007192    00000002     empty_pem4f.oem4f (.const:ti_catalog_arm_cortexm4_tiva_ce_Boot_Module__id__C)
                  00007194    00000048     empty_pem4f.oem4f (.const:.string)
                  000071dc    00000044     ArgumentArray.obj (.const:.string:_ZZNSt3__29allocatorINS_5tupleIJNS_12basic_stringIcNS_11char_traitsIcEENS0_IcEEEER8ArgumentEEEE8allocateEjPKvEs)
                  00007220    00000030     rtsv7M4_T_le_v4SPD16_eabi.lib : string.cpp.obj (.const:$O1$$)
                  00007250    00000028     empty_pem4f.oem4f (.const:ti_sysbios_heaps_HeapMem_Module__FXNS__C)
                  00007278    00000025     rtsv7M4_T_le_v4SPD16_eabi.lib : typeinfo.c.obj (.const:.typeinfo:_ZTSN10__cxxabiv120__si_class_type_infoE)
                  0000729d    00000001     --HOLE-- [fill = 0]
                  0000729e    00000002     empty_pem4f.oem4f (.const:ti_sysbios_family_arm_m3_Hwi_Module__id__C)
                  000072a0    00000024     empty_pem4f.oem4f (.const:ti_sysbios_gates_GateHwi_Module__FXNS__C)
                  000072c4    00000024     empty_pem4f.oem4f (.const:ti_sysbios_gates_GateMutex_Module__FXNS__C)
                  000072e8    00000024     empty_pem4f.oem4f (.const:ti_sysbios_heaps_HeapMem_Object__PARAMS__C)
                  0000730c    00000024     empty_pem4f.oem4f (.const:ti_sysbios_knl_Semaphore_Object__PARAMS__C)
                  00007330    00000022     rtsv7M4_T_le_v4SPD16_eabi.lib : typeinfo.c.obj (.const:.typeinfo:_ZTSN10__cxxabiv117__class_type_infoE)
                  00007352    00000002     empty_pem4f.oem4f (.const:ti_sysbios_gates_GateMutex_Module__id__C)
                  00007354    00000020     empty_pem4f.oem4f (.const:ti_sysbios_gates_GateHwi_Object__DESC__C)
                  00007374    00000020     empty_pem4f.oem4f (.const:ti_sysbios_gates_GateMutex_Object__DESC__C)
                  00007394    00000020     empty_pem4f.oem4f (.const:ti_sysbios_heaps_HeapMem_Object__DESC__C)
                  000073b4    00000020     empty_pem4f.oem4f (.const:ti_sysbios_knl_Queue_Object__DESC__C)
                  000073d4    00000020     empty_pem4f.oem4f (.const:ti_sysbios_knl_Semaphore_Object__DESC__C)
                  000073f4    00000020     empty_pem4f.oem4f (.const:xdc_runtime_Startup_sfxnTab__A)
                  00007414    00000018     empty_pem4f.oem4f (.const:ti_sysbios_gates_GateHwi_Object__PARAMS__C)
                  0000742c    00000018     empty_pem4f.oem4f (.const:ti_sysbios_gates_GateMutex_Object__PARAMS__C)
                  00007444    00000018     empty_pem4f.oem4f (.const:ti_sysbios_knl_Queue_Object__PARAMS__C)
                  0000745c    00000014     empty_pem4f.oem4f (.const:xdc_runtime_Startup_firstFxns__A)
                  00007470    00000010     ArgumentArray.obj (.const:.typeinfo:_ZTS13ArgumentArray)
                  00007480    00000010     ArgumentArray.obj (.const:_ZTV13ArgumentArray)
                  00007490    00000010     rtsv7M4_T_le_v4SPD16_eabi.lib : typeinfo.c.obj (.const:_ZTVN10__cxxabiv117__class_type_infoE)
                  000074a0    00000010                                   : typeinfo.c.obj (.const:_ZTVN10__cxxabiv120__si_class_type_infoE)
                  000074b0    00000010     empty_pem4f.oem4f (.const:xdc_runtime_Startup_sfxnRts__A)
                  000074c0    0000000d     rtsv7M4_T_le_v4SPD16_eabi.lib : string.cpp.obj (.const:.string:_ZZNKSt3__221__basic_string_commonILb1EE20__throw_length_errorEvEs)
                  000074cd    0000000d                                   : stdlib_typeinfo.cpp.obj (.const:.typeinfo:_ZTSSt9type_info)
                  000074da    00000002     empty_pem4f.oem4f (.const:ti_sysbios_hal_Hwi_Module__id__C)
                  000074dc    0000000c     rtsv7M4_T_le_v4SPD16_eabi.lib : typeinfo.c.obj (.const:.typeinfo:_ZTIN10__cxxabiv117__class_type_infoE)
                  000074e8    0000000c                                   : typeinfo.c.obj (.const:.typeinfo:_ZTIN10__cxxabiv120__si_class_type_infoE)
                  000074f4    00000008     ArgumentArray.obj (.const:.typeinfo:_ZTI13ArgumentArray)
                  000074fc    00000008     rtsv7M4_T_le_v4SPD16_eabi.lib : stdlib_typeinfo.cpp.obj (.const:.typeinfo:_ZTISt9type_info)
                  00007504    00000008     empty_pem4f.oem4f (.const:ti_sysbios_family_arm_m3_Hwi_excHookFuncs__A)
                  0000750c    00000008     empty_pem4f.oem4f (.const:ti_sysbios_knl_Idle_funcList__C)
                  00007514    00000008     empty_pem4f.oem4f (.const:xdc_runtime_Startup_firstFxns__C)
                  0000751c    00000008     empty_pem4f.oem4f (.const:xdc_runtime_Startup_lastFxns__C)
                  00007524    00000007     rtsv7M4_T_le_v4SPD16_eabi.lib : vector.cpp.obj (.const:.string:_ZZNKSt3__220__vector_base_commonILb1EE20__throw_length_errorEvEs)
                  0000752b    00000001     --HOLE-- [fill = 0]
                  0000752c    00000004     empty_pem4f.oem4f (.const:ti_catalog_arm_cortexm4_tiva_ce_Boot_A_mustUseEnhancedClockMode__C)
                  00007530    00000004     empty_pem4f.oem4f (.const:ti_catalog_arm_cortexm4_tiva_ce_Boot_Module__diagsEnabled__C)
                  00007534    00000004     empty_pem4f.oem4f (.const:ti_catalog_arm_cortexm4_tiva_ce_Boot_Module__diagsIncluded__C)
                  00007538    00000004     empty_pem4f.oem4f (.const:ti_catalog_arm_cortexm4_tiva_ce_Boot_Module__diagsMask__C)
                  0000753c    00000004     empty_pem4f.oem4f (.const:ti_sysbios_family_arm_lm4_Timer_enableFunc__C)
                  00007540    00000004     empty_pem4f.oem4f (.const:ti_sysbios_family_arm_lm4_Timer_numTimerDevices__C)
                  00007544    00000004     empty_pem4f.oem4f (.const:ti_sysbios_family_arm_lm4_Timer_startupNeeded__C)
                  00007548    00000004     empty_pem4f.oem4f (.const:ti_sysbios_family_arm_m3_Hwi_E_NMI__C)
                  0000754c    00000004     empty_pem4f.oem4f (.const:ti_sysbios_family_arm_m3_Hwi_E_busFault__C)
                  00007550    00000004     empty_pem4f.oem4f (.const:ti_sysbios_family_arm_m3_Hwi_E_debugMon__C)
                  00007554    00000004     empty_pem4f.oem4f (.const:ti_sysbios_family_arm_m3_Hwi_E_hardFault__C)
                  00007558    00000004     empty_pem4f.oem4f (.const:ti_sysbios_family_arm_m3_Hwi_E_memFault__C)
                  0000755c    00000004     empty_pem4f.oem4f (.const:ti_sysbios_family_arm_m3_Hwi_E_noIsr__C)
                  00007560    00000004     empty_pem4f.oem4f (.const:ti_sysbios_family_arm_m3_Hwi_E_reserved__C)
                  00007564    00000004     empty_pem4f.oem4f (.const:ti_sysbios_family_arm_m3_Hwi_E_svCall__C)
                  00007568    00000004     empty_pem4f.oem4f (.const:ti_sysbios_family_arm_m3_Hwi_E_usageFault__C)
                  0000756c    00000004     empty_pem4f.oem4f (.const:ti_sysbios_family_arm_m3_Hwi_NUM_INTERRUPTS__C)
                  00007570    00000004     empty_pem4f.oem4f (.const:ti_sysbios_family_arm_m3_Hwi_Object__count__C)
                  00007574    00000004     empty_pem4f.oem4f (.const:ti_sysbios_family_arm_m3_Hwi_ccr__C)
                  00007578    00000004     empty_pem4f.oem4f (.const:ti_sysbios_family_arm_m3_Hwi_excHandlerFunc__C)
                  0000757c    00000004     empty_pem4f.oem4f (.const:ti_sysbios_family_arm_m3_Hwi_excHookFuncs__C)
                  00007580    00000004     empty_pem4f.oem4f (.const:ti_sysbios_family_arm_m3_Hwi_nullIsrFunc__C)
                  00007584    00000004     empty_pem4f.oem4f (.const:ti_sysbios_family_arm_m3_Hwi_priGroup__C)
                  00007588    00000004     empty_pem4f.oem4f (.const:ti_sysbios_gates_GateMutex_A_badContext__C)
                  0000758c    00000004     empty_pem4f.oem4f (.const:ti_sysbios_gates_GateMutex_Instance_State_sem__O)
                  00007590    00000004     empty_pem4f.oem4f (.const:ti_sysbios_gates_GateMutex_Module__diagsEnabled__C)
                  00007594    00000004     empty_pem4f.oem4f (.const:ti_sysbios_gates_GateMutex_Module__diagsIncluded__C)
                  00007598    00000004     empty_pem4f.oem4f (.const:ti_sysbios_gates_GateMutex_Module__diagsMask__C)
                  0000759c    00000004     empty_pem4f.oem4f (.const:ti_sysbios_hal_Hwi_E_stackOverflow__C)
                  000075a0    00000004     empty_pem4f.oem4f (.const:ti_sysbios_heaps_HeapMem_A_align__C)
                  000075a4    00000004     empty_pem4f.oem4f (.const:ti_sysbios_heaps_HeapMem_A_heapSize__C)
                  000075a8    00000004     empty_pem4f.oem4f (.const:ti_sysbios_heaps_HeapMem_A_invalidFree__C)
                  000075ac    00000004     empty_pem4f.oem4f (.const:ti_sysbios_heaps_HeapMem_A_zeroBlock__C)
                  000075b0    00000004     empty_pem4f.oem4f (.const:ti_sysbios_heaps_HeapMem_E_memory__C)
                  000075b4    00000004     empty_pem4f.oem4f (.const:ti_sysbios_heaps_HeapMem_Module__diagsEnabled__C)
                  000075b8    00000004     empty_pem4f.oem4f (.const:ti_sysbios_heaps_HeapMem_Module__diagsIncluded__C)
                  000075bc    00000004     empty_pem4f.oem4f (.const:ti_sysbios_heaps_HeapMem_Module__diagsMask__C)
                  000075c0    00000004     empty_pem4f.oem4f (.const:ti_sysbios_heaps_HeapMem_Module__gateObj__C)
                  000075c4    00000004     empty_pem4f.oem4f (.const:ti_sysbios_heaps_HeapMem_Object__count__C)
                  000075c8    00000004     empty_pem4f.oem4f (.const:ti_sysbios_heaps_HeapMem_reqAlign__C)
                  000075cc    00000004     empty_pem4f.oem4f (.const:ti_sysbios_knl_Clock_Module_State_clockQ__O)
                  000075d0    00000004     empty_pem4f.oem4f (.const:ti_sysbios_knl_Idle_funcList__A)
                  000075d4    00000004     empty_pem4f.oem4f (.const:ti_sysbios_knl_Semaphore_A_badContext__C)
                  000075d8    00000004     empty_pem4f.oem4f (.const:ti_sysbios_knl_Semaphore_A_noEvents__C)
                  000075dc    00000004     empty_pem4f.oem4f (.const:ti_sysbios_knl_Semaphore_A_overflow__C)
                  000075e0    00000004     empty_pem4f.oem4f (.const:ti_sysbios_knl_Semaphore_A_pendTaskDisabled__C)
                  000075e4    00000004     empty_pem4f.oem4f (.const:ti_sysbios_knl_Semaphore_Instance_State_pendQ__O)
                  000075e8    00000004     empty_pem4f.oem4f (.const:ti_sysbios_knl_Semaphore_Module__diagsEnabled__C)
                  000075ec    00000004     empty_pem4f.oem4f (.const:ti_sysbios_knl_Semaphore_Module__diagsIncluded__C)
                  000075f0    00000004     empty_pem4f.oem4f (.const:ti_sysbios_knl_Semaphore_Module__diagsMask__C)
                  000075f4    00000004     empty_pem4f.oem4f (.const:ti_sysbios_knl_Swi_Object__count__C)
                  000075f8    00000004     empty_pem4f.oem4f (.const:ti_sysbios_knl_Task_E_spOutOfBounds__C)
                  000075fc    00000004     empty_pem4f.oem4f (.const:ti_sysbios_knl_Task_E_stackOverflow__C)
                  00007600    00000004     empty_pem4f.oem4f (.const:ti_sysbios_knl_Task_Module_State_inactiveQ__O)
                  00007604    00000004     empty_pem4f.oem4f (.const:ti_sysbios_knl_Task_Object__count__C)
                  00007608    00000004     empty_pem4f.oem4f (.const:ti_sysbios_knl_Task_allBlockedFunc__C)
                  0000760c    00000004     empty_pem4f.oem4f (.const:ti_sysbios_knl_Task_numConstructedTasks__C)
                  00007610    00000004     empty_pem4f.oem4f (.const:xdc_runtime_Assert_E_assertFailed__C)
                  00007614    00000004     empty_pem4f.oem4f (.const:xdc_runtime_Core_A_initializedParams__C)
                  00007618    00000004     empty_pem4f.oem4f (.const:xdc_runtime_Core_Module__diagsEnabled__C)
                  0000761c    00000004     empty_pem4f.oem4f (.const:xdc_runtime_Core_Module__diagsIncluded__C)
                  00007620    00000004     empty_pem4f.oem4f (.const:xdc_runtime_Core_Module__diagsMask__C)
                  00007624    00000004     empty_pem4f.oem4f (.const:xdc_runtime_Error_E_memory__C)
                  00007628    00000004     empty_pem4f.oem4f (.const:xdc_runtime_Error_Module__diagsEnabled__C)
                  0000762c    00000004     empty_pem4f.oem4f (.const:xdc_runtime_Error_Module__diagsIncluded__C)
                  00007630    00000004     empty_pem4f.oem4f (.const:xdc_runtime_Error_Module__diagsMask__C)
                  00007634    00000004     empty_pem4f.oem4f (.const:xdc_runtime_Error_Module__loggerFxn8__C)
                  00007638    00000004     empty_pem4f.oem4f (.const:xdc_runtime_Error_Module__loggerObj__C)
                  0000763c    00000004     empty_pem4f.oem4f (.const:xdc_runtime_Error_policyFxn__C)
                  00007640    00000004     empty_pem4f.oem4f (.const:xdc_runtime_Error_raiseHook__C)
                  00007644    00000004     empty_pem4f.oem4f (.const:xdc_runtime_IGateProvider_Interface__BASE__C)
                  00007648    00000004     empty_pem4f.oem4f (.const:xdc_runtime_IHeap_Interface__BASE__C)
                  0000764c    00000004     empty_pem4f.oem4f (.const:xdc_runtime_IModule_Interface__BASE__C)
                  00007650    00000004     empty_pem4f.oem4f (.const:xdc_runtime_Log_L_error__C)
                  00007654    00000004     empty_pem4f.oem4f (.const:xdc_runtime_Memory_defaultHeapInstance__C)
                  00007658    00000004     empty_pem4f.oem4f (.const:xdc_runtime_Startup_execImpl__C)
                  0000765c    00000004     empty_pem4f.oem4f (.const:xdc_runtime_Startup_maxPasses__C)
                  00007660    00000004     empty_pem4f.oem4f (.const:xdc_runtime_Startup_sfxnRts__C)
                  00007664    00000004     empty_pem4f.oem4f (.const:xdc_runtime_Startup_sfxnTab__C)
                  00007668    00000004     empty_pem4f.oem4f (.const:xdc_runtime_SysMin_bufSize__C)
                  0000766c    00000004     empty_pem4f.oem4f (.const:xdc_runtime_SysMin_outputFunc__C)
                  00007670    00000004     empty_pem4f.oem4f (.const:xdc_runtime_System_Module__gateObj__C)
                  00007674    00000004     empty_pem4f.oem4f (.const:xdc_runtime_System_abortFxn__C)
                  00007678    00000004     empty_pem4f.oem4f (.const:xdc_runtime_System_exitFxn__C)
                  0000767c    00000004     empty_pem4f.oem4f (.const:xdc_runtime_System_extendFxn__C)
                  00007680    00000004     empty_pem4f.oem4f (.const:xdc_runtime_System_maxAtexitHandlers__C)
                  00007684    00000004     empty_pem4f.oem4f (.const:xdc_runtime_Text_charTab__C)
                  00007688    00000004     empty_pem4f.oem4f (.const:xdc_runtime_Text_nameEmpty__C)
[...]
00007694  xdc_runtime_Text_nodeTab__C                                                                                                                                                                                                                                 
00007698  xdc_runtime_Text_visitRopeFxn__C                                                                                                                                                                                                                            
0000769c  ti_sysbios_heaps_HeapMem_Module__id__C                                                                                                                                                                                                                      
0000769e  ti_sysbios_knl_Semaphore_Module__id__C                                                                                                                                                                                                                      
000076a0  ti_sysbios_knl_Task_Module__id__C                                                                                                                                                                                                                           
000076a2  xdc_runtime_Core_Module__id__C                                                                                                                                                                                                                              
000076a4  xdc_runtime_Error_Module__loggerDefined__C                                                                                                                                                                                                                  
000076a6  xdc_runtime_Error_maxDepth__C                                                                                                                                                                                                                               
000076a8  xdc_runtime_Memory_Module__id__C                                                                                                                                                                                                                            
000076aa  xdc_runtime_SysMin_flushAtExit__C                                                                                                                                                                                                                           
000076ac  xdc_runtime_Text_charCnt__C                                                                                                                                                                                                                                 
000076ae  xdc_runtime_Text_isLoaded__C                                                                                                                                                                                                                                
000076b0  xdc_runtime_Text_registryModsLastId__C                                                                                                                                                                                                                      
000076b2  xdc_runtime_Text_unnamedModsLastId__C                                                                                                                                                                                                                       
000076b8  __TI_static_base__                                                                                                                                                                                                                                          
00007868  __TI_Handler_Table_Base                                                                                                                                                                                                                                     
00007874  __TI_Handler_Table_Limit                                                                                                                                                                                                                                    
00007888  __TI_CINIT_Base                                                                                                                                                                                                                                             
000078a0  __TI_CINIT_Limit                                                                                                                                                                                                                                            
20000000  __start___llvm_prf_cnts                                                                                                                                                                                                                                     
20000000  __stop___llvm_prf_cnts                                                                                                                                                                                                                                      
20000000  ti_sysbios_family_arm_m3_Hwi_ramVectors                                                                                                                                                                                                                     
20000360  ti_sysbios_heaps_HeapMem_Instance_State_0_buf__A                                                                                                                                                                                                            
20000760  ti_sysbios_family_arm_m3_Hwi_dispatchTable                                                                                                                                                                                                                  
20000ac0  ti_sysbios_knl_Task_Instance_State_0_stack__A                                                                                                                                                                                                               
20000cc0  __CIOBUF_                                                                                                                                                                                                                                                   
20000de0  xdc_runtime_SysMin_Module_State_0_outbuf__A                                                                                                                                                                                                                 
20000e60  parmbuf                                                                                                                                                                                                                                                     
20000e6c  ti_sysbios_knl_Swi_Module_State_0_readyQ__A                                                                                                                                                                                                                 
20000eec  ti_sysbios_knl_Task_Module_State_0_readyQ__A                                                                                                                                                                                                                
20000f6c  ti_sysbios_knl_Task_Object__table__V                                                                                                                                                                                                                        
20000fb8  ti_sysbios_knl_Task_Module__state__V                                                                                                                                                                                                                        
20000ffc  ti_sysbios_family_arm_lm4_Timer_Object__table__V                                                                                                                                                                                                            
2000103c  ti_sysbios_gates_GateMutex_Object__table__V                                                                                                                                                                                                                 
20001074  ti_sysbios_family_arm_m3_Hwi_Module__state__V                                                                                                                                                                                                               
200010a8  ti_sysbios_family_arm_lm4_Timer_Module_State_0_device__A                                                                                                                                                                                                    
200010d8  ti_sysbios_knl_Swi_Object__table__V                                                                                                                                                                                                                         
20001108  ti_sysbios_knl_Clock_Module__state__V                                                                                                                                                                                                                       
20001134  ti_sysbios_BIOS_Module__state__V                                                                                                                                                                                                                            
20001158  ti_sysbios_knl_Swi_Module__state__V                                                                                                                                                                                                                         
20001174  ti_sysbios_family_arm_lm4_Timer_Module_State_0_handles__A                                                                                                                                                                                                   
2000118c  ti_sysbios_family_arm_m3_Hwi_Object__table__V                                                                                                                                                                                                               
200011a4  ti_sysbios_heaps_HeapMem_Object__table__V                                                                                                                                                                                                                   
200011bc  ti_sysbios_family_arm_lm4_Timer_Module__state__V                                                                                                                                                                                                            
200011c8  xdc_runtime_SysMin_Module__state__V                                                                                                                                                                                                                         
200011d4  _lock                                                                                                                                                                                                                                                       
200011d8  _unlock                                                                                                                                                                                                                                                     
200011dc  ti_sysbios_gates_GateHwi_Module__root__V                                                                                                                                                                                                                    
200011e4  ti_sysbios_gates_GateMutex_Module__root__V                                                                                                                                                                                                                  
200011ec  ti_sysbios_heaps_HeapMem_Module__root__V                                                                                                                                                                                                                    
200011f4  ti_sysbios_knl_Queue_Module__root__V                                                                                                                                                                                                                        
200011fc  ti_sysbios_knl_Semaphore_Module__root__V                                                                                                                                                                                                                    
20001204  xdc_runtime_Registry_Module__state__V                                                                                                                                                                                                                       
2000120c  xdc_runtime_Startup_Module__state__V                                                                                                                                                                                                                        
20001214  xdc_runtime_System_Module_State_0_atexitHandlers__A                                                                                                                                                                                                         
2000121c  xdc_runtime_System_Module__state__V                                                                                                                                                                                                                         
20001224  main_func_sp                                                                                                                                                                                                                                                
20001228  ti_sysbios_family_arm_m3_Hwi_Module_State_0_excContext__A                                                                                                                                                                                                   
2000122c  ti_sysbios_family_arm_m3_Hwi_Module_State_0_excStack__A                                                                                                                                                                                                     
20001230  ti_sysbios_gates_GateHwi_Object__table__V                                                                                                                                                                                                                   
20001234  ti_sysbios_knl_Task_Module_State_0_idleTask__A                                                                                                                                                                                                              
20001238  xdc_runtime_Memory_Module__state__V                                                                                                                                                                                                                         
2000123c  ti_sysbios_family_arm_m3_Hwi_Module_State_0_excActive__A                                                                                                                                                                                                    
2000123e  xdc_runtime_Error_Module__state__V                                                                                                                                                                                                                          
20001240  __stack                                                                                                                                                                                                                                                     
20001540  __STACK_END                                                                                                                                                                                                                                                 
e000e000  ti_sysbios_family_arm_m3_Hwi_nvic                                                                                                                                                                                                                           
ffffffff  __TI_pprof_out_hndl                                                                                                                                                                                                                                         
ffffffff  __TI_prof_data_size                                                                                                                                                                                                                                         
ffffffff  __TI_prof_data_start                                                                                                                                                                                                                                        
ffffffff  __binit__                                                                                                                                                                                                                                                   
ffffffff  __c_args__                                                                                                                                                                                                                                                  
ffffffff  binit                                                                                                                                                                                                                                                       
UNDEFED   SHT$$INIT_ARRAY$$Base                                                                                                                                                                                                                                       
UNDEFED   SHT$$INIT_ARRAY$$Limit                                                                                                                                                                                                                                      

[653 symbols]
